Command line invocation:
    /Applications/Xcode.app/Contents/Developer/usr/bin/xcodebuild -scheme PayslipMax -destination "generic/platform=iOS Simulator" build

ComputePackagePrebuildTargetDependencyGraph

Prepare packages

CreateBuildRequest

SendProjectDescription

CreateBuildOperation

ComputeTargetDependencyGraph
note: Building targets in dependency order
note: Target dependency graph (1 target)
    Target 'PayslipMax' in project 'PayslipMax' (no dependencies)

GatherProvisioningInputs

CreateBuildDescription

ExecuteExternalTool /Applications/Xcode.app/Contents/Developer/Toolchains/XcodeDefault.xctoolchain/usr/bin/clang -v -E -dM -isysroot /Applications/Xcode.app/Contents/Developer/Platforms/iPhoneSimulator.platform/Developer/SDKs/iPhoneSimulator26.1.sdk -x c -c /dev/null

ExecuteExternalTool /Applications/Xcode.app/Contents/Developer/usr/bin/actool --print-asset-tag-combinations --output-format xml1 /Users/sunil/Downloads/PayslipMax/PayslipMax/Preview Content/Preview Assets.xcassets /Users/sunil/Downloads/PayslipMax/PayslipMax/Assets.xcassets

ExecuteExternalTool /Applications/Xcode.app/Contents/Developer/usr/bin/actool --version --output-format xml1

ExecuteExternalTool /Applications/Xcode.app/Contents/Developer/Toolchains/XcodeDefault.xctoolchain/usr/bin/swiftc --version

ExecuteExternalTool /Applications/Xcode.app/Contents/Developer/Toolchains/XcodeDefault.xctoolchain/usr/bin/ld -version_details

ReadFileContents /Applications/Xcode.app/Contents/Developer/Toolchains/XcodeDefault.xctoolchain/usr/share/docc/features.json

Build description signature: ae71e41e6ca194d9a0e4a407d1985ea0
Build description path: /Users/sunil/Library/Developer/Xcode/DerivedData/PayslipMax-hjysiekmgzmtrogwzfdzyahpkkxl/Build/Intermediates.noindex/XCBuildData/ae71e41e6ca194d9a0e4a407d1985ea0.xcbuilddata
ClangStatCache /Applications/Xcode.app/Contents/Developer/Toolchains/XcodeDefault.xctoolchain/usr/bin/clang-stat-cache /Applications/Xcode.app/Contents/Developer/Platforms/iPhoneSimulator.platform/Developer/SDKs/iPhoneSimulator26.1.sdk /Users/sunil/Library/Developer/Xcode/DerivedData/SDKStatCaches.noindex/iphonesimulator26.1-23B77-90cf18a4295e390e64c810bc6bd7acbc.sdkstatcache
    cd /Users/sunil/Downloads/PayslipMax/PayslipMax.xcodeproj
    /Applications/Xcode.app/Contents/Developer/Toolchains/XcodeDefault.xctoolchain/usr/bin/clang-stat-cache /Applications/Xcode.app/Contents/Developer/Platforms/iPhoneSimulator.platform/Developer/SDKs/iPhoneSimulator26.1.sdk -o /Users/sunil/Library/Developer/Xcode/DerivedData/SDKStatCaches.noindex/iphonesimulator26.1-23B77-90cf18a4295e390e64c810bc6bd7acbc.sdkstatcache

WriteAuxiliaryFile /Users/sunil/Library/Developer/Xcode/DerivedData/PayslipMax-hjysiekmgzmtrogwzfdzyahpkkxl/Build/Intermediates.noindex/PayslipMax.build/Debug-iphonesimulator/PayslipMax.build/Objects-normal/x86_64/PayslipMax.SwiftFileList (in target 'PayslipMax' from project 'PayslipMax')
    cd /Users/sunil/Downloads/PayslipMax
    write-file /Users/sunil/Library/Developer/Xcode/DerivedData/PayslipMax-hjysiekmgzmtrogwzfdzyahpkkxl/Build/Intermediates.noindex/PayslipMax.build/Debug-iphonesimulator/PayslipMax.build/Objects-normal/x86_64/PayslipMax.SwiftFileList

WriteAuxiliaryFile /Users/sunil/Library/Developer/Xcode/DerivedData/PayslipMax-hjysiekmgzmtrogwzfdzyahpkkxl/Build/Intermediates.noindex/PayslipMax.build/Debug-iphonesimulator/PayslipMax.build/Objects-normal/x86_64/PayslipMax.LinkFileList (in target 'PayslipMax' from project 'PayslipMax')
    cd /Users/sunil/Downloads/PayslipMax
    write-file /Users/sunil/Library/Developer/Xcode/DerivedData/PayslipMax-hjysiekmgzmtrogwzfdzyahpkkxl/Build/Intermediates.noindex/PayslipMax.build/Debug-iphonesimulator/PayslipMax.build/Objects-normal/x86_64/PayslipMax.LinkFileList

WriteAuxiliaryFile /Users/sunil/Library/Developer/Xcode/DerivedData/PayslipMax-hjysiekmgzmtrogwzfdzyahpkkxl/Build/Intermediates.noindex/PayslipMax.build/Debug-iphonesimulator/PayslipMax.build/Objects-normal/x86_64/PayslipMax-OutputFileMap.json (in target 'PayslipMax' from project 'PayslipMax')
    cd /Users/sunil/Downloads/PayslipMax
    write-file /Users/sunil/Library/Developer/Xcode/DerivedData/PayslipMax-hjysiekmgzmtrogwzfdzyahpkkxl/Build/Intermediates.noindex/PayslipMax.build/Debug-iphonesimulator/PayslipMax.build/Objects-normal/x86_64/PayslipMax-OutputFileMap.json

WriteAuxiliaryFile /Users/sunil/Library/Developer/Xcode/DerivedData/PayslipMax-hjysiekmgzmtrogwzfdzyahpkkxl/Build/Intermediates.noindex/PayslipMax.build/Debug-iphonesimulator/PayslipMax.build/Objects-normal/arm64/PayslipMax.SwiftFileList (in target 'PayslipMax' from project 'PayslipMax')
    cd /Users/sunil/Downloads/PayslipMax
    write-file /Users/sunil/Library/Developer/Xcode/DerivedData/PayslipMax-hjysiekmgzmtrogwzfdzyahpkkxl/Build/Intermediates.noindex/PayslipMax.build/Debug-iphonesimulator/PayslipMax.build/Objects-normal/arm64/PayslipMax.SwiftFileList

WriteAuxiliaryFile /Users/sunil/Library/Developer/Xcode/DerivedData/PayslipMax-hjysiekmgzmtrogwzfdzyahpkkxl/Build/Intermediates.noindex/PayslipMax.build/Debug-iphonesimulator/PayslipMax.build/Objects-normal/arm64/PayslipMax.SwiftConstValuesFileList (in target 'PayslipMax' from project 'PayslipMax')
    cd /Users/sunil/Downloads/PayslipMax
    write-file /Users/sunil/Library/Developer/Xcode/DerivedData/PayslipMax-hjysiekmgzmtrogwzfdzyahpkkxl/Build/Intermediates.noindex/PayslipMax.build/Debug-iphonesimulator/PayslipMax.build/Objects-normal/arm64/PayslipMax.SwiftConstValuesFileList

WriteAuxiliaryFile /Users/sunil/Library/Developer/Xcode/DerivedData/PayslipMax-hjysiekmgzmtrogwzfdzyahpkkxl/Build/Intermediates.noindex/PayslipMax.build/Debug-iphonesimulator/PayslipMax.build/Objects-normal/x86_64/PayslipMax.SwiftConstValuesFileList (in target 'PayslipMax' from project 'PayslipMax')
    cd /Users/sunil/Downloads/PayslipMax
    write-file /Users/sunil/Library/Developer/Xcode/DerivedData/PayslipMax-hjysiekmgzmtrogwzfdzyahpkkxl/Build/Intermediates.noindex/PayslipMax.build/Debug-iphonesimulator/PayslipMax.build/Objects-normal/x86_64/PayslipMax.SwiftConstValuesFileList

WriteAuxiliaryFile /Users/sunil/Library/Developer/Xcode/DerivedData/PayslipMax-hjysiekmgzmtrogwzfdzyahpkkxl/Build/Intermediates.noindex/PayslipMax.build/Debug-iphonesimulator/PayslipMax.build/Objects-normal/arm64/PayslipMax.LinkFileList (in target 'PayslipMax' from project 'PayslipMax')
    cd /Users/sunil/Downloads/PayslipMax
    write-file /Users/sunil/Library/Developer/Xcode/DerivedData/PayslipMax-hjysiekmgzmtrogwzfdzyahpkkxl/Build/Intermediates.noindex/PayslipMax.build/Debug-iphonesimulator/PayslipMax.build/Objects-normal/arm64/PayslipMax.LinkFileList

WriteAuxiliaryFile /Users/sunil/Library/Developer/Xcode/DerivedData/PayslipMax-hjysiekmgzmtrogwzfdzyahpkkxl/Build/Intermediates.noindex/PayslipMax.build/Debug-iphonesimulator/PayslipMax.build/Objects-normal/arm64/PayslipMax-OutputFileMap.json (in target 'PayslipMax' from project 'PayslipMax')
    cd /Users/sunil/Downloads/PayslipMax
    write-file /Users/sunil/Library/Developer/Xcode/DerivedData/PayslipMax-hjysiekmgzmtrogwzfdzyahpkkxl/Build/Intermediates.noindex/PayslipMax.build/Debug-iphonesimulator/PayslipMax.build/Objects-normal/arm64/PayslipMax-OutputFileMap.json

ProcessInfoPlistFile /Users/sunil/Library/Developer/Xcode/DerivedData/PayslipMax-hjysiekmgzmtrogwzfdzyahpkkxl/Build/Products/Debug-iphonesimulator/PayslipMax.app/Info.plist /Users/sunil/Downloads/PayslipMax/PayslipMax/Info.plist (in target 'PayslipMax' from project 'PayslipMax')
    cd /Users/sunil/Downloads/PayslipMax
    builtin-infoPlistUtility /Users/sunil/Downloads/PayslipMax/PayslipMax/Info.plist -producttype com.apple.product-type.application -genpkginfo /Users/sunil/Library/Developer/Xcode/DerivedData/PayslipMax-hjysiekmgzmtrogwzfdzyahpkkxl/Build/Products/Debug-iphonesimulator/PayslipMax.app/PkgInfo -expandbuildsettings -format binary -platform iphonesimulator -additionalcontentfile /Users/sunil/Library/Developer/Xcode/DerivedData/PayslipMax-hjysiekmgzmtrogwzfdzyahpkkxl/Build/Intermediates.noindex/PayslipMax.build/Debug-iphonesimulator/PayslipMax.build/assetcatalog_generated_info.plist -o /Users/sunil/Library/Developer/Xcode/DerivedData/PayslipMax-hjysiekmgzmtrogwzfdzyahpkkxl/Build/Products/Debug-iphonesimulator/PayslipMax.app/Info.plist

SwiftDriver PayslipMax normal arm64 com.apple.xcode.tools.swift.compiler (in target 'PayslipMax' from project 'PayslipMax')
    cd /Users/sunil/Downloads/PayslipMax
    builtin-SwiftDriver -- /Applications/Xcode.app/Contents/Developer/Toolchains/XcodeDefault.xctoolchain/usr/bin/swiftc -module-name PayslipMax -Onone -enforce-exclusivity\=checked @/Users/sunil/Library/Developer/Xcode/DerivedData/PayslipMax-hjysiekmgzmtrogwzfdzyahpkkxl/Build/Intermediates.noindex/PayslipMax.build/Debug-iphonesimulator/PayslipMax.build/Objects-normal/arm64/PayslipMax.SwiftFileList -DDEBUG -enable-bare-slash-regex -enable-experimental-feature DebugDescriptionMacro -sdk /Applications/Xcode.app/Contents/Developer/Platforms/iPhoneSimulator.platform/Developer/SDKs/iPhoneSimulator26.1.sdk -target arm64-apple-ios18.2-simulator -g -module-cache-path /Users/sunil/Library/Developer/Xcode/DerivedData/ModuleCache.noindex -Xfrontend -serialize-debugging-options -profile-coverage-mapping -profile-generate -enable-testing -index-store-path /Users/sunil/Library/Developer/Xcode/DerivedData/PayslipMax-hjysiekmgzmtrogwzfdzyahpkkxl/Index.noindex/DataStore -Xcc -D_LIBCPP_HARDENING_MODE\=_LIBCPP_HARDENING_MODE_DEBUG -swift-version 5 -I /Users/sunil/Library/Developer/Xcode/DerivedData/PayslipMax-hjysiekmgzmtrogwzfdzyahpkkxl/Build/Products/Debug-iphonesimulator -F /Users/sunil/Library/Developer/Xcode/DerivedData/PayslipMax-hjysiekmgzmtrogwzfdzyahpkkxl/Build/Products/Debug-iphonesimulator -emit-localized-strings -emit-localized-strings-path /Users/sunil/Library/Developer/Xcode/DerivedData/PayslipMax-hjysiekmgzmtrogwzfdzyahpkkxl/Build/Intermediates.noindex/PayslipMax.build/Debug-iphonesimulator/PayslipMax.build/Objects-normal/arm64 -c -j10 -enable-batch-mode -incremental -Xcc -ivfsstatcache -Xcc /Users/sunil/Library/Developer/Xcode/DerivedData/SDKStatCaches.noindex/iphonesimulator26.1-23B77-90cf18a4295e390e64c810bc6bd7acbc.sdkstatcache -output-file-map /Users/sunil/Library/Developer/Xcode/DerivedData/PayslipMax-hjysiekmgzmtrogwzfdzyahpkkxl/Build/Intermediates.noindex/PayslipMax.build/Debug-iphonesimulator/PayslipMax.build/Objects-normal/arm64/PayslipMax-OutputFileMap.json -use-frontend-parseable-output -save-temps -no-color-diagnostics -explicit-module-build -module-cache-path /Users/sunil/Library/Developer/Xcode/DerivedData/PayslipMax-hjysiekmgzmtrogwzfdzyahpkkxl/Build/Intermediates.noindex/SwiftExplicitPrecompiledModules -clang-scanner-module-cache-path /Users/sunil/Library/Developer/Xcode/DerivedData/ModuleCache.noindex -sdk-module-cache-path /Users/sunil/Library/Developer/Xcode/DerivedData/ModuleCache.noindex -serialize-diagnostics -emit-dependencies -emit-module -emit-module-path /Users/sunil/Library/Developer/Xcode/DerivedData/PayslipMax-hjysiekmgzmtrogwzfdzyahpkkxl/Build/Intermediates.noindex/PayslipMax.build/Debug-iphonesimulator/PayslipMax.build/Objects-normal/arm64/PayslipMax.swiftmodule -validate-clang-modules-once -clang-build-session-file /Users/sunil/Library/Developer/Xcode/DerivedData/ModuleCache.noindex/Session.modulevalidation -Xcc -I/Users/sunil/Library/Developer/Xcode/DerivedData/PayslipMax-hjysiekmgzmtrogwzfdzyahpkkxl/Build/Intermediates.noindex/PayslipMax.build/Debug-iphonesimulator/PayslipMax.build/swift-overrides.hmap -emit-const-values -Xfrontend -const-gather-protocols-file -Xfrontend /Users/sunil/Library/Developer/Xcode/DerivedData/PayslipMax-hjysiekmgzmtrogwzfdzyahpkkxl/Build/Intermediates.noindex/PayslipMax.build/Debug-iphonesimulator/PayslipMax.build/Objects-normal/arm64/PayslipMax_const_extract_protocols.json -Xcc -iquote -Xcc /Users/sunil/Library/Developer/Xcode/DerivedData/PayslipMax-hjysiekmgzmtrogwzfdzyahpkkxl/Build/Intermediates.noindex/PayslipMax.build/Debug-iphonesimulator/PayslipMax.build/PayslipMax-generated-files.hmap -Xcc -I/Users/sunil/Library/Developer/Xcode/DerivedData/PayslipMax-hjysiekmgzmtrogwzfdzyahpkkxl/Build/Intermediates.noindex/PayslipMax.build/Debug-iphonesimulator/PayslipMax.build/PayslipMax-own-target-headers.hmap -Xcc -I/Users/sunil/Library/Developer/Xcode/DerivedData/PayslipMax-hjysiekmgzmtrogwzfdzyahpkkxl/Build/Intermediates.noindex/PayslipMax.build/Debug-iphonesimulator/PayslipMax.build/PayslipMax-all-target-headers.hmap -Xcc -iquote -Xcc /Users/sunil/Library/Developer/Xcode/DerivedData/PayslipMax-hjysiekmgzmtrogwzfdzyahpkkxl/Build/Intermediates.noindex/PayslipMax.build/Debug-iphonesimulator/PayslipMax.build/PayslipMax-project-headers.hmap -Xcc -I/Users/sunil/Library/Developer/Xcode/DerivedData/PayslipMax-hjysiekmgzmtrogwzfdzyahpkkxl/Build/Products/Debug-iphonesimulator/include -Xcc -I/Users/sunil/Library/Developer/Xcode/DerivedData/PayslipMax-hjysiekmgzmtrogwzfdzyahpkkxl/Build/Intermediates.noindex/PayslipMax.build/Debug-iphonesimulator/PayslipMax.build/DerivedSources-normal/arm64 -Xcc -I/Users/sunil/Library/Developer/Xcode/DerivedData/PayslipMax-hjysiekmgzmtrogwzfdzyahpkkxl/Build/Intermediates.noindex/PayslipMax.build/Debug-iphonesimulator/PayslipMax.build/DerivedSources/arm64 -Xcc -I/Users/sunil/Library/Developer/Xcode/DerivedData/PayslipMax-hjysiekmgzmtrogwzfdzyahpkkxl/Build/Intermediates.noindex/PayslipMax.build/Debug-iphonesimulator/PayslipMax.build/DerivedSources -Xcc -DDEBUG\=1 -emit-objc-header -emit-objc-header-path /Users/sunil/Library/Developer/Xcode/DerivedData/PayslipMax-hjysiekmgzmtrogwzfdzyahpkkxl/Build/Intermediates.noindex/PayslipMax.build/Debug-iphonesimulator/PayslipMax.build/Objects-normal/arm64/PayslipMax-Swift.h -working-directory /Users/sunil/Downloads/PayslipMax -experimental-emit-module-separately -disable-cmo

SwiftDriver PayslipMax normal x86_64 com.apple.xcode.tools.swift.compiler (in target 'PayslipMax' from project 'PayslipMax')
    cd /Users/sunil/Downloads/PayslipMax
    builtin-SwiftDriver -- /Applications/Xcode.app/Contents/Developer/Toolchains/XcodeDefault.xctoolchain/usr/bin/swiftc -module-name PayslipMax -Onone -enforce-exclusivity\=checked @/Users/sunil/Library/Developer/Xcode/DerivedData/PayslipMax-hjysiekmgzmtrogwzfdzyahpkkxl/Build/Intermediates.noindex/PayslipMax.build/Debug-iphonesimulator/PayslipMax.build/Objects-normal/x86_64/PayslipMax.SwiftFileList -DDEBUG -enable-bare-slash-regex -enable-experimental-feature DebugDescriptionMacro -sdk /Applications/Xcode.app/Contents/Developer/Platforms/iPhoneSimulator.platform/Developer/SDKs/iPhoneSimulator26.1.sdk -target x86_64-apple-ios18.2-simulator -g -module-cache-path /Users/sunil/Library/Developer/Xcode/DerivedData/ModuleCache.noindex -Xfrontend -serialize-debugging-options -profile-coverage-mapping -profile-generate -enable-testing -index-store-path /Users/sunil/Library/Developer/Xcode/DerivedData/PayslipMax-hjysiekmgzmtrogwzfdzyahpkkxl/Index.noindex/DataStore -Xcc -D_LIBCPP_HARDENING_MODE\=_LIBCPP_HARDENING_MODE_DEBUG -swift-version 5 -I /Users/sunil/Library/Developer/Xcode/DerivedData/PayslipMax-hjysiekmgzmtrogwzfdzyahpkkxl/Build/Products/Debug-iphonesimulator -F /Users/sunil/Library/Developer/Xcode/DerivedData/PayslipMax-hjysiekmgzmtrogwzfdzyahpkkxl/Build/Products/Debug-iphonesimulator -emit-localized-strings -emit-localized-strings-path /Users/sunil/Library/Developer/Xcode/DerivedData/PayslipMax-hjysiekmgzmtrogwzfdzyahpkkxl/Build/Intermediates.noindex/PayslipMax.build/Debug-iphonesimulator/PayslipMax.build/Objects-normal/x86_64 -c -j10 -enable-batch-mode -incremental -Xcc -ivfsstatcache -Xcc /Users/sunil/Library/Developer/Xcode/DerivedData/SDKStatCaches.noindex/iphonesimulator26.1-23B77-90cf18a4295e390e64c810bc6bd7acbc.sdkstatcache -output-file-map /Users/sunil/Library/Developer/Xcode/DerivedData/PayslipMax-hjysiekmgzmtrogwzfdzyahpkkxl/Build/Intermediates.noindex/PayslipMax.build/Debug-iphonesimulator/PayslipMax.build/Objects-normal/x86_64/PayslipMax-OutputFileMap.json -use-frontend-parseable-output -save-temps -no-color-diagnostics -explicit-module-build -module-cache-path /Users/sunil/Library/Developer/Xcode/DerivedData/PayslipMax-hjysiekmgzmtrogwzfdzyahpkkxl/Build/Intermediates.noindex/SwiftExplicitPrecompiledModules -clang-scanner-module-cache-path /Users/sunil/Library/Developer/Xcode/DerivedData/ModuleCache.noindex -sdk-module-cache-path /Users/sunil/Library/Developer/Xcode/DerivedData/ModuleCache.noindex -serialize-diagnostics -emit-dependencies -emit-module -emit-module-path /Users/sunil/Library/Developer/Xcode/DerivedData/PayslipMax-hjysiekmgzmtrogwzfdzyahpkkxl/Build/Intermediates.noindex/PayslipMax.build/Debug-iphonesimulator/PayslipMax.build/Objects-normal/x86_64/PayslipMax.swiftmodule -validate-clang-modules-once -clang-build-session-file /Users/sunil/Library/Developer/Xcode/DerivedData/ModuleCache.noindex/Session.modulevalidation -Xcc -I/Users/sunil/Library/Developer/Xcode/DerivedData/PayslipMax-hjysiekmgzmtrogwzfdzyahpkkxl/Build/Intermediates.noindex/PayslipMax.build/Debug-iphonesimulator/PayslipMax.build/swift-overrides.hmap -emit-const-values -Xfrontend -const-gather-protocols-file -Xfrontend /Users/sunil/Library/Developer/Xcode/DerivedData/PayslipMax-hjysiekmgzmtrogwzfdzyahpkkxl/Build/Intermediates.noindex/PayslipMax.build/Debug-iphonesimulator/PayslipMax.build/Objects-normal/x86_64/PayslipMax_const_extract_protocols.json -Xcc -iquote -Xcc /Users/sunil/Library/Developer/Xcode/DerivedData/PayslipMax-hjysiekmgzmtrogwzfdzyahpkkxl/Build/Intermediates.noindex/PayslipMax.build/Debug-iphonesimulator/PayslipMax.build/PayslipMax-generated-files.hmap -Xcc -I/Users/sunil/Library/Developer/Xcode/DerivedData/PayslipMax-hjysiekmgzmtrogwzfdzyahpkkxl/Build/Intermediates.noindex/PayslipMax.build/Debug-iphonesimulator/PayslipMax.build/PayslipMax-own-target-headers.hmap -Xcc -I/Users/sunil/Library/Developer/Xcode/DerivedData/PayslipMax-hjysiekmgzmtrogwzfdzyahpkkxl/Build/Intermediates.noindex/PayslipMax.build/Debug-iphonesimulator/PayslipMax.build/PayslipMax-all-target-headers.hmap -Xcc -iquote -Xcc /Users/sunil/Library/Developer/Xcode/DerivedData/PayslipMax-hjysiekmgzmtrogwzfdzyahpkkxl/Build/Intermediates.noindex/PayslipMax.build/Debug-iphonesimulator/PayslipMax.build/PayslipMax-project-headers.hmap -Xcc -I/Users/sunil/Library/Developer/Xcode/DerivedData/PayslipMax-hjysiekmgzmtrogwzfdzyahpkkxl/Build/Products/Debug-iphonesimulator/include -Xcc -I/Users/sunil/Library/Developer/Xcode/DerivedData/PayslipMax-hjysiekmgzmtrogwzfdzyahpkkxl/Build/Intermediates.noindex/PayslipMax.build/Debug-iphonesimulator/PayslipMax.build/DerivedSources-normal/x86_64 -Xcc -I/Users/sunil/Library/Developer/Xcode/DerivedData/PayslipMax-hjysiekmgzmtrogwzfdzyahpkkxl/Build/Intermediates.noindex/PayslipMax.build/Debug-iphonesimulator/PayslipMax.build/DerivedSources/x86_64 -Xcc -I/Users/sunil/Library/Developer/Xcode/DerivedData/PayslipMax-hjysiekmgzmtrogwzfdzyahpkkxl/Build/Intermediates.noindex/PayslipMax.build/Debug-iphonesimulator/PayslipMax.build/DerivedSources -Xcc -DDEBUG\=1 -emit-objc-header -emit-objc-header-path /Users/sunil/Library/Developer/Xcode/DerivedData/PayslipMax-hjysiekmgzmtrogwzfdzyahpkkxl/Build/Intermediates.noindex/PayslipMax.build/Debug-iphonesimulator/PayslipMax.build/Objects-normal/x86_64/PayslipMax-Swift.h -working-directory /Users/sunil/Downloads/PayslipMax -experimental-emit-module-separately -disable-cmo

SwiftExplicitDependencyGeneratePcm x86_64 /Users/sunil/Library/Developer/Xcode/DerivedData/ModuleCache.noindex/ObjectiveC-82N7VAL8SO5SAKMVHXU03DDSS.pcm

SwiftExplicitDependencyGeneratePcm x86_64 /Users/sunil/Library/Developer/Xcode/DerivedData/ModuleCache.noindex/MachO-1WW37MCP2ST8E70YRFGV3CFPP.pcm

SwiftExplicitDependencyGeneratePcm x86_64 /Users/sunil/Library/Developer/Xcode/DerivedData/ModuleCache.noindex/simd-75VVXMNVUTKXM0RK51T4WMHZ9.pcm

SwiftCompile normal arm64 Compiling\ ViewModelFactory.swift,\ CoreServiceContainer.swift,\ DateExtractionServices.swift,\ FeatureContainer.swift,\ ProcessingContainer.swift,\ ViewModelContainer.swift,\ CoreServiceContainerProtocol.swift,\ FeatureContainerProtocol.swift,\ ProcessingContainerProtocol.swift,\ ViewModelContainerProtocol.swift,\ AppContainer.swift,\ DIContainer.swift,\ DIContainerProtocol.swift,\ EmergencyRollbackProtocol.swift,\ RouterResolver.swift,\ ServiceFactoryHelpers.swift,\ AppError.swift,\ ExtractionError.swift,\ MilitaryExtractionError.swift,\ SecurityErrorTypes.swift,\ PayslipEvents.swift,\ FeatureDescriptions.swift,\ FeatureFlagConfiguration.swift,\ FeatureFlagDemoView.swift,\ FeatureFlagManager.swift /Users/sunil/Downloads/PayslipMax/PayslipMax/Core/DI/Containers/Factories/ViewModelFactory.swift /Users/sunil/Downloads/PayslipMax/PayslipMax/Core/DI/Containers/CoreServiceContainer.swift /Users/sunil/Downloads/PayslipMax/PayslipMax/Core/DI/Containers/DateExtractionServices.swift /Users/sunil/Downloads/PayslipMax/PayslipMax/Core/DI/Containers/FeatureContainer.swift /Users/sunil/Downloads/PayslipMax/PayslipMax/Core/DI/Containers/ProcessingContainer.swift /Users/sunil/Downloads/PayslipMax/PayslipMax/Core/DI/Containers/ViewModelContainer.swift /Users/sunil/Downloads/PayslipMax/PayslipMax/Core/DI/Protocols/CoreServiceContainerProtocol.swift /Users/sunil/Downloads/PayslipMax/PayslipMax/Core/DI/Protocols/FeatureContainerProtocol.swift /Users/sunil/Downloads/PayslipMax/PayslipMax/Core/DI/Protocols/ProcessingContainerProtocol.swift /Users/sunil/Downloads/PayslipMax/PayslipMax/Core/DI/Protocols/ViewModelContainerProtocol.swift /Users/sunil/Downloads/PayslipMax/PayslipMax/Core/DI/AppContainer.swift /Users/sunil/Downloads/PayslipMax/PayslipMax/Core/DI/DIContainer.swift /Users/sunil/Downloads/PayslipMax/PayslipMax/Core/DI/DIContainerProtocol.swift /Users/sunil/Downloads/PayslipMax/PayslipMax/Core/DI/EmergencyRollbackProtocol.swift /Users/sunil/Downloads/PayslipMax/PayslipMax/Core/DI/RouterResolver.swift /Users/sunil/Downloads/PayslipMax/PayslipMax/Core/DI/ServiceFactoryHelpers.swift /Users/sunil/Downloads/PayslipMax/PayslipMax/Core/Error/AppError.swift /Users/sunil/Downloads/PayslipMax/PayslipMax/Core/Error/ExtractionError.swift /Users/sunil/Downloads/PayslipMax/PayslipMax/Core/Error/MilitaryExtractionError.swift /Users/sunil/Downloads/PayslipMax/PayslipMax/Core/Error/SecurityErrorTypes.swift /Users/sunil/Downloads/PayslipMax/PayslipMax/Core/Events/PayslipEvents.swift /Users/sunil/Downloads/PayslipMax/PayslipMax/Core/FeatureFlags/FeatureDescriptions.swift /Users/sunil/Downloads/PayslipMax/PayslipMax/Core/FeatureFlags/FeatureFlagConfiguration.swift /Users/sunil/Downloads/PayslipMax/PayslipMax/Core/FeatureFlags/FeatureFlagDemoView.swift /Users/sunil/Downloads/PayslipMax/PayslipMax/Core/FeatureFlags/FeatureFlagManager.swift (in target 'PayslipMax' from project 'PayslipMax')
SwiftCompile normal arm64 /Users/sunil/Downloads/PayslipMax/PayslipMax/Core/DI/Containers/Factories/ViewModelFactory.swift (in target 'PayslipMax' from project 'PayslipMax')
    cd /Users/sunil/Downloads/PayslipMax
    

SwiftCompile normal arm64 /Users/sunil/Downloads/PayslipMax/PayslipMax/Core/DI/Containers/CoreServiceContainer.swift (in target 'PayslipMax' from project 'PayslipMax')
    cd /Users/sunil/Downloads/PayslipMax
    

SwiftCompile normal arm64 /Users/sunil/Downloads/PayslipMax/PayslipMax/Core/DI/Containers/DateExtractionServices.swift (in target 'PayslipMax' from project 'PayslipMax')
    cd /Users/sunil/Downloads/PayslipMax
    

SwiftCompile normal arm64 /Users/sunil/Downloads/PayslipMax/PayslipMax/Core/DI/Containers/FeatureContainer.swift (in target 'PayslipMax' from project 'PayslipMax')
    cd /Users/sunil/Downloads/PayslipMax
    

SwiftCompile normal arm64 /Users/sunil/Downloads/PayslipMax/PayslipMax/Core/DI/Containers/ProcessingContainer.swift (in target 'PayslipMax' from project 'PayslipMax')
    cd /Users/sunil/Downloads/PayslipMax
    

SwiftCompile normal arm64 /Users/sunil/Downloads/PayslipMax/PayslipMax/Core/DI/Containers/ViewModelContainer.swift (in target 'PayslipMax' from project 'PayslipMax')
    cd /Users/sunil/Downloads/PayslipMax
    

SwiftCompile normal arm64 /Users/sunil/Downloads/PayslipMax/PayslipMax/Core/DI/Protocols/CoreServiceContainerProtocol.swift (in target 'PayslipMax' from project 'PayslipMax')
    cd /Users/sunil/Downloads/PayslipMax
    

SwiftCompile normal arm64 /Users/sunil/Downloads/PayslipMax/PayslipMax/Core/DI/Protocols/FeatureContainerProtocol.swift (in target 'PayslipMax' from project 'PayslipMax')
    cd /Users/sunil/Downloads/PayslipMax
    

SwiftCompile normal arm64 /Users/sunil/Downloads/PayslipMax/PayslipMax/Core/DI/Protocols/ProcessingContainerProtocol.swift (in target 'PayslipMax' from project 'PayslipMax')
    cd /Users/sunil/Downloads/PayslipMax
    

SwiftCompile normal arm64 /Users/sunil/Downloads/PayslipMax/PayslipMax/Core/DI/Protocols/ViewModelContainerProtocol.swift (in target 'PayslipMax' from project 'PayslipMax')
    cd /Users/sunil/Downloads/PayslipMax
    

SwiftCompile normal arm64 /Users/sunil/Downloads/PayslipMax/PayslipMax/Core/DI/AppContainer.swift (in target 'PayslipMax' from project 'PayslipMax')
    cd /Users/sunil/Downloads/PayslipMax
    
/Users/sunil/Downloads/PayslipMax/PayslipMax/Core/DI/AppContainer.swift:81:13: warning: initialization of immutable value 'patternRepository' was never used; consider replacing with assignment to '_' or removing it
        let patternRepository = resolve(PatternRepositoryProtocol.self)!
        ~~~~^~~~~~~~~~~~~~~~~
        _

SwiftCompile normal arm64 /Users/sunil/Downloads/PayslipMax/PayslipMax/Core/DI/DIContainer.swift (in target 'PayslipMax' from project 'PayslipMax')
    cd /Users/sunil/Downloads/PayslipMax
    

SwiftCompile normal arm64 /Users/sunil/Downloads/PayslipMax/PayslipMax/Core/DI/DIContainerProtocol.swift (in target 'PayslipMax' from project 'PayslipMax')
    cd /Users/sunil/Downloads/PayslipMax
    

SwiftCompile normal arm64 /Users/sunil/Downloads/PayslipMax/PayslipMax/Core/DI/EmergencyRollbackProtocol.swift (in target 'PayslipMax' from project 'PayslipMax')
    cd /Users/sunil/Downloads/PayslipMax
    

SwiftCompile normal arm64 /Users/sunil/Downloads/PayslipMax/PayslipMax/Core/DI/RouterResolver.swift (in target 'PayslipMax' from project 'PayslipMax')
    cd /Users/sunil/Downloads/PayslipMax
    

SwiftCompile normal arm64 /Users/sunil/Downloads/PayslipMax/PayslipMax/Core/DI/ServiceFactoryHelpers.swift (in target 'PayslipMax' from project 'PayslipMax')
    cd /Users/sunil/Downloads/PayslipMax
    

SwiftCompile normal arm64 /Users/sunil/Downloads/PayslipMax/PayslipMax/Core/Error/AppError.swift (in target 'PayslipMax' from project 'PayslipMax')
    cd /Users/sunil/Downloads/PayslipMax
    

SwiftCompile normal arm64 /Users/sunil/Downloads/PayslipMax/PayslipMax/Core/Error/ExtractionError.swift (in target 'PayslipMax' from project 'PayslipMax')
    cd /Users/sunil/Downloads/PayslipMax
    

SwiftCompile normal arm64 /Users/sunil/Downloads/PayslipMax/PayslipMax/Core/Error/MilitaryExtractionError.swift (in target 'PayslipMax' from project 'PayslipMax')
    cd /Users/sunil/Downloads/PayslipMax
    

SwiftCompile normal arm64 /Users/sunil/Downloads/PayslipMax/PayslipMax/Core/Error/SecurityErrorTypes.swift (in target 'PayslipMax' from project 'PayslipMax')
    cd /Users/sunil/Downloads/PayslipMax
    

SwiftCompile normal arm64 /Users/sunil/Downloads/PayslipMax/PayslipMax/Core/Events/PayslipEvents.swift (in target 'PayslipMax' from project 'PayslipMax')
    cd /Users/sunil/Downloads/PayslipMax
    

SwiftCompile normal arm64 /Users/sunil/Downloads/PayslipMax/PayslipMax/Core/FeatureFlags/FeatureDescriptions.swift (in target 'PayslipMax' from project 'PayslipMax')
    cd /Users/sunil/Downloads/PayslipMax
    

SwiftCompile normal arm64 /Users/sunil/Downloads/PayslipMax/PayslipMax/Core/FeatureFlags/FeatureFlagConfiguration.swift (in target 'PayslipMax' from project 'PayslipMax')
    cd /Users/sunil/Downloads/PayslipMax
    

SwiftCompile normal arm64 /Users/sunil/Downloads/PayslipMax/PayslipMax/Core/FeatureFlags/FeatureFlagDemoView.swift (in target 'PayslipMax' from project 'PayslipMax')
    cd /Users/sunil/Downloads/PayslipMax
    

SwiftCompile normal arm64 /Users/sunil/Downloads/PayslipMax/PayslipMax/Core/FeatureFlags/FeatureFlagManager.swift (in target 'PayslipMax' from project 'PayslipMax')
    cd /Users/sunil/Downloads/PayslipMax
    

SwiftCompile normal arm64 Compiling\ FeatureFlagProtocol.swift,\ FeatureFlagService.swift,\ UniversalParsingFeatureFlag.swift,\ DataExtensions.swift,\ NetworkRequest.swift,\ NetworkResponseHandler.swift,\ NetworkService.swift,\ NetworkUploadService.swift,\ BackgroundTask.swift,\ BackgroundTaskCoordinator.swift,\ BaselineCollectionService.swift,\ BaselineMetricsCollector.swift,\ BaselineMetricsCollectorExtensions.swift,\ BaselineMetricsModels.swift,\ BaselineTestDocumentProvider.swift,\ ClassificationCacheManager.swift,\ ConcreteBackgroundTask.swift,\ DualSectionPerformanceMonitor.swift,\ EnhancedProgressReporter.swift,\ ParallelPayCodeProcessor.swift,\ PerformanceCoordinator.swift,\ PerformanceCPUMonitor.swift,\ PerformanceDebugSettings.swift,\ PerformanceFPSMonitor.swift,\ PerformanceMemoryMonitor.swift /Users/sunil/Downloads/PayslipMax/PayslipMax/Core/FeatureFlags/FeatureFlagProtocol.swift /Users/sunil/Downloads/PayslipMax/PayslipMax/Core/FeatureFlags/FeatureFlagService.swift /Users/sunil/Downloads/PayslipMax/PayslipMax/Core/FeatureFlags/UniversalParsingFeatureFlag.swift /Users/sunil/Downloads/PayslipMax/PayslipMax/Core/Network/DataExtensions.swift /Users/sunil/Downloads/PayslipMax/PayslipMax/Core/Network/NetworkRequest.swift /Users/sunil/Downloads/PayslipMax/PayslipMax/Core/Network/NetworkResponseHandler.swift /Users/sunil/Downloads/PayslipMax/PayslipMax/Core/Network/NetworkService.swift /Users/sunil/Downloads/PayslipMax/PayslipMax/Core/Network/NetworkUploadService.swift /Users/sunil/Downloads/PayslipMax/PayslipMax/Core/Performance/BackgroundTask.swift /Users/sunil/Downloads/PayslipMax/PayslipMax/Core/Performance/BackgroundTaskCoordinator.swift /Users/sunil/Downloads/PayslipMax/PayslipMax/Core/Performance/BaselineCollectionService.swift /Users/sunil/Downloads/PayslipMax/PayslipMax/Core/Performance/BaselineMetricsCollector.swift /Users/sunil/Downloads/PayslipMax/PayslipMax/Core/Performance/BaselineMetricsCollectorExtensions.swift /Users/sunil/Downloads/PayslipMax/PayslipMax/Core/Performance/BaselineMetricsModels.swift /Users/sunil/Downloads/PayslipMax/PayslipMax/Core/Performance/BaselineTestDocumentProvider.swift /Users/sunil/Downloads/PayslipMax/PayslipMax/Core/Performance/ClassificationCacheManager.swift /Users/sunil/Downloads/PayslipMax/PayslipMax/Core/Performance/ConcreteBackgroundTask.swift /Users/sunil/Downloads/PayslipMax/PayslipMax/Core/Performance/DualSectionPerformanceMonitor.swift /Users/sunil/Downloads/PayslipMax/PayslipMax/Core/Performance/EnhancedProgressReporter.swift /Users/sunil/Downloads/PayslipMax/PayslipMax/Core/Performance/ParallelPayCodeProcessor.swift /Users/sunil/Downloads/PayslipMax/PayslipMax/Core/Performance/PerformanceCoordinator.swift /Users/sunil/Downloads/PayslipMax/PayslipMax/Core/Performance/PerformanceCPUMonitor.swift /Users/sunil/Downloads/PayslipMax/PayslipMax/Core/Performance/PerformanceDebugSettings.swift /Users/sunil/Downloads/PayslipMax/PayslipMax/Core/Performance/PerformanceFPSMonitor.swift /Users/sunil/Downloads/PayslipMax/PayslipMax/Core/Performance/PerformanceMemoryMonitor.swift (in target 'PayslipMax' from project 'PayslipMax')
SwiftCompile normal arm64 /Users/sunil/Downloads/PayslipMax/PayslipMax/Core/FeatureFlags/FeatureFlagProtocol.swift (in target 'PayslipMax' from project 'PayslipMax')
    cd /Users/sunil/Downloads/PayslipMax
    

SwiftCompile normal arm64 /Users/sunil/Downloads/PayslipMax/PayslipMax/Core/FeatureFlags/FeatureFlagService.swift (in target 'PayslipMax' from project 'PayslipMax')
    cd /Users/sunil/Downloads/PayslipMax
    

SwiftCompile normal arm64 /Users/sunil/Downloads/PayslipMax/PayslipMax/Core/FeatureFlags/UniversalParsingFeatureFlag.swift (in target 'PayslipMax' from project 'PayslipMax')
    cd /Users/sunil/Downloads/PayslipMax
    

SwiftCompile normal arm64 /Users/sunil/Downloads/PayslipMax/PayslipMax/Core/Network/DataExtensions.swift (in target 'PayslipMax' from project 'PayslipMax')
    cd /Users/sunil/Downloads/PayslipMax
    

SwiftCompile normal arm64 /Users/sunil/Downloads/PayslipMax/PayslipMax/Core/Network/NetworkRequest.swift (in target 'PayslipMax' from project 'PayslipMax')
    cd /Users/sunil/Downloads/PayslipMax
    

SwiftCompile normal arm64 /Users/sunil/Downloads/PayslipMax/PayslipMax/Core/Network/NetworkResponseHandler.swift (in target 'PayslipMax' from project 'PayslipMax')
    cd /Users/sunil/Downloads/PayslipMax
    

SwiftCompile normal arm64 /Users/sunil/Downloads/PayslipMax/PayslipMax/Core/Network/NetworkService.swift (in target 'PayslipMax' from project 'PayslipMax')
    cd /Users/sunil/Downloads/PayslipMax
    

SwiftCompile normal arm64 /Users/sunil/Downloads/PayslipMax/PayslipMax/Core/Network/NetworkUploadService.swift (in target 'PayslipMax' from project 'PayslipMax')
    cd /Users/sunil/Downloads/PayslipMax
    

SwiftCompile normal arm64 /Users/sunil/Downloads/PayslipMax/PayslipMax/Core/Performance/BackgroundTask.swift (in target 'PayslipMax' from project 'PayslipMax')
    cd /Users/sunil/Downloads/PayslipMax
    

SwiftCompile normal arm64 /Users/sunil/Downloads/PayslipMax/PayslipMax/Core/Performance/BackgroundTaskCoordinator.swift (in target 'PayslipMax' from project 'PayslipMax')
    cd /Users/sunil/Downloads/PayslipMax
    

SwiftCompile normal arm64 /Users/sunil/Downloads/PayslipMax/PayslipMax/Core/Performance/BaselineCollectionService.swift (in target 'PayslipMax' from project 'PayslipMax')
    cd /Users/sunil/Downloads/PayslipMax
    

SwiftCompile normal arm64 /Users/sunil/Downloads/PayslipMax/PayslipMax/Core/Performance/BaselineMetricsCollector.swift (in target 'PayslipMax' from project 'PayslipMax')
    cd /Users/sunil/Downloads/PayslipMax
    

SwiftCompile normal arm64 /Users/sunil/Downloads/PayslipMax/PayslipMax/Core/Performance/BaselineMetricsCollectorExtensions.swift (in target 'PayslipMax' from project 'PayslipMax')
    cd /Users/sunil/Downloads/PayslipMax
    

SwiftCompile normal arm64 /Users/sunil/Downloads/PayslipMax/PayslipMax/Core/Performance/BaselineMetricsModels.swift (in target 'PayslipMax' from project 'PayslipMax')
    cd /Users/sunil/Downloads/PayslipMax
    

SwiftCompile normal arm64 /Users/sunil/Downloads/PayslipMax/PayslipMax/Core/Performance/BaselineTestDocumentProvider.swift (in target 'PayslipMax' from project 'PayslipMax')
    cd /Users/sunil/Downloads/PayslipMax
    

SwiftCompile normal arm64 /Users/sunil/Downloads/PayslipMax/PayslipMax/Core/Performance/ClassificationCacheManager.swift (in target 'PayslipMax' from project 'PayslipMax')
    cd /Users/sunil/Downloads/PayslipMax
    

SwiftCompile normal arm64 /Users/sunil/Downloads/PayslipMax/PayslipMax/Core/Performance/ConcreteBackgroundTask.swift (in target 'PayslipMax' from project 'PayslipMax')
    cd /Users/sunil/Downloads/PayslipMax
    

SwiftCompile normal arm64 /Users/sunil/Downloads/PayslipMax/PayslipMax/Core/Performance/DualSectionPerformanceMonitor.swift (in target 'PayslipMax' from project 'PayslipMax')
    cd /Users/sunil/Downloads/PayslipMax
    

SwiftCompile normal arm64 /Users/sunil/Downloads/PayslipMax/PayslipMax/Core/Performance/EnhancedProgressReporter.swift (in target 'PayslipMax' from project 'PayslipMax')
    cd /Users/sunil/Downloads/PayslipMax
    

SwiftCompile normal arm64 /Users/sunil/Downloads/PayslipMax/PayslipMax/Core/Performance/ParallelPayCodeProcessor.swift (in target 'PayslipMax' from project 'PayslipMax')
    cd /Users/sunil/Downloads/PayslipMax
    

SwiftCompile normal arm64 /Users/sunil/Downloads/PayslipMax/PayslipMax/Core/Performance/PerformanceCoordinator.swift (in target 'PayslipMax' from project 'PayslipMax')
    cd /Users/sunil/Downloads/PayslipMax
    

SwiftCompile normal arm64 /Users/sunil/Downloads/PayslipMax/PayslipMax/Core/Performance/PerformanceCPUMonitor.swift (in target 'PayslipMax' from project 'PayslipMax')
    cd /Users/sunil/Downloads/PayslipMax
    

SwiftCompile normal arm64 /Users/sunil/Downloads/PayslipMax/PayslipMax/Core/Performance/PerformanceDebugSettings.swift (in target 'PayslipMax' from project 'PayslipMax')
    cd /Users/sunil/Downloads/PayslipMax
    

SwiftCompile normal arm64 /Users/sunil/Downloads/PayslipMax/PayslipMax/Core/Performance/PerformanceFPSMonitor.swift (in target 'PayslipMax' from project 'PayslipMax')
    cd /Users/sunil/Downloads/PayslipMax
    

SwiftCompile normal arm64 /Users/sunil/Downloads/PayslipMax/PayslipMax/Core/Performance/PerformanceMemoryMonitor.swift (in target 'PayslipMax' from project 'PayslipMax')
    cd /Users/sunil/Downloads/PayslipMax
    

SwiftEmitModule normal arm64 Emitting\ module\ for\ PayslipMax (in target 'PayslipMax' from project 'PayslipMax')
EmitSwiftModule normal arm64 (in target 'PayslipMax' from project 'PayslipMax')
    cd /Users/sunil/Downloads/PayslipMax
    
/Users/sunil/Downloads/PayslipMax/PayslipMax/Services/Processing/PDFProcessingPerformanceMonitor.swift:39:42: error: cannot find type 'PDFProcessingMode' in scope
    func recordSuccess(id: String, mode: PDFProcessingMode) {
                                         ^~~~~~~~~~~~~~~~~
/Users/sunil/Downloads/PayslipMax/PayslipMax/Services/Processing/PDFProcessingPerformanceMonitor.swift:138:49: error: cannot find type 'PDFProcessingMode' in scope
    private func calculateSuccessRate(for mode: PDFProcessingMode, in metrics: [PerformanceMetric]) -> Double {
                                                ^~~~~~~~~~~~~~~~~
/Users/sunil/Downloads/PayslipMax/PayslipMax/Services/Processing/PDFProcessingPerformanceMonitor.swift:151:47: error: cannot find type 'PDFProcessingMode' in scope
    private func calculateUsageRate(for mode: PDFProcessingMode, in metrics: [PerformanceMetric]) -> Double {
                                              ^~~~~~~~~~~~~~~~~
/Users/sunil/Downloads/PayslipMax/PayslipMax/Services/Processing/PDFProcessingPerformanceMonitor.swift:191:25: error: cannot find type 'PDFProcessingMode' in scope
    let processingMode: PDFProcessingMode
                        ^~~~~~~~~~~~~~~~~
/Users/sunil/Downloads/PayslipMax/PayslipMax/Services/Processing/PDFProcessingPerformanceMonitor.swift:200:25: error: cannot find type 'PDFProcessingMode' in scope
        processingMode: PDFProcessingMode,
                        ^~~~~~~~~~~~~~~~~

Failed frontend command:
/Applications/Xcode.app/Contents/Developer/Toolchains/XcodeDefault.xctoolchain/usr/bin/swift-frontend -frontend @/Users/sunil/Library/Developer/Xcode/DerivedData/PayslipMax-hjysiekmgzmtrogwzfdzyahpkkxl/Build/Intermediates.noindex/PayslipMax.build/Debug-iphonesimulator/PayslipMax.build/Objects-normal/arm64/arguments-8e906d95b935df27b3f1edd18535b2e306d42d364e287d6232ea7e526c54220e.resp
SwiftCompile normal arm64 Compiling\ BackupServiceProtocols.swift,\ BackupValidationOperations.swift,\ QRCodeService.swift,\ BackupCoordinator.swift,\ BackupExportView.swift,\ BackupImportLogic.swift,\ BackupImportView.swift,\ BackupPaywallView.swift,\ BackupServiceInitializer.swift,\ BackupSupportingViews.swift,\ BackupCardComponents.swift,\ BackupComponents.swift,\ BackupInfoComponents.swift,\ BackupProgressComponents.swift,\ BackupStatsComponents.swift,\ BackupViewWrapper.swift,\ QRScannerComponents.swift,\ HomeNavigationCoordinator.swift,\ ChartDataPreparationService.swift,\ ErrorHandler.swift,\ PasswordProtectedPDFHandler.swift,\ PayslipDataHandler.swift,\ PDFProcessingHandler.swift,\ InvestmentTips.swift,\ InvestmentTipsData.swift /Users/sunil/Downloads/PayslipMax/PayslipMax/Features/Backup/Services/BackupServiceProtocols.swift /Users/sunil/Downloads/PayslipMax/PayslipMax/Features/Backup/Services/BackupValidationOperations.swift /Users/sunil/Downloads/PayslipMax/PayslipMax/Features/Backup/Services/QRCodeService.swift /Users/sunil/Downloads/PayslipMax/PayslipMax/Features/Backup/Views/Components/BackupCoordinator.swift /Users/sunil/Downloads/PayslipMax/PayslipMax/Features/Backup/Views/Components/BackupExportView.swift /Users/sunil/Downloads/PayslipMax/PayslipMax/Features/Backup/Views/Components/BackupImportLogic.swift /Users/sunil/Downloads/PayslipMax/PayslipMax/Features/Backup/Views/Components/BackupImportView.swift /Users/sunil/Downloads/PayslipMax/PayslipMax/Features/Backup/Views/Components/BackupPaywallView.swift /Users/sunil/Downloads/PayslipMax/PayslipMax/Features/Backup/Views/Components/BackupServiceInitializer.swift /Users/sunil/Downloads/PayslipMax/PayslipMax/Features/Backup/Views/Components/BackupSupportingViews.swift /Users/sunil/Downloads/PayslipMax/PayslipMax/Features/Backup/Views/BackupCardComponents.swift /Users/sunil/Downloads/PayslipMax/PayslipMax/Features/Backup/Views/BackupComponents.swift /Users/sunil/Downloads/PayslipMax/PayslipMax/Features/Backup/Views/BackupInfoComponents.swift /Users/sunil/Downloads/PayslipMax/PayslipMax/Features/Backup/Views/BackupProgressComponents.swift /Users/sunil/Downloads/PayslipMax/PayslipMax/Features/Backup/Views/BackupStatsComponents.swift /Users/sunil/Downloads/PayslipMax/PayslipMax/Features/Backup/Views/BackupViewWrapper.swift /Users/sunil/Downloads/PayslipMax/PayslipMax/Features/Backup/Views/QRScannerComponents.swift /Users/sunil/Downloads/PayslipMax/PayslipMax/Features/Home/Coordinators/HomeNavigationCoordinator.swift /Users/sunil/Downloads/PayslipMax/PayslipMax/Features/Home/Handlers/ChartDataPreparationService.swift /Users/sunil/Downloads/PayslipMax/PayslipMax/Features/Home/Handlers/ErrorHandler.swift /Users/sunil/Downloads/PayslipMax/PayslipMax/Features/Home/Handlers/PasswordProtectedPDFHandler.swift /Users/sunil/Downloads/PayslipMax/PayslipMax/Features/Home/Handlers/PayslipDataHandler.swift /Users/sunil/Downloads/PayslipMax/PayslipMax/Features/Home/Handlers/PDFProcessingHandler.swift /Users/sunil/Downloads/PayslipMax/PayslipMax/Features/Home/Models/InvestmentTips.swift /Users/sunil/Downloads/PayslipMax/PayslipMax/Features/Home/Models/InvestmentTipsData.swift (in target 'PayslipMax' from project 'PayslipMax')

SwiftCompile normal arm64 /Users/sunil/Downloads/PayslipMax/PayslipMax/Features/Backup/Services/BackupServiceProtocols.swift (in target 'PayslipMax' from project 'PayslipMax')
    cd /Users/sunil/Downloads/PayslipMax
    

SwiftCompile normal arm64 /Users/sunil/Downloads/PayslipMax/PayslipMax/Features/Backup/Services/BackupValidationOperations.swift (in target 'PayslipMax' from project 'PayslipMax')
    cd /Users/sunil/Downloads/PayslipMax
    

SwiftCompile normal arm64 /Users/sunil/Downloads/PayslipMax/PayslipMax/Features/Backup/Services/QRCodeService.swift (in target 'PayslipMax' from project 'PayslipMax')
    cd /Users/sunil/Downloads/PayslipMax
    

SwiftCompile normal arm64 /Users/sunil/Downloads/PayslipMax/PayslipMax/Features/Backup/Views/Components/BackupCoordinator.swift (in target 'PayslipMax' from project 'PayslipMax')
    cd /Users/sunil/Downloads/PayslipMax
    

SwiftCompile normal arm64 /Users/sunil/Downloads/PayslipMax/PayslipMax/Features/Backup/Views/Components/BackupExportView.swift (in target 'PayslipMax' from project 'PayslipMax')
    cd /Users/sunil/Downloads/PayslipMax
    

SwiftCompile normal arm64 /Users/sunil/Downloads/PayslipMax/PayslipMax/Features/Backup/Views/Components/BackupImportLogic.swift (in target 'PayslipMax' from project 'PayslipMax')
    cd /Users/sunil/Downloads/PayslipMax
    

SwiftCompile normal arm64 /Users/sunil/Downloads/PayslipMax/PayslipMax/Features/Backup/Views/Components/BackupImportView.swift (in target 'PayslipMax' from project 'PayslipMax')
    cd /Users/sunil/Downloads/PayslipMax
    

SwiftCompile normal arm64 /Users/sunil/Downloads/PayslipMax/PayslipMax/Features/Backup/Views/Components/BackupPaywallView.swift (in target 'PayslipMax' from project 'PayslipMax')
    cd /Users/sunil/Downloads/PayslipMax
    

SwiftCompile normal arm64 /Users/sunil/Downloads/PayslipMax/PayslipMax/Features/Backup/Views/Components/BackupServiceInitializer.swift (in target 'PayslipMax' from project 'PayslipMax')
    cd /Users/sunil/Downloads/PayslipMax
    

SwiftCompile normal arm64 /Users/sunil/Downloads/PayslipMax/PayslipMax/Features/Backup/Views/Components/BackupSupportingViews.swift (in target 'PayslipMax' from project 'PayslipMax')
    cd /Users/sunil/Downloads/PayslipMax
    

SwiftCompile normal arm64 /Users/sunil/Downloads/PayslipMax/PayslipMax/Features/Backup/Views/BackupCardComponents.swift (in target 'PayslipMax' from project 'PayslipMax')
    cd /Users/sunil/Downloads/PayslipMax
    

SwiftCompile normal arm64 /Users/sunil/Downloads/PayslipMax/PayslipMax/Features/Backup/Views/BackupComponents.swift (in target 'PayslipMax' from project 'PayslipMax')
    cd /Users/sunil/Downloads/PayslipMax
    

SwiftCompile normal arm64 /Users/sunil/Downloads/PayslipMax/PayslipMax/Features/Backup/Views/BackupInfoComponents.swift (in target 'PayslipMax' from project 'PayslipMax')
    cd /Users/sunil/Downloads/PayslipMax
    

SwiftCompile normal arm64 /Users/sunil/Downloads/PayslipMax/PayslipMax/Features/Backup/Views/BackupProgressComponents.swift (in target 'PayslipMax' from project 'PayslipMax')
    cd /Users/sunil/Downloads/PayslipMax
    

SwiftCompile normal arm64 /Users/sunil/Downloads/PayslipMax/PayslipMax/Features/Backup/Views/BackupStatsComponents.swift (in target 'PayslipMax' from project 'PayslipMax')
    cd /Users/sunil/Downloads/PayslipMax
    

SwiftCompile normal arm64 /Users/sunil/Downloads/PayslipMax/PayslipMax/Features/Backup/Views/BackupViewWrapper.swift (in target 'PayslipMax' from project 'PayslipMax')
    cd /Users/sunil/Downloads/PayslipMax
    

SwiftCompile normal arm64 /Users/sunil/Downloads/PayslipMax/PayslipMax/Features/Backup/Views/QRScannerComponents.swift (in target 'PayslipMax' from project 'PayslipMax')
    cd /Users/sunil/Downloads/PayslipMax
    

SwiftCompile normal arm64 /Users/sunil/Downloads/PayslipMax/PayslipMax/Features/Home/Coordinators/HomeNavigationCoordinator.swift (in target 'PayslipMax' from project 'PayslipMax')
    cd /Users/sunil/Downloads/PayslipMax
    

SwiftCompile normal arm64 /Users/sunil/Downloads/PayslipMax/PayslipMax/Features/Home/Handlers/ChartDataPreparationService.swift (in target 'PayslipMax' from project 'PayslipMax')
    cd /Users/sunil/Downloads/PayslipMax
    

SwiftCompile normal arm64 /Users/sunil/Downloads/PayslipMax/PayslipMax/Features/Home/Handlers/ErrorHandler.swift (in target 'PayslipMax' from project 'PayslipMax')
    cd /Users/sunil/Downloads/PayslipMax
    

SwiftCompile normal arm64 /Users/sunil/Downloads/PayslipMax/PayslipMax/Features/Home/Handlers/PasswordProtectedPDFHandler.swift (in target 'PayslipMax' from project 'PayslipMax')
    cd /Users/sunil/Downloads/PayslipMax
    

SwiftCompile normal arm64 /Users/sunil/Downloads/PayslipMax/PayslipMax/Features/Home/Handlers/PayslipDataHandler.swift (in target 'PayslipMax' from project 'PayslipMax')
    cd /Users/sunil/Downloads/PayslipMax
    

SwiftCompile normal arm64 /Users/sunil/Downloads/PayslipMax/PayslipMax/Features/Home/Handlers/PDFProcessingHandler.swift (in target 'PayslipMax' from project 'PayslipMax')
    cd /Users/sunil/Downloads/PayslipMax
    

SwiftCompile normal arm64 /Users/sunil/Downloads/PayslipMax/PayslipMax/Features/Home/Models/InvestmentTips.swift (in target 'PayslipMax' from project 'PayslipMax')
    cd /Users/sunil/Downloads/PayslipMax
    

SwiftCompile normal arm64 /Users/sunil/Downloads/PayslipMax/PayslipMax/Features/Home/Models/InvestmentTipsData.swift (in target 'PayslipMax' from project 'PayslipMax')
    cd /Users/sunil/Downloads/PayslipMax
    

SwiftCompile normal arm64 Compiling\ DataServiceProtocols.swift,\ DataServiceSupport.swift,\ DeductionsSectionProcessor.swift,\ EarningsDeductionsValidator.swift,\ EarningsSectionProcessor.swift,\ EnhancedEarningsDeductionsParser.swift,\ ExtractionStrategyService.swift,\ MilitaryAbbreviationsService.swift,\ PatternTestingService.swift,\ PayItemCategorizationService.swift,\ PayslipDataEnrichmentService.swift,\ PayslipDataEnrichmentServiceProtocol.swift,\ PayslipItemFactory.swift,\ PayslipItemFactoryExtensions.swift,\ PayslipParsingUtility.swift,\ PayslipSharingService.swift,\ PayslipSharingServiceProtocol.swift,\ PDFExtractionTrainer.swift,\ PDFProcessingMethods.swift,\ PDFProcessingService.swift,\ PDFServiceImpl.swift,\ SectionParserHelper.swift,\ SecurityServiceImpl.swift,\ TextPostprocessingUtilities.swift,\ TextPreprocessingUtilities.swift /Users/sunil/Downloads/PayslipMax/PayslipMax/Services/DataServiceProtocols.swift /Users/sunil/Downloads/PayslipMax/PayslipMax/Services/DataServiceSupport.swift /Users/sunil/Downloads/PayslipMax/PayslipMax/Services/DeductionsSectionProcessor.swift /Users/sunil/Downloads/PayslipMax/PayslipMax/Services/EarningsDeductionsValidator.swift /Users/sunil/Downloads/PayslipMax/PayslipMax/Services/EarningsSectionProcessor.swift /Users/sunil/Downloads/PayslipMax/PayslipMax/Services/EnhancedEarningsDeductionsParser.swift /Users/sunil/Downloads/PayslipMax/PayslipMax/Services/ExtractionStrategyService.swift /Users/sunil/Downloads/PayslipMax/PayslipMax/Services/MilitaryAbbreviationsService.swift /Users/sunil/Downloads/PayslipMax/PayslipMax/Services/PatternTestingService.swift /Users/sunil/Downloads/PayslipMax/PayslipMax/Services/PayItemCategorizationService.swift /Users/sunil/Downloads/PayslipMax/PayslipMax/Services/PayslipDataEnrichmentService.swift /Users/sunil/Downloads/PayslipMax/PayslipMax/Services/PayslipDataEnrichmentServiceProtocol.swift /Users/sunil/Downloads/PayslipMax/PayslipMax/Services/PayslipItemFactory.swift /Users/sunil/Downloads/PayslipMax/PayslipMax/Services/PayslipItemFactoryExtensions.swift /Users/sunil/Downloads/PayslipMax/PayslipMax/Services/PayslipParsingUtility.swift /Users/sunil/Downloads/PayslipMax/PayslipMax/Services/PayslipSharingService.swift /Users/sunil/Downloads/PayslipMax/PayslipMax/Services/PayslipSharingServiceProtocol.swift /Users/sunil/Downloads/PayslipMax/PayslipMax/Services/PDFExtractionTrainer.swift /Users/sunil/Downloads/PayslipMax/PayslipMax/Services/PDFProcessingMethods.swift /Users/sunil/Downloads/PayslipMax/PayslipMax/Services/PDFProcessingService.swift /Users/sunil/Downloads/PayslipMax/PayslipMax/Services/PDFServiceImpl.swift /Users/sunil/Downloads/PayslipMax/PayslipMax/Services/SectionParserHelper.swift /Users/sunil/Downloads/PayslipMax/PayslipMax/Services/SecurityServiceImpl.swift /Users/sunil/Downloads/PayslipMax/PayslipMax/Services/TextPostprocessingUtilities.swift /Users/sunil/Downloads/PayslipMax/PayslipMax/Services/TextPreprocessingUtilities.swift (in target 'PayslipMax' from project 'PayslipMax')

SwiftCompile normal arm64 /Users/sunil/Downloads/PayslipMax/PayslipMax/Services/DataServiceProtocols.swift (in target 'PayslipMax' from project 'PayslipMax')
    cd /Users/sunil/Downloads/PayslipMax
    

SwiftCompile normal arm64 /Users/sunil/Downloads/PayslipMax/PayslipMax/Services/DataServiceSupport.swift (in target 'PayslipMax' from project 'PayslipMax')
    cd /Users/sunil/Downloads/PayslipMax
    

SwiftCompile normal arm64 /Users/sunil/Downloads/PayslipMax/PayslipMax/Services/DeductionsSectionProcessor.swift (in target 'PayslipMax' from project 'PayslipMax')
    cd /Users/sunil/Downloads/PayslipMax
    

SwiftCompile normal arm64 /Users/sunil/Downloads/PayslipMax/PayslipMax/Services/EarningsDeductionsValidator.swift (in target 'PayslipMax' from project 'PayslipMax')
    cd /Users/sunil/Downloads/PayslipMax
    

SwiftCompile normal arm64 /Users/sunil/Downloads/PayslipMax/PayslipMax/Services/EarningsSectionProcessor.swift (in target 'PayslipMax' from project 'PayslipMax')
    cd /Users/sunil/Downloads/PayslipMax
    

SwiftCompile normal arm64 /Users/sunil/Downloads/PayslipMax/PayslipMax/Services/EnhancedEarningsDeductionsParser.swift (in target 'PayslipMax' from project 'PayslipMax')
    cd /Users/sunil/Downloads/PayslipMax
    

SwiftCompile normal arm64 /Users/sunil/Downloads/PayslipMax/PayslipMax/Services/ExtractionStrategyService.swift (in target 'PayslipMax' from project 'PayslipMax')
    cd /Users/sunil/Downloads/PayslipMax
    

SwiftCompile normal arm64 /Users/sunil/Downloads/PayslipMax/PayslipMax/Services/MilitaryAbbreviationsService.swift (in target 'PayslipMax' from project 'PayslipMax')
    cd /Users/sunil/Downloads/PayslipMax
    

SwiftCompile normal arm64 /Users/sunil/Downloads/PayslipMax/PayslipMax/Services/PatternTestingService.swift (in target 'PayslipMax' from project 'PayslipMax')
    cd /Users/sunil/Downloads/PayslipMax
    

SwiftCompile normal arm64 /Users/sunil/Downloads/PayslipMax/PayslipMax/Services/PayItemCategorizationService.swift (in target 'PayslipMax' from project 'PayslipMax')
    cd /Users/sunil/Downloads/PayslipMax
    

SwiftCompile normal arm64 /Users/sunil/Downloads/PayslipMax/PayslipMax/Services/PayslipDataEnrichmentService.swift (in target 'PayslipMax' from project 'PayslipMax')
    cd /Users/sunil/Downloads/PayslipMax
    

SwiftCompile normal arm64 /Users/sunil/Downloads/PayslipMax/PayslipMax/Services/PayslipDataEnrichmentServiceProtocol.swift (in target 'PayslipMax' from project 'PayslipMax')
    cd /Users/sunil/Downloads/PayslipMax
    

SwiftCompile normal arm64 /Users/sunil/Downloads/PayslipMax/PayslipMax/Services/PayslipItemFactory.swift (in target 'PayslipMax' from project 'PayslipMax')
    cd /Users/sunil/Downloads/PayslipMax
    

SwiftCompile normal arm64 /Users/sunil/Downloads/PayslipMax/PayslipMax/Services/PayslipItemFactoryExtensions.swift (in target 'PayslipMax' from project 'PayslipMax')
    cd /Users/sunil/Downloads/PayslipMax
    

SwiftCompile normal arm64 /Users/sunil/Downloads/PayslipMax/PayslipMax/Services/PayslipParsingUtility.swift (in target 'PayslipMax' from project 'PayslipMax')
    cd /Users/sunil/Downloads/PayslipMax
    

SwiftCompile normal arm64 /Users/sunil/Downloads/PayslipMax/PayslipMax/Services/PayslipSharingService.swift (in target 'PayslipMax' from project 'PayslipMax')
    cd /Users/sunil/Downloads/PayslipMax
    

SwiftCompile normal arm64 /Users/sunil/Downloads/PayslipMax/PayslipMax/Services/PayslipSharingServiceProtocol.swift (in target 'PayslipMax' from project 'PayslipMax')
    cd /Users/sunil/Downloads/PayslipMax
    

SwiftCompile normal arm64 /Users/sunil/Downloads/PayslipMax/PayslipMax/Services/PDFExtractionTrainer.swift (in target 'PayslipMax' from project 'PayslipMax')
    cd /Users/sunil/Downloads/PayslipMax
    

SwiftCompile normal arm64 /Users/sunil/Downloads/PayslipMax/PayslipMax/Services/PDFProcessingMethods.swift (in target 'PayslipMax' from project 'PayslipMax')
    cd /Users/sunil/Downloads/PayslipMax
    

SwiftCompile normal arm64 /Users/sunil/Downloads/PayslipMax/PayslipMax/Services/PDFProcessingService.swift (in target 'PayslipMax' from project 'PayslipMax')
    cd /Users/sunil/Downloads/PayslipMax
    

SwiftCompile normal arm64 /Users/sunil/Downloads/PayslipMax/PayslipMax/Services/PDFServiceImpl.swift (in target 'PayslipMax' from project 'PayslipMax')
    cd /Users/sunil/Downloads/PayslipMax
    

SwiftCompile normal arm64 /Users/sunil/Downloads/PayslipMax/PayslipMax/Services/SectionParserHelper.swift (in target 'PayslipMax' from project 'PayslipMax')
    cd /Users/sunil/Downloads/PayslipMax
    

SwiftCompile normal arm64 /Users/sunil/Downloads/PayslipMax/PayslipMax/Services/SecurityServiceImpl.swift (in target 'PayslipMax' from project 'PayslipMax')
    cd /Users/sunil/Downloads/PayslipMax
    

SwiftCompile normal arm64 /Users/sunil/Downloads/PayslipMax/PayslipMax/Services/TextPostprocessingUtilities.swift (in target 'PayslipMax' from project 'PayslipMax')
    cd /Users/sunil/Downloads/PayslipMax
    

SwiftCompile normal arm64 /Users/sunil/Downloads/PayslipMax/PayslipMax/Services/TextPreprocessingUtilities.swift (in target 'PayslipMax' from project 'PayslipMax')
    cd /Users/sunil/Downloads/PayslipMax
    

SwiftCompile normal arm64 Compiling\ AchievementPersistenceService.swift,\ AchievementProgressCalculator.swift,\ AchievementService.swift,\ AchievementValidationService.swift,\ BasicAnalytics.swift,\ DeductionQuestionGenerator.swift,\ FinancialLiteracyQuestionGenerator.swift,\ GamificationCoordinator.swift,\ IncomeQuestionGenerator.swift,\ QuizDataLoaders.swift,\ QuizFallbackQuestions.swift,\ QuizGenerationService.swift,\ QuizGenerationServiceCore.swift,\ QuizGenerationServiceProtocols.swift,\ QuizQuestionGenerators.swift,\ QuizUtilities.swift,\ ChartDataViewModel.swift,\ FinancialSummaryViewModel.swift,\ InsightDetailGenerationService.swift,\ InsightGenerationService.swift,\ InsightsCoordinator.swift,\ QuizViewModel.swift,\ TrendAnalysisViewModel.swift,\ PremiumBenchmarksSection.swift,\ PremiumGoalsSection.swift /Users/sunil/Downloads/PayslipMax/PayslipMax/Features/Insights/Services/AchievementPersistenceService.swift /Users/sunil/Downloads/PayslipMax/PayslipMax/Features/Insights/Services/AchievementProgressCalculator.swift /Users/sunil/Downloads/PayslipMax/PayslipMax/Features/Insights/Services/AchievementService.swift /Users/sunil/Downloads/PayslipMax/PayslipMax/Features/Insights/Services/AchievementValidationService.swift /Users/sunil/Downloads/PayslipMax/PayslipMax/Features/Insights/Services/BasicAnalytics.swift /Users/sunil/Downloads/PayslipMax/PayslipMax/Features/Insights/Services/DeductionQuestionGenerator.swift /Users/sunil/Downloads/PayslipMax/PayslipMax/Features/Insights/Services/FinancialLiteracyQuestionGenerator.swift /Users/sunil/Downloads/PayslipMax/PayslipMax/Features/Insights/Services/GamificationCoordinator.swift /Users/sunil/Downloads/PayslipMax/PayslipMax/Features/Insights/Services/IncomeQuestionGenerator.swift /Users/sunil/Downloads/PayslipMax/PayslipMax/Features/Insights/Services/QuizDataLoaders.swift /Users/sunil/Downloads/PayslipMax/PayslipMax/Features/Insights/Services/QuizFallbackQuestions.swift /Users/sunil/Downloads/PayslipMax/PayslipMax/Features/Insights/Services/QuizGenerationService.swift /Users/sunil/Downloads/PayslipMax/PayslipMax/Features/Insights/Services/QuizGenerationServiceCore.swift /Users/sunil/Downloads/PayslipMax/PayslipMax/Features/Insights/Services/QuizGenerationServiceProtocols.swift /Users/sunil/Downloads/PayslipMax/PayslipMax/Features/Insights/Services/QuizQuestionGenerators.swift /Users/sunil/Downloads/PayslipMax/PayslipMax/Features/Insights/Services/QuizUtilities.swift /Users/sunil/Downloads/PayslipMax/PayslipMax/Features/Insights/ViewModels/ChartDataViewModel.swift /Users/sunil/Downloads/PayslipMax/PayslipMax/Features/Insights/ViewModels/FinancialSummaryViewModel.swift /Users/sunil/Downloads/PayslipMax/PayslipMax/Features/Insights/ViewModels/InsightDetailGenerationService.swift /Users/sunil/Downloads/PayslipMax/PayslipMax/Features/Insights/ViewModels/InsightGenerationService.swift /Users/sunil/Downloads/PayslipMax/PayslipMax/Features/Insights/ViewModels/InsightsCoordinator.swift /Users/sunil/Downloads/PayslipMax/PayslipMax/Features/Insights/ViewModels/QuizViewModel.swift /Users/sunil/Downloads/PayslipMax/PayslipMax/Features/Insights/ViewModels/TrendAnalysisViewModel.swift /Users/sunil/Downloads/PayslipMax/PayslipMax/Features/Insights/Views/Components/PremiumBenchmarksSection.swift /Users/sunil/Downloads/PayslipMax/PayslipMax/Features/Insights/Views/Components/PremiumGoalsSection.swift (in target 'PayslipMax' from project 'PayslipMax')

SwiftCompile normal arm64 /Users/sunil/Downloads/PayslipMax/PayslipMax/Features/Insights/Services/AchievementPersistenceService.swift (in target 'PayslipMax' from project 'PayslipMax')
    cd /Users/sunil/Downloads/PayslipMax
    

SwiftCompile normal arm64 /Users/sunil/Downloads/PayslipMax/PayslipMax/Features/Insights/Services/AchievementProgressCalculator.swift (in target 'PayslipMax' from project 'PayslipMax')
    cd /Users/sunil/Downloads/PayslipMax
    

SwiftCompile normal arm64 /Users/sunil/Downloads/PayslipMax/PayslipMax/Features/Insights/Services/AchievementService.swift (in target 'PayslipMax' from project 'PayslipMax')
    cd /Users/sunil/Downloads/PayslipMax
    

SwiftCompile normal arm64 /Users/sunil/Downloads/PayslipMax/PayslipMax/Features/Insights/Services/AchievementValidationService.swift (in target 'PayslipMax' from project 'PayslipMax')
    cd /Users/sunil/Downloads/PayslipMax
    

SwiftCompile normal arm64 /Users/sunil/Downloads/PayslipMax/PayslipMax/Features/Insights/Services/BasicAnalytics.swift (in target 'PayslipMax' from project 'PayslipMax')
    cd /Users/sunil/Downloads/PayslipMax
    

SwiftCompile normal arm64 /Users/sunil/Downloads/PayslipMax/PayslipMax/Features/Insights/Services/DeductionQuestionGenerator.swift (in target 'PayslipMax' from project 'PayslipMax')
    cd /Users/sunil/Downloads/PayslipMax
    

SwiftCompile normal arm64 /Users/sunil/Downloads/PayslipMax/PayslipMax/Features/Insights/Services/FinancialLiteracyQuestionGenerator.swift (in target 'PayslipMax' from project 'PayslipMax')
    cd /Users/sunil/Downloads/PayslipMax
    

SwiftCompile normal arm64 /Users/sunil/Downloads/PayslipMax/PayslipMax/Features/Insights/Services/GamificationCoordinator.swift (in target 'PayslipMax' from project 'PayslipMax')
    cd /Users/sunil/Downloads/PayslipMax
    

SwiftCompile normal arm64 /Users/sunil/Downloads/PayslipMax/PayslipMax/Features/Insights/Services/IncomeQuestionGenerator.swift (in target 'PayslipMax' from project 'PayslipMax')
    cd /Users/sunil/Downloads/PayslipMax
    

SwiftCompile normal arm64 /Users/sunil/Downloads/PayslipMax/PayslipMax/Features/Insights/Services/QuizDataLoaders.swift (in target 'PayslipMax' from project 'PayslipMax')
    cd /Users/sunil/Downloads/PayslipMax
    

SwiftCompile normal arm64 /Users/sunil/Downloads/PayslipMax/PayslipMax/Features/Insights/Services/QuizFallbackQuestions.swift (in target 'PayslipMax' from project 'PayslipMax')
    cd /Users/sunil/Downloads/PayslipMax
    

SwiftCompile normal arm64 /Users/sunil/Downloads/PayslipMax/PayslipMax/Features/Insights/Services/QuizGenerationService.swift (in target 'PayslipMax' from project 'PayslipMax')
    cd /Users/sunil/Downloads/PayslipMax
    

SwiftCompile normal arm64 /Users/sunil/Downloads/PayslipMax/PayslipMax/Features/Insights/Services/QuizGenerationServiceCore.swift (in target 'PayslipMax' from project 'PayslipMax')
    cd /Users/sunil/Downloads/PayslipMax
    

SwiftCompile normal arm64 /Users/sunil/Downloads/PayslipMax/PayslipMax/Features/Insights/Services/QuizGenerationServiceProtocols.swift (in target 'PayslipMax' from project 'PayslipMax')
    cd /Users/sunil/Downloads/PayslipMax
    

SwiftCompile normal arm64 /Users/sunil/Downloads/PayslipMax/PayslipMax/Features/Insights/Services/QuizQuestionGenerators.swift (in target 'PayslipMax' from project 'PayslipMax')
    cd /Users/sunil/Downloads/PayslipMax
    

SwiftCompile normal arm64 /Users/sunil/Downloads/PayslipMax/PayslipMax/Features/Insights/Services/QuizUtilities.swift (in target 'PayslipMax' from project 'PayslipMax')
    cd /Users/sunil/Downloads/PayslipMax
    

SwiftCompile normal arm64 /Users/sunil/Downloads/PayslipMax/PayslipMax/Features/Insights/ViewModels/ChartDataViewModel.swift (in target 'PayslipMax' from project 'PayslipMax')
    cd /Users/sunil/Downloads/PayslipMax
    

SwiftCompile normal arm64 /Users/sunil/Downloads/PayslipMax/PayslipMax/Features/Insights/ViewModels/FinancialSummaryViewModel.swift (in target 'PayslipMax' from project 'PayslipMax')
    cd /Users/sunil/Downloads/PayslipMax
    

SwiftCompile normal arm64 /Users/sunil/Downloads/PayslipMax/PayslipMax/Features/Insights/ViewModels/InsightDetailGenerationService.swift (in target 'PayslipMax' from project 'PayslipMax')
    cd /Users/sunil/Downloads/PayslipMax
    

SwiftCompile normal arm64 /Users/sunil/Downloads/PayslipMax/PayslipMax/Features/Insights/ViewModels/InsightGenerationService.swift (in target 'PayslipMax' from project 'PayslipMax')
    cd /Users/sunil/Downloads/PayslipMax
    

SwiftCompile normal arm64 /Users/sunil/Downloads/PayslipMax/PayslipMax/Features/Insights/ViewModels/InsightsCoordinator.swift (in target 'PayslipMax' from project 'PayslipMax')
    cd /Users/sunil/Downloads/PayslipMax
    

SwiftCompile normal arm64 /Users/sunil/Downloads/PayslipMax/PayslipMax/Features/Insights/ViewModels/QuizViewModel.swift (in target 'PayslipMax' from project 'PayslipMax')
    cd /Users/sunil/Downloads/PayslipMax
    

SwiftCompile normal arm64 /Users/sunil/Downloads/PayslipMax/PayslipMax/Features/Insights/ViewModels/TrendAnalysisViewModel.swift (in target 'PayslipMax' from project 'PayslipMax')
    cd /Users/sunil/Downloads/PayslipMax
    

SwiftCompile normal arm64 /Users/sunil/Downloads/PayslipMax/PayslipMax/Features/Insights/Views/Components/PremiumBenchmarksSection.swift (in target 'PayslipMax' from project 'PayslipMax')
    cd /Users/sunil/Downloads/PayslipMax
    

SwiftCompile normal arm64 /Users/sunil/Downloads/PayslipMax/PayslipMax/Features/Insights/Views/Components/PremiumGoalsSection.swift (in target 'PayslipMax' from project 'PayslipMax')
    cd /Users/sunil/Downloads/PayslipMax
    

SwiftCompile normal arm64 Compiling\ PayslipModelActor.swift,\ AnalyticsEvents.swift,\ AnalyticsManager.swift,\ AnalyticsProtocol.swift,\ AnalyticsProvider.swift,\ AnalyticsUserProperties.swift,\ FirebaseAnalyticsProvider.swift,\ PerformanceAnalyticsService.swift,\ UserAnalyticsService.swift,\ AppConstants.swift,\ ProcessingContainerFactoryDelegations.swift,\ CoreProcessingFactory.swift,\ CoreServiceFactory.swift,\ FeatureFactory.swift,\ GlobalServiceFactory.swift,\ PatternApplicationFactory.swift,\ PDFProcessingFactory.swift,\ PipelineOptimizationFactory.swift,\ ProcessingFactory.swift,\ ServiceResolver.swift,\ SpatialParsingFactory.swift,\ StreamingBatchFactory.swift,\ TextExtractionFactory.swift,\ UnifiedDIContainerFactory.swift,\ UnifiedProcessingFactory.swift /Users/sunil/Downloads/PayslipMax/PayslipMax/Core/Actors/PayslipModelActor.swift /Users/sunil/Downloads/PayslipMax/PayslipMax/Core/Analytics/AnalyticsEvents.swift /Users/sunil/Downloads/PayslipMax/PayslipMax/Core/Analytics/AnalyticsManager.swift /Users/sunil/Downloads/PayslipMax/PayslipMax/Core/Analytics/AnalyticsProtocol.swift /Users/sunil/Downloads/PayslipMax/PayslipMax/Core/Analytics/AnalyticsProvider.swift /Users/sunil/Downloads/PayslipMax/PayslipMax/Core/Analytics/AnalyticsUserProperties.swift /Users/sunil/Downloads/PayslipMax/PayslipMax/Core/Analytics/FirebaseAnalyticsProvider.swift /Users/sunil/Downloads/PayslipMax/PayslipMax/Core/Analytics/PerformanceAnalyticsService.swift /Users/sunil/Downloads/PayslipMax/PayslipMax/Core/Analytics/UserAnalyticsService.swift /Users/sunil/Downloads/PayslipMax/PayslipMax/Core/Constants/AppConstants.swift /Users/sunil/Downloads/PayslipMax/PayslipMax/Core/DI/Containers/Extensions/ProcessingContainerFactoryDelegations.swift /Users/sunil/Downloads/PayslipMax/PayslipMax/Core/DI/Containers/Factories/CoreProcessingFactory.swift /Users/sunil/Downloads/PayslipMax/PayslipMax/Core/DI/Containers/Factories/CoreServiceFactory.swift /Users/sunil/Downloads/PayslipMax/PayslipMax/Core/DI/Containers/Factories/FeatureFactory.swift /Users/sunil/Downloads/PayslipMax/PayslipMax/Core/DI/Containers/Factories/GlobalServiceFactory.swift /Users/sunil/Downloads/PayslipMax/PayslipMax/Core/DI/Containers/Factories/PatternApplicationFactory.swift /Users/sunil/Downloads/PayslipMax/PayslipMax/Core/DI/Containers/Factories/PDFProcessingFactory.swift /Users/sunil/Downloads/PayslipMax/PayslipMax/Core/DI/Containers/Factories/PipelineOptimizationFactory.swift /Users/sunil/Downloads/PayslipMax/PayslipMax/Core/DI/Containers/Factories/ProcessingFactory.swift /Users/sunil/Downloads/PayslipMax/PayslipMax/Core/DI/Containers/Factories/ServiceResolver.swift /Users/sunil/Downloads/PayslipMax/PayslipMax/Core/DI/Containers/Factories/SpatialParsingFactory.swift /Users/sunil/Downloads/PayslipMax/PayslipMax/Core/DI/Containers/Factories/StreamingBatchFactory.swift /Users/sunil/Downloads/PayslipMax/PayslipMax/Core/DI/Containers/Factories/TextExtractionFactory.swift /Users/sunil/Downloads/PayslipMax/PayslipMax/Core/DI/Containers/Factories/UnifiedDIContainerFactory.swift /Users/sunil/Downloads/PayslipMax/PayslipMax/Core/DI/Containers/Factories/UnifiedProcessingFactory.swift (in target 'PayslipMax' from project 'PayslipMax')

SwiftCompile normal arm64 /Users/sunil/Downloads/PayslipMax/PayslipMax/Core/Actors/PayslipModelActor.swift (in target 'PayslipMax' from project 'PayslipMax')
    cd /Users/sunil/Downloads/PayslipMax
    

SwiftCompile normal arm64 /Users/sunil/Downloads/PayslipMax/PayslipMax/Core/Analytics/AnalyticsEvents.swift (in target 'PayslipMax' from project 'PayslipMax')
    cd /Users/sunil/Downloads/PayslipMax
    

SwiftCompile normal arm64 /Users/sunil/Downloads/PayslipMax/PayslipMax/Core/Analytics/AnalyticsManager.swift (in target 'PayslipMax' from project 'PayslipMax')
    cd /Users/sunil/Downloads/PayslipMax
    

SwiftCompile normal arm64 /Users/sunil/Downloads/PayslipMax/PayslipMax/Core/Analytics/AnalyticsProtocol.swift (in target 'PayslipMax' from project 'PayslipMax')
    cd /Users/sunil/Downloads/PayslipMax
    

SwiftCompile normal arm64 /Users/sunil/Downloads/PayslipMax/PayslipMax/Core/Analytics/AnalyticsProvider.swift (in target 'PayslipMax' from project 'PayslipMax')
    cd /Users/sunil/Downloads/PayslipMax
    

SwiftCompile normal arm64 /Users/sunil/Downloads/PayslipMax/PayslipMax/Core/Analytics/AnalyticsUserProperties.swift (in target 'PayslipMax' from project 'PayslipMax')
    cd /Users/sunil/Downloads/PayslipMax
    

SwiftCompile normal arm64 /Users/sunil/Downloads/PayslipMax/PayslipMax/Core/Analytics/FirebaseAnalyticsProvider.swift (in target 'PayslipMax' from project 'PayslipMax')
    cd /Users/sunil/Downloads/PayslipMax
    

SwiftCompile normal arm64 /Users/sunil/Downloads/PayslipMax/PayslipMax/Core/Analytics/PerformanceAnalyticsService.swift (in target 'PayslipMax' from project 'PayslipMax')
    cd /Users/sunil/Downloads/PayslipMax
    

SwiftCompile normal arm64 /Users/sunil/Downloads/PayslipMax/PayslipMax/Core/Analytics/UserAnalyticsService.swift (in target 'PayslipMax' from project 'PayslipMax')
    cd /Users/sunil/Downloads/PayslipMax
    

SwiftCompile normal arm64 /Users/sunil/Downloads/PayslipMax/PayslipMax/Core/Constants/AppConstants.swift (in target 'PayslipMax' from project 'PayslipMax')
    cd /Users/sunil/Downloads/PayslipMax
    

SwiftCompile normal arm64 /Users/sunil/Downloads/PayslipMax/PayslipMax/Core/DI/Containers/Extensions/ProcessingContainerFactoryDelegations.swift (in target 'PayslipMax' from project 'PayslipMax')
    cd /Users/sunil/Downloads/PayslipMax
    

SwiftCompile normal arm64 /Users/sunil/Downloads/PayslipMax/PayslipMax/Core/DI/Containers/Factories/CoreProcessingFactory.swift (in target 'PayslipMax' from project 'PayslipMax')
    cd /Users/sunil/Downloads/PayslipMax
    

SwiftCompile normal arm64 /Users/sunil/Downloads/PayslipMax/PayslipMax/Core/DI/Containers/Factories/CoreServiceFactory.swift (in target 'PayslipMax' from project 'PayslipMax')
    cd /Users/sunil/Downloads/PayslipMax
    

SwiftCompile normal arm64 /Users/sunil/Downloads/PayslipMax/PayslipMax/Core/DI/Containers/Factories/FeatureFactory.swift (in target 'PayslipMax' from project 'PayslipMax')
    cd /Users/sunil/Downloads/PayslipMax
    

SwiftCompile normal arm64 /Users/sunil/Downloads/PayslipMax/PayslipMax/Core/DI/Containers/Factories/GlobalServiceFactory.swift (in target 'PayslipMax' from project 'PayslipMax')
    cd /Users/sunil/Downloads/PayslipMax
    

SwiftCompile normal arm64 /Users/sunil/Downloads/PayslipMax/PayslipMax/Core/DI/Containers/Factories/PatternApplicationFactory.swift (in target 'PayslipMax' from project 'PayslipMax')
    cd /Users/sunil/Downloads/PayslipMax
    

SwiftCompile normal arm64 /Users/sunil/Downloads/PayslipMax/PayslipMax/Core/DI/Containers/Factories/PDFProcessingFactory.swift (in target 'PayslipMax' from project 'PayslipMax')
    cd /Users/sunil/Downloads/PayslipMax
    

SwiftCompile normal arm64 /Users/sunil/Downloads/PayslipMax/PayslipMax/Core/DI/Containers/Factories/PipelineOptimizationFactory.swift (in target 'PayslipMax' from project 'PayslipMax')
    cd /Users/sunil/Downloads/PayslipMax
    

SwiftCompile normal arm64 /Users/sunil/Downloads/PayslipMax/PayslipMax/Core/DI/Containers/Factories/ProcessingFactory.swift (in target 'PayslipMax' from project 'PayslipMax')
    cd /Users/sunil/Downloads/PayslipMax
    

SwiftCompile normal arm64 /Users/sunil/Downloads/PayslipMax/PayslipMax/Core/DI/Containers/Factories/ServiceResolver.swift (in target 'PayslipMax' from project 'PayslipMax')
    cd /Users/sunil/Downloads/PayslipMax
    

SwiftCompile normal arm64 /Users/sunil/Downloads/PayslipMax/PayslipMax/Core/DI/Containers/Factories/SpatialParsingFactory.swift (in target 'PayslipMax' from project 'PayslipMax')
    cd /Users/sunil/Downloads/PayslipMax
    

SwiftCompile normal arm64 /Users/sunil/Downloads/PayslipMax/PayslipMax/Core/DI/Containers/Factories/StreamingBatchFactory.swift (in target 'PayslipMax' from project 'PayslipMax')
    cd /Users/sunil/Downloads/PayslipMax
    

SwiftCompile normal arm64 /Users/sunil/Downloads/PayslipMax/PayslipMax/Core/DI/Containers/Factories/TextExtractionFactory.swift (in target 'PayslipMax' from project 'PayslipMax')
    cd /Users/sunil/Downloads/PayslipMax
    

SwiftCompile normal arm64 /Users/sunil/Downloads/PayslipMax/PayslipMax/Core/DI/Containers/Factories/UnifiedDIContainerFactory.swift (in target 'PayslipMax' from project 'PayslipMax')
    cd /Users/sunil/Downloads/PayslipMax
    

SwiftCompile normal arm64 /Users/sunil/Downloads/PayslipMax/PayslipMax/Core/DI/Containers/Factories/UnifiedProcessingFactory.swift (in target 'PayslipMax' from project 'PayslipMax')
    cd /Users/sunil/Downloads/PayslipMax
    

SwiftCompile normal arm64 Compiling\ ConfidenceIndicator.swift,\ InvestmentReturnsCard.swift,\ BreakdownItem.swift,\ PayslipShareItemProvider.swift,\ PayslipFilteringService.swift,\ PayslipFormatterService.swift,\ PayslipGroupingService.swift,\ PayslipPDFFormattingService.swift,\ PayslipPDFFormattingServiceProtocol.swift,\ PayslipPDFService.swift,\ PayslipPDFURLService.swift,\ PayslipPDFURLServiceProtocol.swift,\ PayslipShareService.swift,\ PayslipSortingService.swift,\ PDFDocumentCache.swift,\ PrintService.swift,\ PayslipDetailFormatterService.swift,\ PayslipDetailPDFHandler.swift,\ PayslipDetailStateManager.swift,\ PayslipDetailViewModel.swift,\ PayslipImportCoordinator.swift,\ PayslipsViewModel.swift,\ PayslipsViewModelActions.swift,\ PayslipsViewModelSetup.swift,\ PayslipsViewModelSupport.swift /Users/sunil/Downloads/PayslipMax/PayslipMax/Features/Payslips/Components/ConfidenceIndicator.swift /Users/sunil/Downloads/PayslipMax/PayslipMax/Features/Payslips/Components/InvestmentReturnsCard.swift /Users/sunil/Downloads/PayslipMax/PayslipMax/Features/Payslips/Models/BreakdownItem.swift /Users/sunil/Downloads/PayslipMax/PayslipMax/Features/Payslips/Models/PayslipShareItemProvider.swift /Users/sunil/Downloads/PayslipMax/PayslipMax/Features/Payslips/Services/PayslipFilteringService.swift /Users/sunil/Downloads/PayslipMax/PayslipMax/Features/Payslips/Services/PayslipFormatterService.swift /Users/sunil/Downloads/PayslipMax/PayslipMax/Features/Payslips/Services/PayslipGroupingService.swift /Users/sunil/Downloads/PayslipMax/PayslipMax/Features/Payslips/Services/PayslipPDFFormattingService.swift /Users/sunil/Downloads/PayslipMax/PayslipMax/Features/Payslips/Services/PayslipPDFFormattingServiceProtocol.swift /Users/sunil/Downloads/PayslipMax/PayslipMax/Features/Payslips/Services/PayslipPDFService.swift /Users/sunil/Downloads/PayslipMax/PayslipMax/Features/Payslips/Services/PayslipPDFURLService.swift /Users/sunil/Downloads/PayslipMax/PayslipMax/Features/Payslips/Services/PayslipPDFURLServiceProtocol.swift /Users/sunil/Downloads/PayslipMax/PayslipMax/Features/Payslips/Services/PayslipShareService.swift /Users/sunil/Downloads/PayslipMax/PayslipMax/Features/Payslips/Services/PayslipSortingService.swift /Users/sunil/Downloads/PayslipMax/PayslipMax/Features/Payslips/Services/PDFDocumentCache.swift /Users/sunil/Downloads/PayslipMax/PayslipMax/Features/Payslips/Services/PrintService.swift /Users/sunil/Downloads/PayslipMax/PayslipMax/Features/Payslips/ViewModels/PayslipDetailFormatterService.swift /Users/sunil/Downloads/PayslipMax/PayslipMax/Features/Payslips/ViewModels/PayslipDetailPDFHandler.swift /Users/sunil/Downloads/PayslipMax/PayslipMax/Features/Payslips/ViewModels/PayslipDetailStateManager.swift /Users/sunil/Downloads/PayslipMax/PayslipMax/Features/Payslips/ViewModels/PayslipDetailViewModel.swift /Users/sunil/Downloads/PayslipMax/PayslipMax/Features/Payslips/ViewModels/PayslipImportCoordinator.swift /Users/sunil/Downloads/PayslipMax/PayslipMax/Features/Payslips/ViewModels/PayslipsViewModel.swift /Users/sunil/Downloads/PayslipMax/PayslipMax/Features/Payslips/ViewModels/PayslipsViewModelActions.swift /Users/sunil/Downloads/PayslipMax/PayslipMax/Features/Payslips/ViewModels/PayslipsViewModelSetup.swift /Users/sunil/Downloads/PayslipMax/PayslipMax/Features/Payslips/ViewModels/PayslipsViewModelSupport.swift (in target 'PayslipMax' from project 'PayslipMax')

SwiftCompile normal arm64 /Users/sunil/Downloads/PayslipMax/PayslipMax/Features/Payslips/Components/ConfidenceIndicator.swift (in target 'PayslipMax' from project 'PayslipMax')
    cd /Users/sunil/Downloads/PayslipMax
    

SwiftCompile normal arm64 /Users/sunil/Downloads/PayslipMax/PayslipMax/Features/Payslips/Components/InvestmentReturnsCard.swift (in target 'PayslipMax' from project 'PayslipMax')
    cd /Users/sunil/Downloads/PayslipMax
    

SwiftCompile normal arm64 /Users/sunil/Downloads/PayslipMax/PayslipMax/Features/Payslips/Models/BreakdownItem.swift (in target 'PayslipMax' from project 'PayslipMax')
    cd /Users/sunil/Downloads/PayslipMax
    

SwiftCompile normal arm64 /Users/sunil/Downloads/PayslipMax/PayslipMax/Features/Payslips/Models/PayslipShareItemProvider.swift (in target 'PayslipMax' from project 'PayslipMax')
    cd /Users/sunil/Downloads/PayslipMax
    

SwiftCompile normal arm64 /Users/sunil/Downloads/PayslipMax/PayslipMax/Features/Payslips/Services/PayslipFilteringService.swift (in target 'PayslipMax' from project 'PayslipMax')
    cd /Users/sunil/Downloads/PayslipMax
    

SwiftCompile normal arm64 /Users/sunil/Downloads/PayslipMax/PayslipMax/Features/Payslips/Services/PayslipFormatterService.swift (in target 'PayslipMax' from project 'PayslipMax')
    cd /Users/sunil/Downloads/PayslipMax
    

SwiftCompile normal arm64 /Users/sunil/Downloads/PayslipMax/PayslipMax/Features/Payslips/Services/PayslipGroupingService.swift (in target 'PayslipMax' from project 'PayslipMax')
    cd /Users/sunil/Downloads/PayslipMax
    

SwiftCompile normal arm64 /Users/sunil/Downloads/PayslipMax/PayslipMax/Features/Payslips/Services/PayslipPDFFormattingService.swift (in target 'PayslipMax' from project 'PayslipMax')
    cd /Users/sunil/Downloads/PayslipMax
    

SwiftCompile normal arm64 /Users/sunil/Downloads/PayslipMax/PayslipMax/Features/Payslips/Services/PayslipPDFFormattingServiceProtocol.swift (in target 'PayslipMax' from project 'PayslipMax')
    cd /Users/sunil/Downloads/PayslipMax
    

SwiftCompile normal arm64 /Users/sunil/Downloads/PayslipMax/PayslipMax/Features/Payslips/Services/PayslipPDFService.swift (in target 'PayslipMax' from project 'PayslipMax')
    cd /Users/sunil/Downloads/PayslipMax
    

SwiftCompile normal arm64 /Users/sunil/Downloads/PayslipMax/PayslipMax/Features/Payslips/Services/PayslipPDFURLService.swift (in target 'PayslipMax' from project 'PayslipMax')
    cd /Users/sunil/Downloads/PayslipMax
    

SwiftCompile normal arm64 /Users/sunil/Downloads/PayslipMax/PayslipMax/Features/Payslips/Services/PayslipPDFURLServiceProtocol.swift (in target 'PayslipMax' from project 'PayslipMax')
    cd /Users/sunil/Downloads/PayslipMax
    

SwiftCompile normal arm64 /Users/sunil/Downloads/PayslipMax/PayslipMax/Features/Payslips/Services/PayslipShareService.swift (in target 'PayslipMax' from project 'PayslipMax')
    cd /Users/sunil/Downloads/PayslipMax
    

SwiftCompile normal arm64 /Users/sunil/Downloads/PayslipMax/PayslipMax/Features/Payslips/Services/PayslipSortingService.swift (in target 'PayslipMax' from project 'PayslipMax')
    cd /Users/sunil/Downloads/PayslipMax
    

SwiftCompile normal arm64 /Users/sunil/Downloads/PayslipMax/PayslipMax/Features/Payslips/Services/PDFDocumentCache.swift (in target 'PayslipMax' from project 'PayslipMax')
    cd /Users/sunil/Downloads/PayslipMax
    

SwiftCompile normal arm64 /Users/sunil/Downloads/PayslipMax/PayslipMax/Features/Payslips/Services/PrintService.swift (in target 'PayslipMax' from project 'PayslipMax')
    cd /Users/sunil/Downloads/PayslipMax
    

SwiftCompile normal arm64 /Users/sunil/Downloads/PayslipMax/PayslipMax/Features/Payslips/ViewModels/PayslipDetailFormatterService.swift (in target 'PayslipMax' from project 'PayslipMax')
    cd /Users/sunil/Downloads/PayslipMax
    

SwiftCompile normal arm64 /Users/sunil/Downloads/PayslipMax/PayslipMax/Features/Payslips/ViewModels/PayslipDetailPDFHandler.swift (in target 'PayslipMax' from project 'PayslipMax')
    cd /Users/sunil/Downloads/PayslipMax
    

SwiftCompile normal arm64 /Users/sunil/Downloads/PayslipMax/PayslipMax/Features/Payslips/ViewModels/PayslipDetailStateManager.swift (in target 'PayslipMax' from project 'PayslipMax')
    cd /Users/sunil/Downloads/PayslipMax
    

SwiftCompile normal arm64 /Users/sunil/Downloads/PayslipMax/PayslipMax/Features/Payslips/ViewModels/PayslipDetailViewModel.swift (in target 'PayslipMax' from project 'PayslipMax')
    cd /Users/sunil/Downloads/PayslipMax
    

SwiftCompile normal arm64 /Users/sunil/Downloads/PayslipMax/PayslipMax/Features/Payslips/ViewModels/PayslipImportCoordinator.swift (in target 'PayslipMax' from project 'PayslipMax')
    cd /Users/sunil/Downloads/PayslipMax
    

SwiftCompile normal arm64 /Users/sunil/Downloads/PayslipMax/PayslipMax/Features/Payslips/ViewModels/PayslipsViewModel.swift (in target 'PayslipMax' from project 'PayslipMax')
    cd /Users/sunil/Downloads/PayslipMax
    

SwiftCompile normal arm64 /Users/sunil/Downloads/PayslipMax/PayslipMax/Features/Payslips/ViewModels/PayslipsViewModelActions.swift (in target 'PayslipMax' from project 'PayslipMax')
    cd /Users/sunil/Downloads/PayslipMax
    

SwiftCompile normal arm64 /Users/sunil/Downloads/PayslipMax/PayslipMax/Features/Payslips/ViewModels/PayslipsViewModelSetup.swift (in target 'PayslipMax' from project 'PayslipMax')
    cd /Users/sunil/Downloads/PayslipMax
    

SwiftCompile normal arm64 /Users/sunil/Downloads/PayslipMax/PayslipMax/Features/Payslips/ViewModels/PayslipsViewModelSupport.swift (in target 'PayslipMax' from project 'PayslipMax')
    cd /Users/sunil/Downloads/PayslipMax
    

SwiftCompile normal arm64 Compiling\ HomeViewNavigation.swift,\ PayslipDataService.swift,\ PayslipProcessingService.swift,\ DataLoadingCoordinator.swift,\ HomeViewModel.swift,\ HomeViewModelActions.swift,\ HomeViewModelSetup.swift,\ HomeViewModelSupport.swift,\ ManualEntryCoordinator.swift,\ NotificationCoordinator.swift,\ PDFProcessingCoordinator.swift,\ InvestmentTipsView.swift,\ AchievementModels.swift,\ AdvancedInsightsModels.swift,\ GamificationModels.swift,\ InsightsEnums.swift,\ ProgressModels.swift,\ QuizModels.swift,\ SessionModels.swift,\ ActionItemGenerator.swift,\ ActionItemGeneratorProtocol.swift,\ AdvancedAnalyticsCoordinator.swift,\ AdvancedMetricsCalculator.swift,\ AnalyticsErrorHandler.swift,\ BenchmarkAnalysisService.swift /Users/sunil/Downloads/PayslipMax/PayslipMax/Features/Home/Navigation/HomeViewNavigation.swift /Users/sunil/Downloads/PayslipMax/PayslipMax/Features/Home/Services/PayslipDataService.swift /Users/sunil/Downloads/PayslipMax/PayslipMax/Features/Home/Services/PayslipProcessingService.swift /Users/sunil/Downloads/PayslipMax/PayslipMax/Features/Home/ViewModels/DataLoadingCoordinator.swift /Users/sunil/Downloads/PayslipMax/PayslipMax/Features/Home/ViewModels/HomeViewModel.swift /Users/sunil/Downloads/PayslipMax/PayslipMax/Features/Home/ViewModels/HomeViewModelActions.swift /Users/sunil/Downloads/PayslipMax/PayslipMax/Features/Home/ViewModels/HomeViewModelSetup.swift /Users/sunil/Downloads/PayslipMax/PayslipMax/Features/Home/ViewModels/HomeViewModelSupport.swift /Users/sunil/Downloads/PayslipMax/PayslipMax/Features/Home/ViewModels/ManualEntryCoordinator.swift /Users/sunil/Downloads/PayslipMax/PayslipMax/Features/Home/ViewModels/NotificationCoordinator.swift /Users/sunil/Downloads/PayslipMax/PayslipMax/Features/Home/ViewModels/PDFProcessingCoordinator.swift /Users/sunil/Downloads/PayslipMax/PayslipMax/Features/Home/Views/InvestmentTipsView.swift /Users/sunil/Downloads/PayslipMax/PayslipMax/Features/Insights/Models/AchievementModels.swift /Users/sunil/Downloads/PayslipMax/PayslipMax/Features/Insights/Models/AdvancedInsightsModels.swift /Users/sunil/Downloads/PayslipMax/PayslipMax/Features/Insights/Models/GamificationModels.swift /Users/sunil/Downloads/PayslipMax/PayslipMax/Features/Insights/Models/InsightsEnums.swift /Users/sunil/Downloads/PayslipMax/PayslipMax/Features/Insights/Models/ProgressModels.swift /Users/sunil/Downloads/PayslipMax/PayslipMax/Features/Insights/Models/QuizModels.swift /Users/sunil/Downloads/PayslipMax/PayslipMax/Features/Insights/Models/SessionModels.swift /Users/sunil/Downloads/PayslipMax/PayslipMax/Features/Insights/Services/Analytics/ActionItemGenerator.swift /Users/sunil/Downloads/PayslipMax/PayslipMax/Features/Insights/Services/Analytics/ActionItemGeneratorProtocol.swift /Users/sunil/Downloads/PayslipMax/PayslipMax/Features/Insights/Services/Analytics/AdvancedAnalyticsCoordinator.swift /Users/sunil/Downloads/PayslipMax/PayslipMax/Features/Insights/Services/Analytics/AdvancedMetricsCalculator.swift /Users/sunil/Downloads/PayslipMax/PayslipMax/Features/Insights/Services/Analytics/AnalyticsErrorHandler.swift /Users/sunil/Downloads/PayslipMax/PayslipMax/Features/Insights/Services/Analytics/BenchmarkAnalysisService.swift (in target 'PayslipMax' from project 'PayslipMax')
SwiftCompile normal arm64 /Users/sunil/Downloads/PayslipMax/PayslipMax/Features/Home/Navigation/HomeViewNavigation.swift (in target 'PayslipMax' from project 'PayslipMax')
    cd /Users/sunil/Downloads/PayslipMax
    

SwiftCompile normal arm64 /Users/sunil/Downloads/PayslipMax/PayslipMax/Features/Home/Services/PayslipDataService.swift (in target 'PayslipMax' from project 'PayslipMax')
    cd /Users/sunil/Downloads/PayslipMax
    

SwiftCompile normal arm64 /Users/sunil/Downloads/PayslipMax/PayslipMax/Features/Home/Services/PayslipProcessingService.swift (in target 'PayslipMax' from project 'PayslipMax')
    cd /Users/sunil/Downloads/PayslipMax
    

SwiftCompile normal arm64 /Users/sunil/Downloads/PayslipMax/PayslipMax/Features/Home/ViewModels/DataLoadingCoordinator.swift (in target 'PayslipMax' from project 'PayslipMax')
    cd /Users/sunil/Downloads/PayslipMax
    

SwiftCompile normal arm64 /Users/sunil/Downloads/PayslipMax/PayslipMax/Features/Home/ViewModels/HomeViewModel.swift (in target 'PayslipMax' from project 'PayslipMax')
    cd /Users/sunil/Downloads/PayslipMax
    

SwiftCompile normal arm64 /Users/sunil/Downloads/PayslipMax/PayslipMax/Features/Home/ViewModels/HomeViewModelActions.swift (in target 'PayslipMax' from project 'PayslipMax')
    cd /Users/sunil/Downloads/PayslipMax
    

SwiftCompile normal arm64 /Users/sunil/Downloads/PayslipMax/PayslipMax/Features/Home/ViewModels/HomeViewModelSetup.swift (in target 'PayslipMax' from project 'PayslipMax')
    cd /Users/sunil/Downloads/PayslipMax
    

SwiftCompile normal arm64 /Users/sunil/Downloads/PayslipMax/PayslipMax/Features/Home/ViewModels/HomeViewModelSupport.swift (in target 'PayslipMax' from project 'PayslipMax')
    cd /Users/sunil/Downloads/PayslipMax
    

SwiftCompile normal arm64 /Users/sunil/Downloads/PayslipMax/PayslipMax/Features/Home/ViewModels/ManualEntryCoordinator.swift (in target 'PayslipMax' from project 'PayslipMax')
    cd /Users/sunil/Downloads/PayslipMax
    

SwiftCompile normal arm64 /Users/sunil/Downloads/PayslipMax/PayslipMax/Features/Home/ViewModels/NotificationCoordinator.swift (in target 'PayslipMax' from project 'PayslipMax')
    cd /Users/sunil/Downloads/PayslipMax
    

SwiftCompile normal arm64 /Users/sunil/Downloads/PayslipMax/PayslipMax/Features/Home/ViewModels/PDFProcessingCoordinator.swift (in target 'PayslipMax' from project 'PayslipMax')
    cd /Users/sunil/Downloads/PayslipMax
    

SwiftCompile normal arm64 /Users/sunil/Downloads/PayslipMax/PayslipMax/Features/Home/Views/InvestmentTipsView.swift (in target 'PayslipMax' from project 'PayslipMax')
    cd /Users/sunil/Downloads/PayslipMax
    

SwiftCompile normal arm64 /Users/sunil/Downloads/PayslipMax/PayslipMax/Features/Insights/Models/AchievementModels.swift (in target 'PayslipMax' from project 'PayslipMax')
    cd /Users/sunil/Downloads/PayslipMax
    

SwiftCompile normal arm64 /Users/sunil/Downloads/PayslipMax/PayslipMax/Features/Insights/Models/AdvancedInsightsModels.swift (in target 'PayslipMax' from project 'PayslipMax')
    cd /Users/sunil/Downloads/PayslipMax
    

SwiftCompile normal arm64 /Users/sunil/Downloads/PayslipMax/PayslipMax/Features/Insights/Models/GamificationModels.swift (in target 'PayslipMax' from project 'PayslipMax')
    cd /Users/sunil/Downloads/PayslipMax
    

SwiftCompile normal arm64 /Users/sunil/Downloads/PayslipMax/PayslipMax/Features/Insights/Models/InsightsEnums.swift (in target 'PayslipMax' from project 'PayslipMax')
    cd /Users/sunil/Downloads/PayslipMax
    

SwiftCompile normal arm64 /Users/sunil/Downloads/PayslipMax/PayslipMax/Features/Insights/Models/ProgressModels.swift (in target 'PayslipMax' from project 'PayslipMax')
    cd /Users/sunil/Downloads/PayslipMax
    

SwiftCompile normal arm64 /Users/sunil/Downloads/PayslipMax/PayslipMax/Features/Insights/Models/QuizModels.swift (in target 'PayslipMax' from project 'PayslipMax')
    cd /Users/sunil/Downloads/PayslipMax
    

SwiftCompile normal arm64 /Users/sunil/Downloads/PayslipMax/PayslipMax/Features/Insights/Models/SessionModels.swift (in target 'PayslipMax' from project 'PayslipMax')
    cd /Users/sunil/Downloads/PayslipMax
    

SwiftCompile normal arm64 /Users/sunil/Downloads/PayslipMax/PayslipMax/Features/Insights/Services/Analytics/ActionItemGenerator.swift (in target 'PayslipMax' from project 'PayslipMax')
    cd /Users/sunil/Downloads/PayslipMax
    

SwiftCompile normal arm64 /Users/sunil/Downloads/PayslipMax/PayslipMax/Features/Insights/Services/Analytics/ActionItemGeneratorProtocol.swift (in target 'PayslipMax' from project 'PayslipMax')
    cd /Users/sunil/Downloads/PayslipMax
    

SwiftCompile normal arm64 /Users/sunil/Downloads/PayslipMax/PayslipMax/Features/Insights/Services/Analytics/AdvancedAnalyticsCoordinator.swift (in target 'PayslipMax' from project 'PayslipMax')
    cd /Users/sunil/Downloads/PayslipMax
    

SwiftCompile normal arm64 /Users/sunil/Downloads/PayslipMax/PayslipMax/Features/Insights/Services/Analytics/AdvancedMetricsCalculator.swift (in target 'PayslipMax' from project 'PayslipMax')
    cd /Users/sunil/Downloads/PayslipMax
    

SwiftCompile normal arm64 /Users/sunil/Downloads/PayslipMax/PayslipMax/Features/Insights/Services/Analytics/AnalyticsErrorHandler.swift (in target 'PayslipMax' from project 'PayslipMax')
    cd /Users/sunil/Downloads/PayslipMax
    

SwiftCompile normal arm64 /Users/sunil/Downloads/PayslipMax/PayslipMax/Features/Insights/Services/Analytics/BenchmarkAnalysisService.swift (in target 'PayslipMax' from project 'PayslipMax')
    cd /Users/sunil/Downloads/PayslipMax
    

SwiftExplicitDependencyGeneratePcm x86_64 /Users/sunil/Library/Developer/Xcode/DerivedData/ModuleCache.noindex/os_object-C8D2M09HZVU2AK0IR0KDZIOA5.pcm

SwiftExplicitDependencyGeneratePcm x86_64 /Users/sunil/Library/Developer/Xcode/DerivedData/ModuleCache.noindex/Spatial-2O35YFYTRGJS094YZ34RH1OLK.pcm

SwiftExplicitDependencyGeneratePcm x86_64 /Users/sunil/Library/Developer/Xcode/DerivedData/ModuleCache.noindex/os_workgroup-2L96N1XVE6IC0528AV19KZDZ4.pcm

SwiftCompile normal arm64 Compiling\ DocumentMetadataExtractor.swift,\ DocumentSectionExtractor.swift,\ DocumentStructureIdentifier.swift,\ FinancialDataSectionParser.swift,\ PersonalInfoSectionParser.swift,\ ArrearsDisplayFormatter.swift,\ BatchProcessingTypes.swift,\ CoalescedOperationTypes.swift,\ ComponentClassificationRules.swift,\ DataExtractionAlgorithms.swift,\ DataExtractionPatterns.swift,\ DataExtractionService.swift,\ DataExtractionValidation.swift,\ DataExtractionValidationTypes.swift,\ DateConfidenceCalculator.swift,\ DatePatternDefinitions.swift,\ DateProcessingUtilities.swift,\ DateSelectionService.swift,\ DateValidationService.swift,\ DeduplicationMetricsAnalyzer.swift,\ DeduplicationMetricsCollector.swift,\ DeduplicationMetricsService.swift,\ DeduplicationMetricsTypes.swift,\ DocumentFingerprintGenerator.swift,\ DocumentFingerprintSimilarity.swift /Users/sunil/Downloads/PayslipMax/PayslipMax/Services/PDFParsing/DocumentMetadataExtractor.swift /Users/sunil/Downloads/PayslipMax/PayslipMax/Services/PDFParsing/DocumentSectionExtractor.swift /Users/sunil/Downloads/PayslipMax/PayslipMax/Services/PDFParsing/DocumentStructureIdentifier.swift /Users/sunil/Downloads/PayslipMax/PayslipMax/Services/PDFParsing/FinancialDataSectionParser.swift /Users/sunil/Downloads/PayslipMax/PayslipMax/Services/PDFParsing/PersonalInfoSectionParser.swift /Users/sunil/Downloads/PayslipMax/PayslipMax/Services/Processing/ArrearsDisplayFormatter.swift /Users/sunil/Downloads/PayslipMax/PayslipMax/Services/Processing/BatchProcessingTypes.swift /Users/sunil/Downloads/PayslipMax/PayslipMax/Services/Processing/CoalescedOperationTypes.swift /Users/sunil/Downloads/PayslipMax/PayslipMax/Services/Processing/ComponentClassificationRules.swift /Users/sunil/Downloads/PayslipMax/PayslipMax/Services/Processing/DataExtractionAlgorithms.swift /Users/sunil/Downloads/PayslipMax/PayslipMax/Services/Processing/DataExtractionPatterns.swift /Users/sunil/Downloads/PayslipMax/PayslipMax/Services/Processing/DataExtractionService.swift /Users/sunil/Downloads/PayslipMax/PayslipMax/Services/Processing/DataExtractionValidation.swift /Users/sunil/Downloads/PayslipMax/PayslipMax/Services/Processing/DataExtractionValidationTypes.swift /Users/sunil/Downloads/PayslipMax/PayslipMax/Services/Processing/DateConfidenceCalculator.swift /Users/sunil/Downloads/PayslipMax/PayslipMax/Services/Processing/DatePatternDefinitions.swift /Users/sunil/Downloads/PayslipMax/PayslipMax/Services/Processing/DateProcessingUtilities.swift /Users/sunil/Downloads/PayslipMax/PayslipMax/Services/Processing/DateSelectionService.swift /Users/sunil/Downloads/PayslipMax/PayslipMax/Services/Processing/DateValidationService.swift /Users/sunil/Downloads/PayslipMax/PayslipMax/Services/Processing/DeduplicationMetricsAnalyzer.swift /Users/sunil/Downloads/PayslipMax/PayslipMax/Services/Processing/DeduplicationMetricsCollector.swift /Users/sunil/Downloads/PayslipMax/PayslipMax/Services/Processing/DeduplicationMetricsService.swift /Users/sunil/Downloads/PayslipMax/PayslipMax/Services/Processing/DeduplicationMetricsTypes.swift /Users/sunil/Downloads/PayslipMax/PayslipMax/Services/Processing/DocumentFingerprintGenerator.swift /Users/sunil/Downloads/PayslipMax/PayslipMax/Services/Processing/DocumentFingerprintSimilarity.swift (in target 'PayslipMax' from project 'PayslipMax')

SwiftCompile normal arm64 /Users/sunil/Downloads/PayslipMax/PayslipMax/Services/PDFParsing/DocumentMetadataExtractor.swift (in target 'PayslipMax' from project 'PayslipMax')
    cd /Users/sunil/Downloads/PayslipMax
    

SwiftCompile normal arm64 /Users/sunil/Downloads/PayslipMax/PayslipMax/Services/PDFParsing/DocumentSectionExtractor.swift (in target 'PayslipMax' from project 'PayslipMax')
    cd /Users/sunil/Downloads/PayslipMax
    

SwiftCompile normal arm64 /Users/sunil/Downloads/PayslipMax/PayslipMax/Services/PDFParsing/DocumentStructureIdentifier.swift (in target 'PayslipMax' from project 'PayslipMax')
    cd /Users/sunil/Downloads/PayslipMax
    

SwiftCompile normal arm64 /Users/sunil/Downloads/PayslipMax/PayslipMax/Services/PDFParsing/FinancialDataSectionParser.swift (in target 'PayslipMax' from project 'PayslipMax')
    cd /Users/sunil/Downloads/PayslipMax
    

SwiftCompile normal arm64 /Users/sunil/Downloads/PayslipMax/PayslipMax/Services/PDFParsing/PersonalInfoSectionParser.swift (in target 'PayslipMax' from project 'PayslipMax')
    cd /Users/sunil/Downloads/PayslipMax
    

SwiftCompile normal arm64 /Users/sunil/Downloads/PayslipMax/PayslipMax/Services/Processing/ArrearsDisplayFormatter.swift (in target 'PayslipMax' from project 'PayslipMax')
    cd /Users/sunil/Downloads/PayslipMax
    

SwiftCompile normal arm64 /Users/sunil/Downloads/PayslipMax/PayslipMax/Services/Processing/BatchProcessingTypes.swift (in target 'PayslipMax' from project 'PayslipMax')
    cd /Users/sunil/Downloads/PayslipMax
    

SwiftCompile normal arm64 /Users/sunil/Downloads/PayslipMax/PayslipMax/Services/Processing/CoalescedOperationTypes.swift (in target 'PayslipMax' from project 'PayslipMax')
    cd /Users/sunil/Downloads/PayslipMax
    

SwiftCompile normal arm64 /Users/sunil/Downloads/PayslipMax/PayslipMax/Services/Processing/ComponentClassificationRules.swift (in target 'PayslipMax' from project 'PayslipMax')
    cd /Users/sunil/Downloads/PayslipMax
    

SwiftCompile normal arm64 /Users/sunil/Downloads/PayslipMax/PayslipMax/Services/Processing/DataExtractionAlgorithms.swift (in target 'PayslipMax' from project 'PayslipMax')
    cd /Users/sunil/Downloads/PayslipMax
    

SwiftCompile normal arm64 /Users/sunil/Downloads/PayslipMax/PayslipMax/Services/Processing/DataExtractionPatterns.swift (in target 'PayslipMax' from project 'PayslipMax')
    cd /Users/sunil/Downloads/PayslipMax
    

SwiftCompile normal arm64 /Users/sunil/Downloads/PayslipMax/PayslipMax/Services/Processing/DataExtractionService.swift (in target 'PayslipMax' from project 'PayslipMax')
    cd /Users/sunil/Downloads/PayslipMax
    

SwiftCompile normal arm64 /Users/sunil/Downloads/PayslipMax/PayslipMax/Services/Processing/DataExtractionValidation.swift (in target 'PayslipMax' from project 'PayslipMax')
    cd /Users/sunil/Downloads/PayslipMax
    

SwiftCompile normal arm64 /Users/sunil/Downloads/PayslipMax/PayslipMax/Services/Processing/DataExtractionValidationTypes.swift (in target 'PayslipMax' from project 'PayslipMax')
    cd /Users/sunil/Downloads/PayslipMax
    

SwiftCompile normal arm64 /Users/sunil/Downloads/PayslipMax/PayslipMax/Services/Processing/DateConfidenceCalculator.swift (in target 'PayslipMax' from project 'PayslipMax')
    cd /Users/sunil/Downloads/PayslipMax
    

SwiftCompile normal arm64 /Users/sunil/Downloads/PayslipMax/PayslipMax/Services/Processing/DatePatternDefinitions.swift (in target 'PayslipMax' from project 'PayslipMax')
    cd /Users/sunil/Downloads/PayslipMax
    

SwiftCompile normal arm64 /Users/sunil/Downloads/PayslipMax/PayslipMax/Services/Processing/DateProcessingUtilities.swift (in target 'PayslipMax' from project 'PayslipMax')
    cd /Users/sunil/Downloads/PayslipMax
    

SwiftCompile normal arm64 /Users/sunil/Downloads/PayslipMax/PayslipMax/Services/Processing/DateSelectionService.swift (in target 'PayslipMax' from project 'PayslipMax')
    cd /Users/sunil/Downloads/PayslipMax
    

SwiftCompile normal arm64 /Users/sunil/Downloads/PayslipMax/PayslipMax/Services/Processing/DateValidationService.swift (in target 'PayslipMax' from project 'PayslipMax')
    cd /Users/sunil/Downloads/PayslipMax
    

SwiftCompile normal arm64 /Users/sunil/Downloads/PayslipMax/PayslipMax/Services/Processing/DeduplicationMetricsAnalyzer.swift (in target 'PayslipMax' from project 'PayslipMax')
    cd /Users/sunil/Downloads/PayslipMax
    

SwiftCompile normal arm64 /Users/sunil/Downloads/PayslipMax/PayslipMax/Services/Processing/DeduplicationMetricsCollector.swift (in target 'PayslipMax' from project 'PayslipMax')
    cd /Users/sunil/Downloads/PayslipMax
    

SwiftCompile normal arm64 /Users/sunil/Downloads/PayslipMax/PayslipMax/Services/Processing/DeduplicationMetricsService.swift (in target 'PayslipMax' from project 'PayslipMax')
    cd /Users/sunil/Downloads/PayslipMax
    

SwiftCompile normal arm64 /Users/sunil/Downloads/PayslipMax/PayslipMax/Services/Processing/DeduplicationMetricsTypes.swift (in target 'PayslipMax' from project 'PayslipMax')
    cd /Users/sunil/Downloads/PayslipMax
    

SwiftCompile normal arm64 /Users/sunil/Downloads/PayslipMax/PayslipMax/Services/Processing/DocumentFingerprintGenerator.swift (in target 'PayslipMax' from project 'PayslipMax')
    cd /Users/sunil/Downloads/PayslipMax
    

SwiftCompile normal arm64 /Users/sunil/Downloads/PayslipMax/PayslipMax/Services/Processing/DocumentFingerprintSimilarity.swift (in target 'PayslipMax' from project 'PayslipMax')
    cd /Users/sunil/Downloads/PayslipMax
    

SwiftExplicitDependencyGeneratePcm x86_64 /Users/sunil/Library/Developer/Xcode/DerivedData/ModuleCache.noindex/Dispatch-83MR2JZG1RLIZAYQP47BKCI4C.pcm

SwiftDriverJobDiscovery normal arm64 Compiling PayslipModelActor.swift, AnalyticsEvents.swift, AnalyticsManager.swift, AnalyticsProtocol.swift, AnalyticsProvider.swift, AnalyticsUserProperties.swift, FirebaseAnalyticsProvider.swift, PerformanceAnalyticsService.swift, UserAnalyticsService.swift, AppConstants.swift, ProcessingContainerFactoryDelegations.swift, CoreProcessingFactory.swift, CoreServiceFactory.swift, FeatureFactory.swift, GlobalServiceFactory.swift, PatternApplicationFactory.swift, PDFProcessingFactory.swift, PipelineOptimizationFactory.swift, ProcessingFactory.swift, ServiceResolver.swift, SpatialParsingFactory.swift, StreamingBatchFactory.swift, TextExtractionFactory.swift, UnifiedDIContainerFactory.swift, UnifiedProcessingFactory.swift (in target 'PayslipMax' from project 'PayslipMax')

SwiftCompile normal arm64 Compiling\ UIAppearanceService.swift,\ DocumentPickerView.swift,\ ScannerView.swift,\ ViewModifiers.swift,\ AbbreviationLearningSystem.swift,\ AbbreviationManager.swift,\ Constants.swift,\ CurrencyFormatter.swift,\ Formatters.swift,\ PayslipLearningSystem.swift,\ PayslipPatternManager.swift,\ PayslipPatternManagerCompat.swift,\ UnifiedPatternDefinitions.swift,\ UnifiedPatternMatcher.swift,\ CategorizedPayItemsViewModel.swift,\ SecurityViewModel.swift,\ SimplifiedPayslipViewModel.swift,\ DeepLinkQRView.swift,\ PayslipExtractionDiagnosticsView.swift,\ ChartLegend.swift,\ CreditsDebitsChartView.swift,\ DSOPChartView.swift,\ FinancialOverviewCard.swift,\ FinancialOverviewComponents.swift /Users/sunil/Downloads/PayslipMax/PayslipMax/Services/UIAppearanceService.swift /Users/sunil/Downloads/PayslipMax/PayslipMax/Shared/Components/DocumentPickerView.swift /Users/sunil/Downloads/PayslipMax/PayslipMax/Shared/Components/ScannerView.swift /Users/sunil/Downloads/PayslipMax/PayslipMax/Shared/Components/ViewModifiers.swift /Users/sunil/Downloads/PayslipMax/PayslipMax/Shared/Utilities/AbbreviationLearningSystem.swift /Users/sunil/Downloads/PayslipMax/PayslipMax/Shared/Utilities/AbbreviationManager.swift /Users/sunil/Downloads/PayslipMax/PayslipMax/Shared/Utilities/Constants.swift /Users/sunil/Downloads/PayslipMax/PayslipMax/Shared/Utilities/CurrencyFormatter.swift /Users/sunil/Downloads/PayslipMax/PayslipMax/Shared/Utilities/Formatters.swift /Users/sunil/Downloads/PayslipMax/PayslipMax/Shared/Utilities/PayslipLearningSystem.swift /Users/sunil/Downloads/PayslipMax/PayslipMax/Shared/Utilities/PayslipPatternManager.swift /Users/sunil/Downloads/PayslipMax/PayslipMax/Shared/Utilities/PayslipPatternManagerCompat.swift /Users/sunil/Downloads/PayslipMax/PayslipMax/Shared/Utilities/UnifiedPatternDefinitions.swift /Users/sunil/Downloads/PayslipMax/PayslipMax/Shared/Utilities/UnifiedPatternMatcher.swift /Users/sunil/Downloads/PayslipMax/PayslipMax/ViewModels/CategorizedPayItemsViewModel.swift /Users/sunil/Downloads/PayslipMax/PayslipMax/ViewModels/SecurityViewModel.swift /Users/sunil/Downloads/PayslipMax/PayslipMax/ViewModels/SimplifiedPayslipViewModel.swift /Users/sunil/Downloads/PayslipMax/PayslipMax/Views/Debug/DeepLinkQRView.swift /Users/sunil/Downloads/PayslipMax/PayslipMax/Views/Diagnostics/PayslipExtractionDiagnosticsView.swift /Users/sunil/Downloads/PayslipMax/PayslipMax/Views/Home/Components/Charts/ChartLegend.swift /Users/sunil/Downloads/PayslipMax/PayslipMax/Views/Home/Components/Charts/CreditsDebitsChartView.swift /Users/sunil/Downloads/PayslipMax/PayslipMax/Views/Home/Components/Charts/DSOPChartView.swift /Users/sunil/Downloads/PayslipMax/PayslipMax/Views/Home/Components/Charts/FinancialOverviewCard.swift /Users/sunil/Downloads/PayslipMax/PayslipMax/Views/Home/Components/Charts/FinancialOverviewComponents.swift (in target 'PayslipMax' from project 'PayslipMax')

SwiftCompile normal arm64 /Users/sunil/Downloads/PayslipMax/PayslipMax/Services/UIAppearanceService.swift (in target 'PayslipMax' from project 'PayslipMax')
    cd /Users/sunil/Downloads/PayslipMax
    

SwiftCompile normal arm64 /Users/sunil/Downloads/PayslipMax/PayslipMax/Shared/Components/DocumentPickerView.swift (in target 'PayslipMax' from project 'PayslipMax')
    cd /Users/sunil/Downloads/PayslipMax
    

SwiftCompile normal arm64 /Users/sunil/Downloads/PayslipMax/PayslipMax/Shared/Components/ScannerView.swift (in target 'PayslipMax' from project 'PayslipMax')
    cd /Users/sunil/Downloads/PayslipMax
    

SwiftCompile normal arm64 /Users/sunil/Downloads/PayslipMax/PayslipMax/Shared/Components/ViewModifiers.swift (in target 'PayslipMax' from project 'PayslipMax')
    cd /Users/sunil/Downloads/PayslipMax
    

SwiftCompile normal arm64 /Users/sunil/Downloads/PayslipMax/PayslipMax/Shared/Utilities/AbbreviationLearningSystem.swift (in target 'PayslipMax' from project 'PayslipMax')
    cd /Users/sunil/Downloads/PayslipMax
    

SwiftCompile normal arm64 /Users/sunil/Downloads/PayslipMax/PayslipMax/Shared/Utilities/AbbreviationManager.swift (in target 'PayslipMax' from project 'PayslipMax')
    cd /Users/sunil/Downloads/PayslipMax
    

SwiftCompile normal arm64 /Users/sunil/Downloads/PayslipMax/PayslipMax/Shared/Utilities/Constants.swift (in target 'PayslipMax' from project 'PayslipMax')
    cd /Users/sunil/Downloads/PayslipMax
    

SwiftCompile normal arm64 /Users/sunil/Downloads/PayslipMax/PayslipMax/Shared/Utilities/CurrencyFormatter.swift (in target 'PayslipMax' from project 'PayslipMax')
    cd /Users/sunil/Downloads/PayslipMax
    

SwiftCompile normal arm64 /Users/sunil/Downloads/PayslipMax/PayslipMax/Shared/Utilities/Formatters.swift (in target 'PayslipMax' from project 'PayslipMax')
    cd /Users/sunil/Downloads/PayslipMax
    

SwiftCompile normal arm64 /Users/sunil/Downloads/PayslipMax/PayslipMax/Shared/Utilities/PayslipLearningSystem.swift (in target 'PayslipMax' from project 'PayslipMax')
    cd /Users/sunil/Downloads/PayslipMax
    

SwiftCompile normal arm64 /Users/sunil/Downloads/PayslipMax/PayslipMax/Shared/Utilities/PayslipPatternManager.swift (in target 'PayslipMax' from project 'PayslipMax')
    cd /Users/sunil/Downloads/PayslipMax
    

SwiftCompile normal arm64 /Users/sunil/Downloads/PayslipMax/PayslipMax/Shared/Utilities/PayslipPatternManagerCompat.swift (in target 'PayslipMax' from project 'PayslipMax')
    cd /Users/sunil/Downloads/PayslipMax
    

SwiftCompile normal arm64 /Users/sunil/Downloads/PayslipMax/PayslipMax/Shared/Utilities/UnifiedPatternDefinitions.swift (in target 'PayslipMax' from project 'PayslipMax')
    cd /Users/sunil/Downloads/PayslipMax
    

SwiftCompile normal arm64 /Users/sunil/Downloads/PayslipMax/PayslipMax/Shared/Utilities/UnifiedPatternMatcher.swift (in target 'PayslipMax' from project 'PayslipMax')
    cd /Users/sunil/Downloads/PayslipMax
    

SwiftCompile normal arm64 /Users/sunil/Downloads/PayslipMax/PayslipMax/ViewModels/CategorizedPayItemsViewModel.swift (in target 'PayslipMax' from project 'PayslipMax')
    cd /Users/sunil/Downloads/PayslipMax
    

SwiftCompile normal arm64 /Users/sunil/Downloads/PayslipMax/PayslipMax/ViewModels/SecurityViewModel.swift (in target 'PayslipMax' from project 'PayslipMax')
    cd /Users/sunil/Downloads/PayslipMax
    

SwiftCompile normal arm64 /Users/sunil/Downloads/PayslipMax/PayslipMax/ViewModels/SimplifiedPayslipViewModel.swift (in target 'PayslipMax' from project 'PayslipMax')
    cd /Users/sunil/Downloads/PayslipMax
    

SwiftCompile normal arm64 /Users/sunil/Downloads/PayslipMax/PayslipMax/Views/Debug/DeepLinkQRView.swift (in target 'PayslipMax' from project 'PayslipMax')
    cd /Users/sunil/Downloads/PayslipMax
    

SwiftCompile normal arm64 /Users/sunil/Downloads/PayslipMax/PayslipMax/Views/Diagnostics/PayslipExtractionDiagnosticsView.swift (in target 'PayslipMax' from project 'PayslipMax')
    cd /Users/sunil/Downloads/PayslipMax
    

SwiftCompile normal arm64 /Users/sunil/Downloads/PayslipMax/PayslipMax/Views/Home/Components/Charts/ChartLegend.swift (in target 'PayslipMax' from project 'PayslipMax')
    cd /Users/sunil/Downloads/PayslipMax
    

SwiftCompile normal arm64 /Users/sunil/Downloads/PayslipMax/PayslipMax/Views/Home/Components/Charts/CreditsDebitsChartView.swift (in target 'PayslipMax' from project 'PayslipMax')
    cd /Users/sunil/Downloads/PayslipMax
    

SwiftCompile normal arm64 /Users/sunil/Downloads/PayslipMax/PayslipMax/Views/Home/Components/Charts/DSOPChartView.swift (in target 'PayslipMax' from project 'PayslipMax')
    cd /Users/sunil/Downloads/PayslipMax
    

SwiftCompile normal arm64 /Users/sunil/Downloads/PayslipMax/PayslipMax/Views/Home/Components/Charts/FinancialOverviewCard.swift (in target 'PayslipMax' from project 'PayslipMax')
    cd /Users/sunil/Downloads/PayslipMax
    

SwiftCompile normal arm64 /Users/sunil/Downloads/PayslipMax/PayslipMax/Views/Home/Components/Charts/FinancialOverviewComponents.swift (in target 'PayslipMax' from project 'PayslipMax')
    cd /Users/sunil/Downloads/PayslipMax
    

SwiftExplicitDependencyGeneratePcm x86_64 /Users/sunil/Library/Developer/Xcode/DerivedData/ModuleCache.noindex/XPC-55MJBOZMMBOWKP8UW2F8E5W14.pcm

SwiftDriverJobDiscovery normal arm64 Compiling ViewModelFactory.swift, CoreServiceContainer.swift, DateExtractionServices.swift, FeatureContainer.swift, ProcessingContainer.swift, ViewModelContainer.swift, CoreServiceContainerProtocol.swift, FeatureContainerProtocol.swift, ProcessingContainerProtocol.swift, ViewModelContainerProtocol.swift, AppContainer.swift, DIContainer.swift, DIContainerProtocol.swift, EmergencyRollbackProtocol.swift, RouterResolver.swift, ServiceFactoryHelpers.swift, AppError.swift, ExtractionError.swift, MilitaryExtractionError.swift, SecurityErrorTypes.swift, PayslipEvents.swift, FeatureDescriptions.swift, FeatureFlagConfiguration.swift, FeatureFlagDemoView.swift, FeatureFlagManager.swift (in target 'PayslipMax' from project 'PayslipMax')

SwiftExplicitDependencyGeneratePcm x86_64 /Users/sunil/Library/Developer/Xcode/DerivedData/ModuleCache.noindex/dnssd-DD0OXGSIDWEM2NJOEV4RELYY8.pcm

SwiftExplicitDependencyGeneratePcm x86_64 /Users/sunil/Library/Developer/Xcode/DerivedData/ModuleCache.noindex/CoreFoundation-7DHCILE4VX187WH3RPJMJ4F2W.pcm

SwiftExplicitDependencyGeneratePcm x86_64 /Users/sunil/Library/Developer/Xcode/DerivedData/ModuleCache.noindex/os-8JAW55WC530274ER12E3NS57U.pcm

SwiftDriverJobDiscovery normal arm64 Compiling DataServiceProtocols.swift, DataServiceSupport.swift, DeductionsSectionProcessor.swift, EarningsDeductionsValidator.swift, EarningsSectionProcessor.swift, EnhancedEarningsDeductionsParser.swift, ExtractionStrategyService.swift, MilitaryAbbreviationsService.swift, PatternTestingService.swift, PayItemCategorizationService.swift, PayslipDataEnrichmentService.swift, PayslipDataEnrichmentServiceProtocol.swift, PayslipItemFactory.swift, PayslipItemFactoryExtensions.swift, PayslipParsingUtility.swift, PayslipSharingService.swift, PayslipSharingServiceProtocol.swift, PDFExtractionTrainer.swift, PDFProcessingMethods.swift, PDFProcessingService.swift, PDFServiceImpl.swift, SectionParserHelper.swift, SecurityServiceImpl.swift, TextPostprocessingUtilities.swift, TextPreprocessingUtilities.swift (in target 'PayslipMax' from project 'PayslipMax')

SwiftCompile normal arm64 Compiling\ MilitaryAbbreviationsServiceExtensions.swift,\ MultiLineCellMerger.swift,\ ParallelTextExtractor.swift,\ PatternApplicationEngine.swift,\ PatternApplicationStrategies.swift,\ PatternApplicationValidation.swift,\ PatternApplier.swift,\ PatternBasedExtractor.swift,\ PatternExtractor.swift,\ PatternMatcher.swift,\ PatternMatchingService.swift,\ PatternMatchingServiceProtocol.swift,\ PatternMatchingUtilityService.swift,\ PatternValidationHelper.swift,\ PayCodeClassificationConstants.swift,\ PayCodeClassificationEngine.swift,\ PayCodePatternGenerator.swift,\ PayslipBuilder.swift,\ PayslipBuilderService.swift,\ PayslipExtractorService.swift,\ PayslipValidator.swift,\ PDFCacheCleanup.swift,\ PDFCacheConfiguration.swift,\ PDFCacheMetrics.swift,\ PDFExtractionUtility.swift /Users/sunil/Downloads/PayslipMax/PayslipMax/Services/Extraction/MilitaryAbbreviationsServiceExtensions.swift /Users/sunil/Downloads/PayslipMax/PayslipMax/Services/Extraction/MultiLineCellMerger.swift /Users/sunil/Downloads/PayslipMax/PayslipMax/Services/Extraction/ParallelTextExtractor.swift /Users/sunil/Downloads/PayslipMax/PayslipMax/Services/Extraction/PatternApplicationEngine.swift /Users/sunil/Downloads/PayslipMax/PayslipMax/Services/Extraction/PatternApplicationStrategies.swift /Users/sunil/Downloads/PayslipMax/PayslipMax/Services/Extraction/PatternApplicationValidation.swift /Users/sunil/Downloads/PayslipMax/PayslipMax/Services/Extraction/PatternApplier.swift /Users/sunil/Downloads/PayslipMax/PayslipMax/Services/Extraction/PatternBasedExtractor.swift /Users/sunil/Downloads/PayslipMax/PayslipMax/Services/Extraction/PatternExtractor.swift /Users/sunil/Downloads/PayslipMax/PayslipMax/Services/Extraction/PatternMatcher.swift /Users/sunil/Downloads/PayslipMax/PayslipMax/Services/Extraction/PatternMatchingService.swift /Users/sunil/Downloads/PayslipMax/PayslipMax/Services/Extraction/PatternMatchingServiceProtocol.swift /Users/sunil/Downloads/PayslipMax/PayslipMax/Services/Extraction/PatternMatchingUtilityService.swift /Users/sunil/Downloads/PayslipMax/PayslipMax/Services/Extraction/PatternValidationHelper.swift /Users/sunil/Downloads/PayslipMax/PayslipMax/Services/Extraction/PayCodeClassificationConstants.swift /Users/sunil/Downloads/PayslipMax/PayslipMax/Services/Extraction/PayCodeClassificationEngine.swift /Users/sunil/Downloads/PayslipMax/PayslipMax/Services/Extraction/PayCodePatternGenerator.swift /Users/sunil/Downloads/PayslipMax/PayslipMax/Services/Extraction/PayslipBuilder.swift /Users/sunil/Downloads/PayslipMax/PayslipMax/Services/Extraction/PayslipBuilderService.swift /Users/sunil/Downloads/PayslipMax/PayslipMax/Services/Extraction/PayslipExtractorService.swift /Users/sunil/Downloads/PayslipMax/PayslipMax/Services/Extraction/PayslipValidator.swift /Users/sunil/Downloads/PayslipMax/PayslipMax/Services/Extraction/PDFCacheCleanup.swift /Users/sunil/Downloads/PayslipMax/PayslipMax/Services/Extraction/PDFCacheConfiguration.swift /Users/sunil/Downloads/PayslipMax/PayslipMax/Services/Extraction/PDFCacheMetrics.swift /Users/sunil/Downloads/PayslipMax/PayslipMax/Services/Extraction/PDFExtractionUtility.swift (in target 'PayslipMax' from project 'PayslipMax')

SwiftCompile normal arm64 /Users/sunil/Downloads/PayslipMax/PayslipMax/Services/Extraction/MilitaryAbbreviationsServiceExtensions.swift (in target 'PayslipMax' from project 'PayslipMax')
    cd /Users/sunil/Downloads/PayslipMax
    

SwiftCompile normal arm64 /Users/sunil/Downloads/PayslipMax/PayslipMax/Services/Extraction/MultiLineCellMerger.swift (in target 'PayslipMax' from project 'PayslipMax')
    cd /Users/sunil/Downloads/PayslipMax
    

SwiftCompile normal arm64 /Users/sunil/Downloads/PayslipMax/PayslipMax/Services/Extraction/ParallelTextExtractor.swift (in target 'PayslipMax' from project 'PayslipMax')
    cd /Users/sunil/Downloads/PayslipMax
    

SwiftCompile normal arm64 /Users/sunil/Downloads/PayslipMax/PayslipMax/Services/Extraction/PatternApplicationEngine.swift (in target 'PayslipMax' from project 'PayslipMax')
    cd /Users/sunil/Downloads/PayslipMax
    

SwiftCompile normal arm64 /Users/sunil/Downloads/PayslipMax/PayslipMax/Services/Extraction/PatternApplicationStrategies.swift (in target 'PayslipMax' from project 'PayslipMax')
    cd /Users/sunil/Downloads/PayslipMax
    

SwiftCompile normal arm64 /Users/sunil/Downloads/PayslipMax/PayslipMax/Services/Extraction/PatternApplicationValidation.swift (in target 'PayslipMax' from project 'PayslipMax')
    cd /Users/sunil/Downloads/PayslipMax
    

SwiftCompile normal arm64 /Users/sunil/Downloads/PayslipMax/PayslipMax/Services/Extraction/PatternApplier.swift (in target 'PayslipMax' from project 'PayslipMax')
    cd /Users/sunil/Downloads/PayslipMax
    

SwiftCompile normal arm64 /Users/sunil/Downloads/PayslipMax/PayslipMax/Services/Extraction/PatternBasedExtractor.swift (in target 'PayslipMax' from project 'PayslipMax')
    cd /Users/sunil/Downloads/PayslipMax
    

SwiftCompile normal arm64 /Users/sunil/Downloads/PayslipMax/PayslipMax/Services/Extraction/PatternExtractor.swift (in target 'PayslipMax' from project 'PayslipMax')
    cd /Users/sunil/Downloads/PayslipMax
    

SwiftCompile normal arm64 /Users/sunil/Downloads/PayslipMax/PayslipMax/Services/Extraction/PatternMatcher.swift (in target 'PayslipMax' from project 'PayslipMax')
    cd /Users/sunil/Downloads/PayslipMax
    

SwiftCompile normal arm64 /Users/sunil/Downloads/PayslipMax/PayslipMax/Services/Extraction/PatternMatchingService.swift (in target 'PayslipMax' from project 'PayslipMax')
    cd /Users/sunil/Downloads/PayslipMax
    
/Users/sunil/Downloads/PayslipMax/PayslipMax/Services/Extraction/PatternMatchingService.swift:55:17: warning: initialization of immutable value 'provider' was never used; consider replacing with assignment to '_' or removing it
            let provider = DefaultPatternProvider()
            ~~~~^~~~~~~~
            _

SwiftCompile normal arm64 /Users/sunil/Downloads/PayslipMax/PayslipMax/Services/Extraction/PatternMatchingServiceProtocol.swift (in target 'PayslipMax' from project 'PayslipMax')
    cd /Users/sunil/Downloads/PayslipMax
    

SwiftCompile normal arm64 /Users/sunil/Downloads/PayslipMax/PayslipMax/Services/Extraction/PatternMatchingUtilityService.swift (in target 'PayslipMax' from project 'PayslipMax')
    cd /Users/sunil/Downloads/PayslipMax
    

SwiftCompile normal arm64 /Users/sunil/Downloads/PayslipMax/PayslipMax/Services/Extraction/PatternValidationHelper.swift (in target 'PayslipMax' from project 'PayslipMax')
    cd /Users/sunil/Downloads/PayslipMax
    

SwiftCompile normal arm64 /Users/sunil/Downloads/PayslipMax/PayslipMax/Services/Extraction/PayCodeClassificationConstants.swift (in target 'PayslipMax' from project 'PayslipMax')
    cd /Users/sunil/Downloads/PayslipMax
    

SwiftCompile normal arm64 /Users/sunil/Downloads/PayslipMax/PayslipMax/Services/Extraction/PayCodeClassificationEngine.swift (in target 'PayslipMax' from project 'PayslipMax')
    cd /Users/sunil/Downloads/PayslipMax
    

SwiftCompile normal arm64 /Users/sunil/Downloads/PayslipMax/PayslipMax/Services/Extraction/PayCodePatternGenerator.swift (in target 'PayslipMax' from project 'PayslipMax')
    cd /Users/sunil/Downloads/PayslipMax
    

SwiftCompile normal arm64 /Users/sunil/Downloads/PayslipMax/PayslipMax/Services/Extraction/PayslipBuilder.swift (in target 'PayslipMax' from project 'PayslipMax')
    cd /Users/sunil/Downloads/PayslipMax
    

SwiftCompile normal arm64 /Users/sunil/Downloads/PayslipMax/PayslipMax/Services/Extraction/PayslipBuilderService.swift (in target 'PayslipMax' from project 'PayslipMax')
    cd /Users/sunil/Downloads/PayslipMax
    

SwiftCompile normal arm64 /Users/sunil/Downloads/PayslipMax/PayslipMax/Services/Extraction/PayslipExtractorService.swift (in target 'PayslipMax' from project 'PayslipMax')
    cd /Users/sunil/Downloads/PayslipMax
    

SwiftCompile normal arm64 /Users/sunil/Downloads/PayslipMax/PayslipMax/Services/Extraction/PayslipValidator.swift (in target 'PayslipMax' from project 'PayslipMax')
    cd /Users/sunil/Downloads/PayslipMax
    

SwiftCompile normal arm64 /Users/sunil/Downloads/PayslipMax/PayslipMax/Services/Extraction/PDFCacheCleanup.swift (in target 'PayslipMax' from project 'PayslipMax')
    cd /Users/sunil/Downloads/PayslipMax
    

SwiftCompile normal arm64 /Users/sunil/Downloads/PayslipMax/PayslipMax/Services/Extraction/PDFCacheConfiguration.swift (in target 'PayslipMax' from project 'PayslipMax')
    cd /Users/sunil/Downloads/PayslipMax
    

SwiftCompile normal arm64 /Users/sunil/Downloads/PayslipMax/PayslipMax/Services/Extraction/PDFCacheMetrics.swift (in target 'PayslipMax' from project 'PayslipMax')
    cd /Users/sunil/Downloads/PayslipMax
    

SwiftCompile normal arm64 /Users/sunil/Downloads/PayslipMax/PayslipMax/Services/Extraction/PDFExtractionUtility.swift (in target 'PayslipMax' from project 'PayslipMax')
    cd /Users/sunil/Downloads/PayslipMax
    

SwiftCompile normal arm64 Compiling\ MainTabView.swift,\ MockRouter.swift,\ NavigationCoordinator.swift,\ NavigationState.swift,\ NavRouter.swift,\ NavRouterDeepLinkExtension.swift,\ PayslipNavigation.swift,\ RouterProtocol.swift,\ TabConfiguration.swift,\ TabRouterIntegration.swift,\ TabTransitionCoordinator.swift,\ TabTransitionHandler.swift,\ UnifiedAppView.swift,\ AnalyticsManagerProtocol.swift,\ AppearanceManagerProtocol.swift,\ GlobalLoadingManagerProtocol.swift,\ GlobalOverlaySystemProtocol.swift,\ PatternTestingServiceProtocol.swift,\ PayItemCategorizationServiceProtocol.swift,\ PayslipParserProtocol.swift,\ PerformanceMetricsProtocol.swift,\ PrintServiceProtocol.swift,\ SectionProcessorProtocol.swift,\ TabTransitionCoordinatorProtocol.swift,\ AnalyticsModels.swift /Users/sunil/Downloads/PayslipMax/PayslipMax/Navigation/MainTabView.swift /Users/sunil/Downloads/PayslipMax/PayslipMax/Navigation/MockRouter.swift /Users/sunil/Downloads/PayslipMax/PayslipMax/Navigation/NavigationCoordinator.swift /Users/sunil/Downloads/PayslipMax/PayslipMax/Navigation/NavigationState.swift /Users/sunil/Downloads/PayslipMax/PayslipMax/Navigation/NavRouter.swift /Users/sunil/Downloads/PayslipMax/PayslipMax/Navigation/NavRouterDeepLinkExtension.swift /Users/sunil/Downloads/PayslipMax/PayslipMax/Navigation/PayslipNavigation.swift /Users/sunil/Downloads/PayslipMax/PayslipMax/Navigation/RouterProtocol.swift /Users/sunil/Downloads/PayslipMax/PayslipMax/Navigation/TabConfiguration.swift /Users/sunil/Downloads/PayslipMax/PayslipMax/Navigation/TabRouterIntegration.swift /Users/sunil/Downloads/PayslipMax/PayslipMax/Navigation/TabTransitionCoordinator.swift /Users/sunil/Downloads/PayslipMax/PayslipMax/Navigation/TabTransitionHandler.swift /Users/sunil/Downloads/PayslipMax/PayslipMax/Navigation/UnifiedAppView.swift /Users/sunil/Downloads/PayslipMax/PayslipMax/Protocols/AnalyticsManagerProtocol.swift /Users/sunil/Downloads/PayslipMax/PayslipMax/Protocols/AppearanceManagerProtocol.swift /Users/sunil/Downloads/PayslipMax/PayslipMax/Protocols/GlobalLoadingManagerProtocol.swift /Users/sunil/Downloads/PayslipMax/PayslipMax/Protocols/GlobalOverlaySystemProtocol.swift /Users/sunil/Downloads/PayslipMax/PayslipMax/Protocols/PatternTestingServiceProtocol.swift /Users/sunil/Downloads/PayslipMax/PayslipMax/Protocols/PayItemCategorizationServiceProtocol.swift /Users/sunil/Downloads/PayslipMax/PayslipMax/Protocols/PayslipParserProtocol.swift /Users/sunil/Downloads/PayslipMax/PayslipMax/Protocols/PerformanceMetricsProtocol.swift /Users/sunil/Downloads/PayslipMax/PayslipMax/Protocols/PrintServiceProtocol.swift /Users/sunil/Downloads/PayslipMax/PayslipMax/Protocols/SectionProcessorProtocol.swift /Users/sunil/Downloads/PayslipMax/PayslipMax/Protocols/TabTransitionCoordinatorProtocol.swift /Users/sunil/Downloads/PayslipMax/PayslipMax/Services/Analytics/AnalyticsModels.swift (in target 'PayslipMax' from project 'PayslipMax')

SwiftCompile normal arm64 /Users/sunil/Downloads/PayslipMax/PayslipMax/Navigation/MainTabView.swift (in target 'PayslipMax' from project 'PayslipMax')
    cd /Users/sunil/Downloads/PayslipMax
    

SwiftCompile normal arm64 /Users/sunil/Downloads/PayslipMax/PayslipMax/Navigation/MockRouter.swift (in target 'PayslipMax' from project 'PayslipMax')
    cd /Users/sunil/Downloads/PayslipMax
    

SwiftCompile normal arm64 /Users/sunil/Downloads/PayslipMax/PayslipMax/Navigation/NavigationCoordinator.swift (in target 'PayslipMax' from project 'PayslipMax')
    cd /Users/sunil/Downloads/PayslipMax
    

SwiftCompile normal arm64 /Users/sunil/Downloads/PayslipMax/PayslipMax/Navigation/NavigationState.swift (in target 'PayslipMax' from project 'PayslipMax')
    cd /Users/sunil/Downloads/PayslipMax
    

SwiftCompile normal arm64 /Users/sunil/Downloads/PayslipMax/PayslipMax/Navigation/NavRouter.swift (in target 'PayslipMax' from project 'PayslipMax')
    cd /Users/sunil/Downloads/PayslipMax
    

SwiftCompile normal arm64 /Users/sunil/Downloads/PayslipMax/PayslipMax/Navigation/NavRouterDeepLinkExtension.swift (in target 'PayslipMax' from project 'PayslipMax')
    cd /Users/sunil/Downloads/PayslipMax
    

SwiftCompile normal arm64 /Users/sunil/Downloads/PayslipMax/PayslipMax/Navigation/PayslipNavigation.swift (in target 'PayslipMax' from project 'PayslipMax')
    cd /Users/sunil/Downloads/PayslipMax
    

SwiftCompile normal arm64 /Users/sunil/Downloads/PayslipMax/PayslipMax/Navigation/RouterProtocol.swift (in target 'PayslipMax' from project 'PayslipMax')
    cd /Users/sunil/Downloads/PayslipMax
    

SwiftCompile normal arm64 /Users/sunil/Downloads/PayslipMax/PayslipMax/Navigation/TabConfiguration.swift (in target 'PayslipMax' from project 'PayslipMax')
    cd /Users/sunil/Downloads/PayslipMax
    

SwiftCompile normal arm64 /Users/sunil/Downloads/PayslipMax/PayslipMax/Navigation/TabRouterIntegration.swift (in target 'PayslipMax' from project 'PayslipMax')
    cd /Users/sunil/Downloads/PayslipMax
    

SwiftCompile normal arm64 /Users/sunil/Downloads/PayslipMax/PayslipMax/Navigation/TabTransitionCoordinator.swift (in target 'PayslipMax' from project 'PayslipMax')
    cd /Users/sunil/Downloads/PayslipMax
    

SwiftCompile normal arm64 /Users/sunil/Downloads/PayslipMax/PayslipMax/Navigation/TabTransitionHandler.swift (in target 'PayslipMax' from project 'PayslipMax')
    cd /Users/sunil/Downloads/PayslipMax
    

SwiftCompile normal arm64 /Users/sunil/Downloads/PayslipMax/PayslipMax/Navigation/UnifiedAppView.swift (in target 'PayslipMax' from project 'PayslipMax')
    cd /Users/sunil/Downloads/PayslipMax
    

SwiftCompile normal arm64 /Users/sunil/Downloads/PayslipMax/PayslipMax/Protocols/AnalyticsManagerProtocol.swift (in target 'PayslipMax' from project 'PayslipMax')
    cd /Users/sunil/Downloads/PayslipMax
    

SwiftCompile normal arm64 /Users/sunil/Downloads/PayslipMax/PayslipMax/Protocols/AppearanceManagerProtocol.swift (in target 'PayslipMax' from project 'PayslipMax')
    cd /Users/sunil/Downloads/PayslipMax
    

SwiftCompile normal arm64 /Users/sunil/Downloads/PayslipMax/PayslipMax/Protocols/GlobalLoadingManagerProtocol.swift (in target 'PayslipMax' from project 'PayslipMax')
    cd /Users/sunil/Downloads/PayslipMax
    

SwiftCompile normal arm64 /Users/sunil/Downloads/PayslipMax/PayslipMax/Protocols/GlobalOverlaySystemProtocol.swift (in target 'PayslipMax' from project 'PayslipMax')
    cd /Users/sunil/Downloads/PayslipMax
    

SwiftCompile normal arm64 /Users/sunil/Downloads/PayslipMax/PayslipMax/Protocols/PatternTestingServiceProtocol.swift (in target 'PayslipMax' from project 'PayslipMax')
    cd /Users/sunil/Downloads/PayslipMax
    

SwiftCompile normal arm64 /Users/sunil/Downloads/PayslipMax/PayslipMax/Protocols/PayItemCategorizationServiceProtocol.swift (in target 'PayslipMax' from project 'PayslipMax')
    cd /Users/sunil/Downloads/PayslipMax
    

SwiftCompile normal arm64 /Users/sunil/Downloads/PayslipMax/PayslipMax/Protocols/PayslipParserProtocol.swift (in target 'PayslipMax' from project 'PayslipMax')
    cd /Users/sunil/Downloads/PayslipMax
    

SwiftCompile normal arm64 /Users/sunil/Downloads/PayslipMax/PayslipMax/Protocols/PerformanceMetricsProtocol.swift (in target 'PayslipMax' from project 'PayslipMax')
    cd /Users/sunil/Downloads/PayslipMax
    

SwiftCompile normal arm64 /Users/sunil/Downloads/PayslipMax/PayslipMax/Protocols/PrintServiceProtocol.swift (in target 'PayslipMax' from project 'PayslipMax')
    cd /Users/sunil/Downloads/PayslipMax
    

SwiftCompile normal arm64 /Users/sunil/Downloads/PayslipMax/PayslipMax/Protocols/SectionProcessorProtocol.swift (in target 'PayslipMax' from project 'PayslipMax')
    cd /Users/sunil/Downloads/PayslipMax
    

SwiftCompile normal arm64 /Users/sunil/Downloads/PayslipMax/PayslipMax/Protocols/TabTransitionCoordinatorProtocol.swift (in target 'PayslipMax' from project 'PayslipMax')
    cd /Users/sunil/Downloads/PayslipMax
    

SwiftCompile normal arm64 /Users/sunil/Downloads/PayslipMax/PayslipMax/Services/Analytics/AnalyticsModels.swift (in target 'PayslipMax' from project 'PayslipMax')
    cd /Users/sunil/Downloads/PayslipMax
    

SwiftExplicitDependencyGeneratePcm x86_64 /Users/sunil/Library/Developer/Xcode/DerivedData/ModuleCache.noindex/CoreGraphics-D9ZVIWCN0PIKAETQ23CEBZH9A.pcm

SwiftDriverJobDiscovery normal arm64 Compiling FeatureFlagProtocol.swift, FeatureFlagService.swift, UniversalParsingFeatureFlag.swift, DataExtensions.swift, NetworkRequest.swift, NetworkResponseHandler.swift, NetworkService.swift, NetworkUploadService.swift, BackgroundTask.swift, BackgroundTaskCoordinator.swift, BaselineCollectionService.swift, BaselineMetricsCollector.swift, BaselineMetricsCollectorExtensions.swift, BaselineMetricsModels.swift, BaselineTestDocumentProvider.swift, ClassificationCacheManager.swift, ConcreteBackgroundTask.swift, DualSectionPerformanceMonitor.swift, EnhancedProgressReporter.swift, ParallelPayCodeProcessor.swift, PerformanceCoordinator.swift, PerformanceCPUMonitor.swift, PerformanceDebugSettings.swift, PerformanceFPSMonitor.swift, PerformanceMemoryMonitor.swift (in target 'PayslipMax' from project 'PayslipMax')

SwiftExplicitDependencyGeneratePcm x86_64 /Users/sunil/Library/Developer/Xcode/DerivedData/ModuleCache.noindex/Security-C6OS92ZE8574YWCS3EXU1KTAU.pcm

SwiftDriverJobDiscovery normal arm64 Compiling AchievementPersistenceService.swift, AchievementProgressCalculator.swift, AchievementService.swift, AchievementValidationService.swift, BasicAnalytics.swift, DeductionQuestionGenerator.swift, FinancialLiteracyQuestionGenerator.swift, GamificationCoordinator.swift, IncomeQuestionGenerator.swift, QuizDataLoaders.swift, QuizFallbackQuestions.swift, QuizGenerationService.swift, QuizGenerationServiceCore.swift, QuizGenerationServiceProtocols.swift, QuizQuestionGenerators.swift, QuizUtilities.swift, ChartDataViewModel.swift, FinancialSummaryViewModel.swift, InsightDetailGenerationService.swift, InsightGenerationService.swift, InsightsCoordinator.swift, QuizViewModel.swift, TrendAnalysisViewModel.swift, PremiumBenchmarksSection.swift, PremiumGoalsSection.swift (in target 'PayslipMax' from project 'PayslipMax')

SwiftExplicitDependencyGeneratePcm x86_64 /Users/sunil/Library/Developer/Xcode/DerivedData/ModuleCache.noindex/CoreAudioTypes-6X28G6959EC1WBX0BDQSH0BZC.pcm

SwiftExplicitDependencyGeneratePcm x86_64 /Users/sunil/Library/Developer/Xcode/DerivedData/ModuleCache.noindex/ImageIO-3W6IHUBHE75CN9D2JVJ3XTAW9.pcm

SwiftExplicitDependencyGeneratePcm x86_64 /Users/sunil/Library/Developer/Xcode/DerivedData/ModuleCache.noindex/CoreText-1LOE8Z05FXGZGB3IEZW3CIGWV.pcm

SwiftExplicitDependencyGeneratePcm x86_64 /Users/sunil/Library/Developer/Xcode/DerivedData/ModuleCache.noindex/CoreAudio-CD31HYF7S6GSFCBRNSSO3EPD2.pcm

SwiftExplicitDependencyGeneratePcm x86_64 /Users/sunil/Library/Developer/Xcode/DerivedData/ModuleCache.noindex/CFNetwork-AQT92HUF4AIR8357DIHQP9TOX.pcm

SwiftCompile normal arm64 Compiling\ UniversalPDFExtractorAdapter.swift,\ VerticalClusterAnalyzer.swift,\ ExtractedDataSnapshot.swift,\ ExtractionIssue.swift,\ ExtractionStatistics.swift,\ TrainingSample.swift,\ TrainingDataStore.swift,\ PayslipFormatDetectionService.swift,\ PayslipFormatDetectionServiceProtocol.swift,\ ParserPerformanceMonitor.swift,\ ConfidenceCalculator.swift,\ SimplifiedPayslipParser.swift,\ BankingPatternsProvider.swift,\ CorePatternsProvider.swift,\ DefaultPatternRepository.swift,\ FinancialPatternsProvider.swift,\ PatternRepositoryProtocol.swift,\ PersonalInfoPatternsProvider.swift,\ TaxPatternsProvider.swift,\ PCDAPayslipHandler.swift,\ PDFParser.swift,\ PDFProcessingPipeline.swift,\ PDFService.swift,\ PDFValidator.swift,\ ContactInfoSectionParser.swift /Users/sunil/Downloads/PayslipMax/PayslipMax/Services/Extraction/UniversalPDFExtractorAdapter.swift /Users/sunil/Downloads/PayslipMax/PayslipMax/Services/Extraction/VerticalClusterAnalyzer.swift /Users/sunil/Downloads/PayslipMax/PayslipMax/Services/ExtractionTrainer/Models/ExtractedDataSnapshot.swift /Users/sunil/Downloads/PayslipMax/PayslipMax/Services/ExtractionTrainer/Models/ExtractionIssue.swift /Users/sunil/Downloads/PayslipMax/PayslipMax/Services/ExtractionTrainer/Models/ExtractionStatistics.swift /Users/sunil/Downloads/PayslipMax/PayslipMax/Services/ExtractionTrainer/Models/TrainingSample.swift /Users/sunil/Downloads/PayslipMax/PayslipMax/Services/ExtractionTrainer/TrainingDataStore.swift /Users/sunil/Downloads/PayslipMax/PayslipMax/Services/FormatDetection/PayslipFormatDetectionService.swift /Users/sunil/Downloads/PayslipMax/PayslipMax/Services/FormatDetection/PayslipFormatDetectionServiceProtocol.swift /Users/sunil/Downloads/PayslipMax/PayslipMax/Services/Monitoring/ParserPerformanceMonitor.swift /Users/sunil/Downloads/PayslipMax/PayslipMax/Services/Parsing/ConfidenceCalculator.swift /Users/sunil/Downloads/PayslipMax/PayslipMax/Services/Parsing/SimplifiedPayslipParser.swift /Users/sunil/Downloads/PayslipMax/PayslipMax/Services/Patterns/BankingPatternsProvider.swift /Users/sunil/Downloads/PayslipMax/PayslipMax/Services/Patterns/CorePatternsProvider.swift /Users/sunil/Downloads/PayslipMax/PayslipMax/Services/Patterns/DefaultPatternRepository.swift /Users/sunil/Downloads/PayslipMax/PayslipMax/Services/Patterns/FinancialPatternsProvider.swift /Users/sunil/Downloads/PayslipMax/PayslipMax/Services/Patterns/PatternRepositoryProtocol.swift /Users/sunil/Downloads/PayslipMax/PayslipMax/Services/Patterns/PersonalInfoPatternsProvider.swift /Users/sunil/Downloads/PayslipMax/PayslipMax/Services/Patterns/TaxPatternsProvider.swift /Users/sunil/Downloads/PayslipMax/PayslipMax/Services/PDF/PCDAPayslipHandler.swift /Users/sunil/Downloads/PayslipMax/PayslipMax/Services/PDF/PDFParser.swift /Users/sunil/Downloads/PayslipMax/PayslipMax/Services/PDF/PDFProcessingPipeline.swift /Users/sunil/Downloads/PayslipMax/PayslipMax/Services/PDF/PDFService.swift /Users/sunil/Downloads/PayslipMax/PayslipMax/Services/PDF/PDFValidator.swift /Users/sunil/Downloads/PayslipMax/PayslipMax/Services/PDFParsing/ContactInfoSectionParser.swift (in target 'PayslipMax' from project 'PayslipMax')

SwiftCompile normal arm64 /Users/sunil/Downloads/PayslipMax/PayslipMax/Services/Extraction/UniversalPDFExtractorAdapter.swift (in target 'PayslipMax' from project 'PayslipMax')
    cd /Users/sunil/Downloads/PayslipMax
    

SwiftCompile normal arm64 /Users/sunil/Downloads/PayslipMax/PayslipMax/Services/Extraction/VerticalClusterAnalyzer.swift (in target 'PayslipMax' from project 'PayslipMax')
    cd /Users/sunil/Downloads/PayslipMax
    

SwiftCompile normal arm64 /Users/sunil/Downloads/PayslipMax/PayslipMax/Services/ExtractionTrainer/Models/ExtractedDataSnapshot.swift (in target 'PayslipMax' from project 'PayslipMax')
    cd /Users/sunil/Downloads/PayslipMax
    

SwiftCompile normal arm64 /Users/sunil/Downloads/PayslipMax/PayslipMax/Services/ExtractionTrainer/Models/ExtractionIssue.swift (in target 'PayslipMax' from project 'PayslipMax')
    cd /Users/sunil/Downloads/PayslipMax
    

SwiftCompile normal arm64 /Users/sunil/Downloads/PayslipMax/PayslipMax/Services/ExtractionTrainer/Models/ExtractionStatistics.swift (in target 'PayslipMax' from project 'PayslipMax')
    cd /Users/sunil/Downloads/PayslipMax
    

SwiftCompile normal arm64 /Users/sunil/Downloads/PayslipMax/PayslipMax/Services/ExtractionTrainer/Models/TrainingSample.swift (in target 'PayslipMax' from project 'PayslipMax')
    cd /Users/sunil/Downloads/PayslipMax
    

SwiftCompile normal arm64 /Users/sunil/Downloads/PayslipMax/PayslipMax/Services/ExtractionTrainer/TrainingDataStore.swift (in target 'PayslipMax' from project 'PayslipMax')
    cd /Users/sunil/Downloads/PayslipMax
    

SwiftCompile normal arm64 /Users/sunil/Downloads/PayslipMax/PayslipMax/Services/FormatDetection/PayslipFormatDetectionService.swift (in target 'PayslipMax' from project 'PayslipMax')
    cd /Users/sunil/Downloads/PayslipMax
    

SwiftCompile normal arm64 /Users/sunil/Downloads/PayslipMax/PayslipMax/Services/FormatDetection/PayslipFormatDetectionServiceProtocol.swift (in target 'PayslipMax' from project 'PayslipMax')
    cd /Users/sunil/Downloads/PayslipMax
    

SwiftCompile normal arm64 /Users/sunil/Downloads/PayslipMax/PayslipMax/Services/Monitoring/ParserPerformanceMonitor.swift (in target 'PayslipMax' from project 'PayslipMax')
    cd /Users/sunil/Downloads/PayslipMax
    

SwiftCompile normal arm64 /Users/sunil/Downloads/PayslipMax/PayslipMax/Services/Parsing/ConfidenceCalculator.swift (in target 'PayslipMax' from project 'PayslipMax')
    cd /Users/sunil/Downloads/PayslipMax
    

SwiftCompile normal arm64 /Users/sunil/Downloads/PayslipMax/PayslipMax/Services/Parsing/SimplifiedPayslipParser.swift (in target 'PayslipMax' from project 'PayslipMax')
    cd /Users/sunil/Downloads/PayslipMax
    

SwiftCompile normal arm64 /Users/sunil/Downloads/PayslipMax/PayslipMax/Services/Patterns/BankingPatternsProvider.swift (in target 'PayslipMax' from project 'PayslipMax')
    cd /Users/sunil/Downloads/PayslipMax
    

SwiftCompile normal arm64 /Users/sunil/Downloads/PayslipMax/PayslipMax/Services/Patterns/CorePatternsProvider.swift (in target 'PayslipMax' from project 'PayslipMax')
    cd /Users/sunil/Downloads/PayslipMax
    

SwiftCompile normal arm64 /Users/sunil/Downloads/PayslipMax/PayslipMax/Services/Patterns/DefaultPatternRepository.swift (in target 'PayslipMax' from project 'PayslipMax')
    cd /Users/sunil/Downloads/PayslipMax
    

SwiftCompile normal arm64 /Users/sunil/Downloads/PayslipMax/PayslipMax/Services/Patterns/FinancialPatternsProvider.swift (in target 'PayslipMax' from project 'PayslipMax')
    cd /Users/sunil/Downloads/PayslipMax
    

SwiftCompile normal arm64 /Users/sunil/Downloads/PayslipMax/PayslipMax/Services/Patterns/PatternRepositoryProtocol.swift (in target 'PayslipMax' from project 'PayslipMax')
    cd /Users/sunil/Downloads/PayslipMax
    

SwiftCompile normal arm64 /Users/sunil/Downloads/PayslipMax/PayslipMax/Services/Patterns/PersonalInfoPatternsProvider.swift (in target 'PayslipMax' from project 'PayslipMax')
    cd /Users/sunil/Downloads/PayslipMax
    

SwiftCompile normal arm64 /Users/sunil/Downloads/PayslipMax/PayslipMax/Services/Patterns/TaxPatternsProvider.swift (in target 'PayslipMax' from project 'PayslipMax')
    cd /Users/sunil/Downloads/PayslipMax
    

SwiftCompile normal arm64 /Users/sunil/Downloads/PayslipMax/PayslipMax/Services/PDF/PCDAPayslipHandler.swift (in target 'PayslipMax' from project 'PayslipMax')
    cd /Users/sunil/Downloads/PayslipMax
    

SwiftCompile normal arm64 /Users/sunil/Downloads/PayslipMax/PayslipMax/Services/PDF/PDFParser.swift (in target 'PayslipMax' from project 'PayslipMax')
    cd /Users/sunil/Downloads/PayslipMax
    

SwiftCompile normal arm64 /Users/sunil/Downloads/PayslipMax/PayslipMax/Services/PDF/PDFProcessingPipeline.swift (in target 'PayslipMax' from project 'PayslipMax')
    cd /Users/sunil/Downloads/PayslipMax
    

SwiftCompile normal arm64 /Users/sunil/Downloads/PayslipMax/PayslipMax/Services/PDF/PDFService.swift (in target 'PayslipMax' from project 'PayslipMax')
    cd /Users/sunil/Downloads/PayslipMax
    

SwiftCompile normal arm64 /Users/sunil/Downloads/PayslipMax/PayslipMax/Services/PDF/PDFValidator.swift (in target 'PayslipMax' from project 'PayslipMax')
    cd /Users/sunil/Downloads/PayslipMax
    

SwiftCompile normal arm64 /Users/sunil/Downloads/PayslipMax/PayslipMax/Services/PDFParsing/ContactInfoSectionParser.swift (in target 'PayslipMax' from project 'PayslipMax')
    cd /Users/sunil/Downloads/PayslipMax
    

SwiftCompile normal arm64 Compiling\ PayslipRepositoryProtocol.swift,\ SendablePayslipRepository.swift,\ BiometricAuthenticationManager.swift,\ EncryptionManager.swift,\ EncryptionService.swift,\ EncryptionServiceProtocol.swift,\ PINAuthenticationManager.swift,\ SecureDataManager.swift,\ SecureStorageManager.swift,\ SessionManager.swift,\ MilitaryComponentValidator.swift,\ PayslipExtractionValidator.swift,\ PayslipValidationService.swift,\ PayslipValidationServiceProtocol.swift,\ ValidationModels.swift,\ AbbreviationLoader.swift,\ AbbreviationMatcher.swift,\ AbbreviationRepository.swift,\ BiometricAuthService.swift,\ ComponentCategorizationService.swift,\ ComponentCategorizationServiceProtocol.swift,\ ContactInfoExtractor.swift,\ DataServiceCore.swift,\ DataServiceImpl.swift,\ DataServiceOperations.swift /Users/sunil/Downloads/PayslipMax/PayslipMax/Services/Repositories/PayslipRepositoryProtocol.swift /Users/sunil/Downloads/PayslipMax/PayslipMax/Services/Repositories/SendablePayslipRepository.swift /Users/sunil/Downloads/PayslipMax/PayslipMax/Services/Security/BiometricAuthenticationManager.swift /Users/sunil/Downloads/PayslipMax/PayslipMax/Services/Security/EncryptionManager.swift /Users/sunil/Downloads/PayslipMax/PayslipMax/Services/Security/EncryptionService.swift /Users/sunil/Downloads/PayslipMax/PayslipMax/Services/Security/EncryptionServiceProtocol.swift /Users/sunil/Downloads/PayslipMax/PayslipMax/Services/Security/PINAuthenticationManager.swift /Users/sunil/Downloads/PayslipMax/PayslipMax/Services/Security/SecureDataManager.swift /Users/sunil/Downloads/PayslipMax/PayslipMax/Services/Security/SecureStorageManager.swift /Users/sunil/Downloads/PayslipMax/PayslipMax/Services/Security/SessionManager.swift /Users/sunil/Downloads/PayslipMax/PayslipMax/Services/Validation/MilitaryComponentValidator.swift /Users/sunil/Downloads/PayslipMax/PayslipMax/Services/Validation/PayslipExtractionValidator.swift /Users/sunil/Downloads/PayslipMax/PayslipMax/Services/Validation/PayslipValidationService.swift /Users/sunil/Downloads/PayslipMax/PayslipMax/Services/Validation/PayslipValidationServiceProtocol.swift /Users/sunil/Downloads/PayslipMax/PayslipMax/Services/Validation/ValidationModels.swift /Users/sunil/Downloads/PayslipMax/PayslipMax/Services/AbbreviationLoader.swift /Users/sunil/Downloads/PayslipMax/PayslipMax/Services/AbbreviationMatcher.swift /Users/sunil/Downloads/PayslipMax/PayslipMax/Services/AbbreviationRepository.swift /Users/sunil/Downloads/PayslipMax/PayslipMax/Services/BiometricAuthService.swift /Users/sunil/Downloads/PayslipMax/PayslipMax/Services/ComponentCategorizationService.swift /Users/sunil/Downloads/PayslipMax/PayslipMax/Services/ComponentCategorizationServiceProtocol.swift /Users/sunil/Downloads/PayslipMax/PayslipMax/Services/ContactInfoExtractor.swift /Users/sunil/Downloads/PayslipMax/PayslipMax/Services/DataServiceCore.swift /Users/sunil/Downloads/PayslipMax/PayslipMax/Services/DataServiceImpl.swift /Users/sunil/Downloads/PayslipMax/PayslipMax/Services/DataServiceOperations.swift (in target 'PayslipMax' from project 'PayslipMax')

SwiftCompile normal arm64 /Users/sunil/Downloads/PayslipMax/PayslipMax/Services/Repositories/PayslipRepositoryProtocol.swift (in target 'PayslipMax' from project 'PayslipMax')
    cd /Users/sunil/Downloads/PayslipMax
    

SwiftCompile normal arm64 /Users/sunil/Downloads/PayslipMax/PayslipMax/Services/Repositories/SendablePayslipRepository.swift (in target 'PayslipMax' from project 'PayslipMax')
    cd /Users/sunil/Downloads/PayslipMax
    

SwiftCompile normal arm64 /Users/sunil/Downloads/PayslipMax/PayslipMax/Services/Security/BiometricAuthenticationManager.swift (in target 'PayslipMax' from project 'PayslipMax')
    cd /Users/sunil/Downloads/PayslipMax
    

SwiftCompile normal arm64 /Users/sunil/Downloads/PayslipMax/PayslipMax/Services/Security/EncryptionManager.swift (in target 'PayslipMax' from project 'PayslipMax')
    cd /Users/sunil/Downloads/PayslipMax
    

SwiftCompile normal arm64 /Users/sunil/Downloads/PayslipMax/PayslipMax/Services/Security/EncryptionService.swift (in target 'PayslipMax' from project 'PayslipMax')
    cd /Users/sunil/Downloads/PayslipMax
    

SwiftCompile normal arm64 /Users/sunil/Downloads/PayslipMax/PayslipMax/Services/Security/EncryptionServiceProtocol.swift (in target 'PayslipMax' from project 'PayslipMax')
    cd /Users/sunil/Downloads/PayslipMax
    

SwiftCompile normal arm64 /Users/sunil/Downloads/PayslipMax/PayslipMax/Services/Security/PINAuthenticationManager.swift (in target 'PayslipMax' from project 'PayslipMax')
    cd /Users/sunil/Downloads/PayslipMax
    

SwiftCompile normal arm64 /Users/sunil/Downloads/PayslipMax/PayslipMax/Services/Security/SecureDataManager.swift (in target 'PayslipMax' from project 'PayslipMax')
    cd /Users/sunil/Downloads/PayslipMax
    

SwiftCompile normal arm64 /Users/sunil/Downloads/PayslipMax/PayslipMax/Services/Security/SecureStorageManager.swift (in target 'PayslipMax' from project 'PayslipMax')
    cd /Users/sunil/Downloads/PayslipMax
    

SwiftCompile normal arm64 /Users/sunil/Downloads/PayslipMax/PayslipMax/Services/Security/SessionManager.swift (in target 'PayslipMax' from project 'PayslipMax')
    cd /Users/sunil/Downloads/PayslipMax
    

SwiftCompile normal arm64 /Users/sunil/Downloads/PayslipMax/PayslipMax/Services/Validation/MilitaryComponentValidator.swift (in target 'PayslipMax' from project 'PayslipMax')
    cd /Users/sunil/Downloads/PayslipMax
    

SwiftCompile normal arm64 /Users/sunil/Downloads/PayslipMax/PayslipMax/Services/Validation/PayslipExtractionValidator.swift (in target 'PayslipMax' from project 'PayslipMax')
    cd /Users/sunil/Downloads/PayslipMax
    

SwiftCompile normal arm64 /Users/sunil/Downloads/PayslipMax/PayslipMax/Services/Validation/PayslipValidationService.swift (in target 'PayslipMax' from project 'PayslipMax')
    cd /Users/sunil/Downloads/PayslipMax
    

SwiftCompile normal arm64 /Users/sunil/Downloads/PayslipMax/PayslipMax/Services/Validation/PayslipValidationServiceProtocol.swift (in target 'PayslipMax' from project 'PayslipMax')
    cd /Users/sunil/Downloads/PayslipMax
    

SwiftCompile normal arm64 /Users/sunil/Downloads/PayslipMax/PayslipMax/Services/Validation/ValidationModels.swift (in target 'PayslipMax' from project 'PayslipMax')
    cd /Users/sunil/Downloads/PayslipMax
    

SwiftCompile normal arm64 /Users/sunil/Downloads/PayslipMax/PayslipMax/Services/AbbreviationLoader.swift (in target 'PayslipMax' from project 'PayslipMax')
    cd /Users/sunil/Downloads/PayslipMax
    

SwiftCompile normal arm64 /Users/sunil/Downloads/PayslipMax/PayslipMax/Services/AbbreviationMatcher.swift (in target 'PayslipMax' from project 'PayslipMax')
    cd /Users/sunil/Downloads/PayslipMax
    

SwiftCompile normal arm64 /Users/sunil/Downloads/PayslipMax/PayslipMax/Services/AbbreviationRepository.swift (in target 'PayslipMax' from project 'PayslipMax')
    cd /Users/sunil/Downloads/PayslipMax
    

SwiftCompile normal arm64 /Users/sunil/Downloads/PayslipMax/PayslipMax/Services/BiometricAuthService.swift (in target 'PayslipMax' from project 'PayslipMax')
    cd /Users/sunil/Downloads/PayslipMax
    

SwiftCompile normal arm64 /Users/sunil/Downloads/PayslipMax/PayslipMax/Services/ComponentCategorizationService.swift (in target 'PayslipMax' from project 'PayslipMax')
    cd /Users/sunil/Downloads/PayslipMax
    

SwiftCompile normal arm64 /Users/sunil/Downloads/PayslipMax/PayslipMax/Services/ComponentCategorizationServiceProtocol.swift (in target 'PayslipMax' from project 'PayslipMax')
    cd /Users/sunil/Downloads/PayslipMax
    

SwiftCompile normal arm64 /Users/sunil/Downloads/PayslipMax/PayslipMax/Services/ContactInfoExtractor.swift (in target 'PayslipMax' from project 'PayslipMax')
    cd /Users/sunil/Downloads/PayslipMax
    

SwiftCompile normal arm64 /Users/sunil/Downloads/PayslipMax/PayslipMax/Services/DataServiceCore.swift (in target 'PayslipMax' from project 'PayslipMax')
    cd /Users/sunil/Downloads/PayslipMax
    

SwiftCompile normal arm64 /Users/sunil/Downloads/PayslipMax/PayslipMax/Services/DataServiceImpl.swift (in target 'PayslipMax' from project 'PayslipMax')
    cd /Users/sunil/Downloads/PayslipMax
    

SwiftCompile normal arm64 /Users/sunil/Downloads/PayslipMax/PayslipMax/Services/DataServiceOperations.swift (in target 'PayslipMax' from project 'PayslipMax')
    cd /Users/sunil/Downloads/PayslipMax
    

SwiftDriverJobDiscovery normal arm64 Compiling BackupServiceProtocols.swift, BackupValidationOperations.swift, QRCodeService.swift, BackupCoordinator.swift, BackupExportView.swift, BackupImportLogic.swift, BackupImportView.swift, BackupPaywallView.swift, BackupServiceInitializer.swift, BackupSupportingViews.swift, BackupCardComponents.swift, BackupComponents.swift, BackupInfoComponents.swift, BackupProgressComponents.swift, BackupStatsComponents.swift, BackupViewWrapper.swift, QRScannerComponents.swift, HomeNavigationCoordinator.swift, ChartDataPreparationService.swift, ErrorHandler.swift, PasswordProtectedPDFHandler.swift, PayslipDataHandler.swift, PDFProcessingHandler.swift, InvestmentTips.swift, InvestmentTipsData.swift (in target 'PayslipMax' from project 'PayslipMax')

SwiftCompile normal arm64 Compiling\ BenchmarkAnalyzer.swift,\ CareerGrowthRecommendationsService.swift,\ CategoryCalculatorProtocol.swift,\ DeductionCalculator.swift,\ FinancialGoalAnalyzer.swift,\ FinancialHealthAnalyzer.swift,\ FinancialHealthConstants.swift,\ FinancialHealthScoreCalculator.swift,\ GoalsTracker.swift,\ GrowthCalculator.swift,\ HealthCategoryActionItemsGenerator.swift,\ IncomeStabilityCalculator.swift,\ PredictiveAnalyticsService.swift,\ PredictiveAnalyzer.swift,\ ProfessionalRecommendationEngine.swift,\ ProfessionalRecommendationExtensions.swift,\ RecommendationCalculationService.swift,\ RecommendationConstants.swift,\ RecommendationEngine.swift,\ RiskCalculator.swift,\ SavingsCalculator.swift,\ ScoreCalculator.swift,\ ScoreCalculatorProtocol.swift,\ TaxOptimizationRecommendationsService.swift,\ AchievementDefinitionsService.swift /Users/sunil/Downloads/PayslipMax/PayslipMax/Features/Insights/Services/Analytics/BenchmarkAnalyzer.swift /Users/sunil/Downloads/PayslipMax/PayslipMax/Features/Insights/Services/Analytics/CareerGrowthRecommendationsService.swift /Users/sunil/Downloads/PayslipMax/PayslipMax/Features/Insights/Services/Analytics/CategoryCalculatorProtocol.swift /Users/sunil/Downloads/PayslipMax/PayslipMax/Features/Insights/Services/Analytics/DeductionCalculator.swift /Users/sunil/Downloads/PayslipMax/PayslipMax/Features/Insights/Services/Analytics/FinancialGoalAnalyzer.swift /Users/sunil/Downloads/PayslipMax/PayslipMax/Features/Insights/Services/Analytics/FinancialHealthAnalyzer.swift /Users/sunil/Downloads/PayslipMax/PayslipMax/Features/Insights/Services/Analytics/FinancialHealthConstants.swift /Users/sunil/Downloads/PayslipMax/PayslipMax/Features/Insights/Services/Analytics/FinancialHealthScoreCalculator.swift /Users/sunil/Downloads/PayslipMax/PayslipMax/Features/Insights/Services/Analytics/GoalsTracker.swift /Users/sunil/Downloads/PayslipMax/PayslipMax/Features/Insights/Services/Analytics/GrowthCalculator.swift /Users/sunil/Downloads/PayslipMax/PayslipMax/Features/Insights/Services/Analytics/HealthCategoryActionItemsGenerator.swift /Users/sunil/Downloads/PayslipMax/PayslipMax/Features/Insights/Services/Analytics/IncomeStabilityCalculator.swift /Users/sunil/Downloads/PayslipMax/PayslipMax/Features/Insights/Services/Analytics/PredictiveAnalyticsService.swift /Users/sunil/Downloads/PayslipMax/PayslipMax/Features/Insights/Services/Analytics/PredictiveAnalyzer.swift /Users/sunil/Downloads/PayslipMax/PayslipMax/Features/Insights/Services/Analytics/ProfessionalRecommendationEngine.swift /Users/sunil/Downloads/PayslipMax/PayslipMax/Features/Insights/Services/Analytics/ProfessionalRecommendationExtensions.swift /Users/sunil/Downloads/PayslipMax/PayslipMax/Features/Insights/Services/Analytics/RecommendationCalculationService.swift /Users/sunil/Downloads/PayslipMax/PayslipMax/Features/Insights/Services/Analytics/RecommendationConstants.swift /Users/sunil/Downloads/PayslipMax/PayslipMax/Features/Insights/Services/Analytics/RecommendationEngine.swift /Users/sunil/Downloads/PayslipMax/PayslipMax/Features/Insights/Services/Analytics/RiskCalculator.swift /Users/sunil/Downloads/PayslipMax/PayslipMax/Features/Insights/Services/Analytics/SavingsCalculator.swift /Users/sunil/Downloads/PayslipMax/PayslipMax/Features/Insights/Services/Analytics/ScoreCalculator.swift /Users/sunil/Downloads/PayslipMax/PayslipMax/Features/Insights/Services/Analytics/ScoreCalculatorProtocol.swift /Users/sunil/Downloads/PayslipMax/PayslipMax/Features/Insights/Services/Analytics/TaxOptimizationRecommendationsService.swift /Users/sunil/Downloads/PayslipMax/PayslipMax/Features/Insights/Services/AchievementDefinitionsService.swift (in target 'PayslipMax' from project 'PayslipMax')

SwiftCompile normal arm64 /Users/sunil/Downloads/PayslipMax/PayslipMax/Features/Insights/Services/Analytics/BenchmarkAnalyzer.swift (in target 'PayslipMax' from project 'PayslipMax')
    cd /Users/sunil/Downloads/PayslipMax
    

SwiftCompile normal arm64 /Users/sunil/Downloads/PayslipMax/PayslipMax/Features/Insights/Services/Analytics/CareerGrowthRecommendationsService.swift (in target 'PayslipMax' from project 'PayslipMax')
    cd /Users/sunil/Downloads/PayslipMax
    

SwiftCompile normal arm64 /Users/sunil/Downloads/PayslipMax/PayslipMax/Features/Insights/Services/Analytics/CategoryCalculatorProtocol.swift (in target 'PayslipMax' from project 'PayslipMax')
    cd /Users/sunil/Downloads/PayslipMax
    

SwiftCompile normal arm64 /Users/sunil/Downloads/PayslipMax/PayslipMax/Features/Insights/Services/Analytics/DeductionCalculator.swift (in target 'PayslipMax' from project 'PayslipMax')
    cd /Users/sunil/Downloads/PayslipMax
    

SwiftCompile normal arm64 /Users/sunil/Downloads/PayslipMax/PayslipMax/Features/Insights/Services/Analytics/FinancialGoalAnalyzer.swift (in target 'PayslipMax' from project 'PayslipMax')
    cd /Users/sunil/Downloads/PayslipMax
    

SwiftCompile normal arm64 /Users/sunil/Downloads/PayslipMax/PayslipMax/Features/Insights/Services/Analytics/FinancialHealthAnalyzer.swift (in target 'PayslipMax' from project 'PayslipMax')
    cd /Users/sunil/Downloads/PayslipMax
    

SwiftCompile normal arm64 /Users/sunil/Downloads/PayslipMax/PayslipMax/Features/Insights/Services/Analytics/FinancialHealthConstants.swift (in target 'PayslipMax' from project 'PayslipMax')
    cd /Users/sunil/Downloads/PayslipMax
    

SwiftCompile normal arm64 /Users/sunil/Downloads/PayslipMax/PayslipMax/Features/Insights/Services/Analytics/FinancialHealthScoreCalculator.swift (in target 'PayslipMax' from project 'PayslipMax')
    cd /Users/sunil/Downloads/PayslipMax
    

SwiftCompile normal arm64 /Users/sunil/Downloads/PayslipMax/PayslipMax/Features/Insights/Services/Analytics/GoalsTracker.swift (in target 'PayslipMax' from project 'PayslipMax')
    cd /Users/sunil/Downloads/PayslipMax
    

SwiftCompile normal arm64 /Users/sunil/Downloads/PayslipMax/PayslipMax/Features/Insights/Services/Analytics/GrowthCalculator.swift (in target 'PayslipMax' from project 'PayslipMax')
    cd /Users/sunil/Downloads/PayslipMax
    

SwiftCompile normal arm64 /Users/sunil/Downloads/PayslipMax/PayslipMax/Features/Insights/Services/Analytics/HealthCategoryActionItemsGenerator.swift (in target 'PayslipMax' from project 'PayslipMax')
    cd /Users/sunil/Downloads/PayslipMax
    

SwiftCompile normal arm64 /Users/sunil/Downloads/PayslipMax/PayslipMax/Features/Insights/Services/Analytics/IncomeStabilityCalculator.swift (in target 'PayslipMax' from project 'PayslipMax')
    cd /Users/sunil/Downloads/PayslipMax
    

SwiftCompile normal arm64 /Users/sunil/Downloads/PayslipMax/PayslipMax/Features/Insights/Services/Analytics/PredictiveAnalyticsService.swift (in target 'PayslipMax' from project 'PayslipMax')
    cd /Users/sunil/Downloads/PayslipMax
    

SwiftCompile normal arm64 /Users/sunil/Downloads/PayslipMax/PayslipMax/Features/Insights/Services/Analytics/PredictiveAnalyzer.swift (in target 'PayslipMax' from project 'PayslipMax')
    cd /Users/sunil/Downloads/PayslipMax
    

SwiftCompile normal arm64 /Users/sunil/Downloads/PayslipMax/PayslipMax/Features/Insights/Services/Analytics/ProfessionalRecommendationEngine.swift (in target 'PayslipMax' from project 'PayslipMax')
    cd /Users/sunil/Downloads/PayslipMax
    

SwiftCompile normal arm64 /Users/sunil/Downloads/PayslipMax/PayslipMax/Features/Insights/Services/Analytics/ProfessionalRecommendationExtensions.swift (in target 'PayslipMax' from project 'PayslipMax')
    cd /Users/sunil/Downloads/PayslipMax
    

SwiftCompile normal arm64 /Users/sunil/Downloads/PayslipMax/PayslipMax/Features/Insights/Services/Analytics/RecommendationCalculationService.swift (in target 'PayslipMax' from project 'PayslipMax')
    cd /Users/sunil/Downloads/PayslipMax
    

SwiftCompile normal arm64 /Users/sunil/Downloads/PayslipMax/PayslipMax/Features/Insights/Services/Analytics/RecommendationConstants.swift (in target 'PayslipMax' from project 'PayslipMax')
    cd /Users/sunil/Downloads/PayslipMax
    

SwiftCompile normal arm64 /Users/sunil/Downloads/PayslipMax/PayslipMax/Features/Insights/Services/Analytics/RecommendationEngine.swift (in target 'PayslipMax' from project 'PayslipMax')
    cd /Users/sunil/Downloads/PayslipMax
    

SwiftCompile normal arm64 /Users/sunil/Downloads/PayslipMax/PayslipMax/Features/Insights/Services/Analytics/RiskCalculator.swift (in target 'PayslipMax' from project 'PayslipMax')
    cd /Users/sunil/Downloads/PayslipMax
    

SwiftCompile normal arm64 /Users/sunil/Downloads/PayslipMax/PayslipMax/Features/Insights/Services/Analytics/SavingsCalculator.swift (in target 'PayslipMax' from project 'PayslipMax')
    cd /Users/sunil/Downloads/PayslipMax
    

SwiftCompile normal arm64 /Users/sunil/Downloads/PayslipMax/PayslipMax/Features/Insights/Services/Analytics/ScoreCalculator.swift (in target 'PayslipMax' from project 'PayslipMax')
    cd /Users/sunil/Downloads/PayslipMax
    

SwiftCompile normal arm64 /Users/sunil/Downloads/PayslipMax/PayslipMax/Features/Insights/Services/Analytics/ScoreCalculatorProtocol.swift (in target 'PayslipMax' from project 'PayslipMax')
    cd /Users/sunil/Downloads/PayslipMax
    

SwiftCompile normal arm64 /Users/sunil/Downloads/PayslipMax/PayslipMax/Features/Insights/Services/Analytics/TaxOptimizationRecommendationsService.swift (in target 'PayslipMax' from project 'PayslipMax')
    cd /Users/sunil/Downloads/PayslipMax
    

SwiftCompile normal arm64 /Users/sunil/Downloads/PayslipMax/PayslipMax/Features/Insights/Services/AchievementDefinitionsService.swift (in target 'PayslipMax' from project 'PayslipMax')
    cd /Users/sunil/Downloads/PayslipMax
    

SwiftExplicitDependencyGeneratePcm x86_64 /Users/sunil/Library/Developer/Xcode/DerivedData/ModuleCache.noindex/Foundation-C83VGXG7O034725YXFE5GCT1O.pcm

SwiftDriverJobDiscovery normal arm64 Compiling ConfidenceIndicator.swift, InvestmentReturnsCard.swift, BreakdownItem.swift, PayslipShareItemProvider.swift, PayslipFilteringService.swift, PayslipFormatterService.swift, PayslipGroupingService.swift, PayslipPDFFormattingService.swift, PayslipPDFFormattingServiceProtocol.swift, PayslipPDFService.swift, PayslipPDFURLService.swift, PayslipPDFURLServiceProtocol.swift, PayslipShareService.swift, PayslipSortingService.swift, PDFDocumentCache.swift, PrintService.swift, PayslipDetailFormatterService.swift, PayslipDetailPDFHandler.swift, PayslipDetailStateManager.swift, PayslipDetailViewModel.swift, PayslipImportCoordinator.swift, PayslipsViewModel.swift, PayslipsViewModelActions.swift, PayslipsViewModelSetup.swift, PayslipsViewModelSupport.swift (in target 'PayslipMax' from project 'PayslipMax')

SwiftCompile normal arm64 Compiling\ SubscriptionSettingsView.swift,\ SupportSettingsView.swift,\ PaymentProcessor.swift,\ PremiumFeaturesConfiguration.swift,\ SubscriptionManager.swift,\ SubscriptionPersistenceService.swift,\ SubscriptionService.swift,\ SubscriptionValidator.swift,\ WebUploadDeepLinkHandler.swift,\ WebUploadModel.swift,\ DataPersistenceService.swift,\ DeviceRegistrationService.swift,\ FileDownloadService.swift,\ FileProcessingService.swift,\ PasswordManagementService.swift,\ UploadManagementService.swift,\ WebUploadCoordinator.swift,\ WebUploadPDFProcessingService.swift,\ KeychainSecureStorage.swift,\ SecureStorageProtocol.swift,\ WebUploadMockServices.swift,\ WebUploadServiceProtocol.swift,\ WebUploadViewModel.swift,\ PasswordPromptView.swift,\ QRCodeView.swift /Users/sunil/Downloads/PayslipMax/PayslipMax/Features/Settings/Views/SubscriptionSettingsView.swift /Users/sunil/Downloads/PayslipMax/PayslipMax/Features/Settings/Views/SupportSettingsView.swift /Users/sunil/Downloads/PayslipMax/PayslipMax/Features/Subscription/PaymentProcessor.swift /Users/sunil/Downloads/PayslipMax/PayslipMax/Features/Subscription/PremiumFeaturesConfiguration.swift /Users/sunil/Downloads/PayslipMax/PayslipMax/Features/Subscription/SubscriptionManager.swift /Users/sunil/Downloads/PayslipMax/PayslipMax/Features/Subscription/SubscriptionPersistenceService.swift /Users/sunil/Downloads/PayslipMax/PayslipMax/Features/Subscription/SubscriptionService.swift /Users/sunil/Downloads/PayslipMax/PayslipMax/Features/Subscription/SubscriptionValidator.swift /Users/sunil/Downloads/PayslipMax/PayslipMax/Features/WebUpload/Handlers/WebUploadDeepLinkHandler.swift /Users/sunil/Downloads/PayslipMax/PayslipMax/Features/WebUpload/Models/WebUploadModel.swift /Users/sunil/Downloads/PayslipMax/PayslipMax/Features/WebUpload/Services/Components/DataPersistenceService.swift /Users/sunil/Downloads/PayslipMax/PayslipMax/Features/WebUpload/Services/Components/DeviceRegistrationService.swift /Users/sunil/Downloads/PayslipMax/PayslipMax/Features/WebUpload/Services/Components/FileDownloadService.swift /Users/sunil/Downloads/PayslipMax/PayslipMax/Features/WebUpload/Services/Components/FileProcessingService.swift /Users/sunil/Downloads/PayslipMax/PayslipMax/Features/WebUpload/Services/Components/PasswordManagementService.swift /Users/sunil/Downloads/PayslipMax/PayslipMax/Features/WebUpload/Services/Components/UploadManagementService.swift /Users/sunil/Downloads/PayslipMax/PayslipMax/Features/WebUpload/Services/Components/WebUploadCoordinator.swift /Users/sunil/Downloads/PayslipMax/PayslipMax/Features/WebUpload/Services/Components/WebUploadPDFProcessingService.swift /Users/sunil/Downloads/PayslipMax/PayslipMax/Features/WebUpload/Services/KeychainSecureStorage.swift /Users/sunil/Downloads/PayslipMax/PayslipMax/Features/WebUpload/Services/SecureStorageProtocol.swift /Users/sunil/Downloads/PayslipMax/PayslipMax/Features/WebUpload/Services/WebUploadMockServices.swift /Users/sunil/Downloads/PayslipMax/PayslipMax/Features/WebUpload/Services/WebUploadServiceProtocol.swift /Users/sunil/Downloads/PayslipMax/PayslipMax/Features/WebUpload/ViewModels/WebUploadViewModel.swift /Users/sunil/Downloads/PayslipMax/PayslipMax/Features/WebUpload/Views/PasswordPromptView.swift /Users/sunil/Downloads/PayslipMax/PayslipMax/Features/WebUpload/Views/QRCodeView.swift (in target 'PayslipMax' from project 'PayslipMax')

SwiftCompile normal arm64 /Users/sunil/Downloads/PayslipMax/PayslipMax/Features/Settings/Views/SubscriptionSettingsView.swift (in target 'PayslipMax' from project 'PayslipMax')
    cd /Users/sunil/Downloads/PayslipMax
    

SwiftCompile normal arm64 /Users/sunil/Downloads/PayslipMax/PayslipMax/Features/Settings/Views/SupportSettingsView.swift (in target 'PayslipMax' from project 'PayslipMax')
    cd /Users/sunil/Downloads/PayslipMax
    

SwiftCompile normal arm64 /Users/sunil/Downloads/PayslipMax/PayslipMax/Features/Subscription/PaymentProcessor.swift (in target 'PayslipMax' from project 'PayslipMax')
    cd /Users/sunil/Downloads/PayslipMax
    

SwiftCompile normal arm64 /Users/sunil/Downloads/PayslipMax/PayslipMax/Features/Subscription/PremiumFeaturesConfiguration.swift (in target 'PayslipMax' from project 'PayslipMax')
    cd /Users/sunil/Downloads/PayslipMax
    

SwiftCompile normal arm64 /Users/sunil/Downloads/PayslipMax/PayslipMax/Features/Subscription/SubscriptionManager.swift (in target 'PayslipMax' from project 'PayslipMax')
    cd /Users/sunil/Downloads/PayslipMax
    

SwiftCompile normal arm64 /Users/sunil/Downloads/PayslipMax/PayslipMax/Features/Subscription/SubscriptionPersistenceService.swift (in target 'PayslipMax' from project 'PayslipMax')
    cd /Users/sunil/Downloads/PayslipMax
    

SwiftCompile normal arm64 /Users/sunil/Downloads/PayslipMax/PayslipMax/Features/Subscription/SubscriptionService.swift (in target 'PayslipMax' from project 'PayslipMax')
    cd /Users/sunil/Downloads/PayslipMax
    

SwiftCompile normal arm64 /Users/sunil/Downloads/PayslipMax/PayslipMax/Features/Subscription/SubscriptionValidator.swift (in target 'PayslipMax' from project 'PayslipMax')
    cd /Users/sunil/Downloads/PayslipMax
    

SwiftCompile normal arm64 /Users/sunil/Downloads/PayslipMax/PayslipMax/Features/WebUpload/Handlers/WebUploadDeepLinkHandler.swift (in target 'PayslipMax' from project 'PayslipMax')
    cd /Users/sunil/Downloads/PayslipMax
    

SwiftCompile normal arm64 /Users/sunil/Downloads/PayslipMax/PayslipMax/Features/WebUpload/Models/WebUploadModel.swift (in target 'PayslipMax' from project 'PayslipMax')
    cd /Users/sunil/Downloads/PayslipMax
    

SwiftCompile normal arm64 /Users/sunil/Downloads/PayslipMax/PayslipMax/Features/WebUpload/Services/Components/DataPersistenceService.swift (in target 'PayslipMax' from project 'PayslipMax')
    cd /Users/sunil/Downloads/PayslipMax
    

SwiftCompile normal arm64 /Users/sunil/Downloads/PayslipMax/PayslipMax/Features/WebUpload/Services/Components/DeviceRegistrationService.swift (in target 'PayslipMax' from project 'PayslipMax')
    cd /Users/sunil/Downloads/PayslipMax
    

SwiftCompile normal arm64 /Users/sunil/Downloads/PayslipMax/PayslipMax/Features/WebUpload/Services/Components/FileDownloadService.swift (in target 'PayslipMax' from project 'PayslipMax')
    cd /Users/sunil/Downloads/PayslipMax
    

SwiftCompile normal arm64 /Users/sunil/Downloads/PayslipMax/PayslipMax/Features/WebUpload/Services/Components/FileProcessingService.swift (in target 'PayslipMax' from project 'PayslipMax')
    cd /Users/sunil/Downloads/PayslipMax
    

SwiftCompile normal arm64 /Users/sunil/Downloads/PayslipMax/PayslipMax/Features/WebUpload/Services/Components/PasswordManagementService.swift (in target 'PayslipMax' from project 'PayslipMax')
    cd /Users/sunil/Downloads/PayslipMax
    

SwiftCompile normal arm64 /Users/sunil/Downloads/PayslipMax/PayslipMax/Features/WebUpload/Services/Components/UploadManagementService.swift (in target 'PayslipMax' from project 'PayslipMax')
    cd /Users/sunil/Downloads/PayslipMax
    

SwiftCompile normal arm64 /Users/sunil/Downloads/PayslipMax/PayslipMax/Features/WebUpload/Services/Components/WebUploadCoordinator.swift (in target 'PayslipMax' from project 'PayslipMax')
    cd /Users/sunil/Downloads/PayslipMax
    

SwiftCompile normal arm64 /Users/sunil/Downloads/PayslipMax/PayslipMax/Features/WebUpload/Services/Components/WebUploadPDFProcessingService.swift (in target 'PayslipMax' from project 'PayslipMax')
    cd /Users/sunil/Downloads/PayslipMax
    

SwiftCompile normal arm64 /Users/sunil/Downloads/PayslipMax/PayslipMax/Features/WebUpload/Services/KeychainSecureStorage.swift (in target 'PayslipMax' from project 'PayslipMax')
    cd /Users/sunil/Downloads/PayslipMax
    

SwiftCompile normal arm64 /Users/sunil/Downloads/PayslipMax/PayslipMax/Features/WebUpload/Services/SecureStorageProtocol.swift (in target 'PayslipMax' from project 'PayslipMax')
    cd /Users/sunil/Downloads/PayslipMax
    

SwiftCompile normal arm64 /Users/sunil/Downloads/PayslipMax/PayslipMax/Features/WebUpload/Services/WebUploadMockServices.swift (in target 'PayslipMax' from project 'PayslipMax')
    cd /Users/sunil/Downloads/PayslipMax
    

SwiftCompile normal arm64 /Users/sunil/Downloads/PayslipMax/PayslipMax/Features/WebUpload/Services/WebUploadServiceProtocol.swift (in target 'PayslipMax' from project 'PayslipMax')
    cd /Users/sunil/Downloads/PayslipMax
    

SwiftCompile normal arm64 /Users/sunil/Downloads/PayslipMax/PayslipMax/Features/WebUpload/ViewModels/WebUploadViewModel.swift (in target 'PayslipMax' from project 'PayslipMax')
    cd /Users/sunil/Downloads/PayslipMax
    

SwiftCompile normal arm64 /Users/sunil/Downloads/PayslipMax/PayslipMax/Features/WebUpload/Views/PasswordPromptView.swift (in target 'PayslipMax' from project 'PayslipMax')
    cd /Users/sunil/Downloads/PayslipMax
    

SwiftCompile normal arm64 /Users/sunil/Downloads/PayslipMax/PayslipMax/Features/WebUpload/Views/QRCodeView.swift (in target 'PayslipMax' from project 'PayslipMax')
    cd /Users/sunil/Downloads/PayslipMax
    

SwiftExplicitDependencyGeneratePcm x86_64 /Users/sunil/Library/Developer/Xcode/DerivedData/ModuleCache.noindex/OSLog-21C8O0QUZY3U9JY6RZ2D9WJ1N.pcm

SwiftDriverJobDiscovery normal arm64 Compiling DocumentMetadataExtractor.swift, DocumentSectionExtractor.swift, DocumentStructureIdentifier.swift, FinancialDataSectionParser.swift, PersonalInfoSectionParser.swift, ArrearsDisplayFormatter.swift, BatchProcessingTypes.swift, CoalescedOperationTypes.swift, ComponentClassificationRules.swift, DataExtractionAlgorithms.swift, DataExtractionPatterns.swift, DataExtractionService.swift, DataExtractionValidation.swift, DataExtractionValidationTypes.swift, DateConfidenceCalculator.swift, DatePatternDefinitions.swift, DateProcessingUtilities.swift, DateSelectionService.swift, DateValidationService.swift, DeduplicationMetricsAnalyzer.swift, DeduplicationMetricsCollector.swift, DeduplicationMetricsService.swift, DeduplicationMetricsTypes.swift, DocumentFingerprintGenerator.swift, DocumentFingerprintSimilarity.swift (in target 'PayslipMax' from project 'PayslipMax')

SwiftExplicitDependencyGeneratePcm x86_64 /Users/sunil/Library/Developer/Xcode/DerivedData/ModuleCache.noindex/UniformTypeIdentifiers-DLWC3R2JNK18SD8FWMN4KUN68.pcm

SwiftExplicitDependencyGeneratePcm x86_64 /Users/sunil/Library/Developer/Xcode/DerivedData/ModuleCache.noindex/CoreTransferable-AU159JY4K3U4TYDTB12YP4Z53.pcm

SwiftExplicitDependencyGeneratePcm x86_64 /Users/sunil/Library/Developer/Xcode/DerivedData/ModuleCache.noindex/DataDetection-8GQ7LS7GVXB3GOQFGK4BV391I.pcm

SwiftExplicitDependencyGeneratePcm x86_64 /Users/sunil/Library/Developer/Xcode/DerivedData/ModuleCache.noindex/IOSurface-ASO4RZBSEG8FF2IKP1PCVAEAH.pcm

SwiftExplicitDependencyGeneratePcm x86_64 /Users/sunil/Library/Developer/Xcode/DerivedData/ModuleCache.noindex/UIUtilities-1HGSKB4160RTE6YNZHSTG5FZE.pcm

SwiftExplicitDependencyGeneratePcm x86_64 /Users/sunil/Library/Developer/Xcode/DerivedData/ModuleCache.noindex/Metal-BQJSCSUQIVB3Y625EMGX9J31V.pcm

SwiftExplicitDependencyGeneratePcm x86_64 /Users/sunil/Library/Developer/Xcode/DerivedData/ModuleCache.noindex/FileProvider-89IEB79BCCMX4PETHP1Z5DJI6.pcm

SwiftDriverJobDiscovery normal arm64 Compiling MilitaryAbbreviationsServiceExtensions.swift, MultiLineCellMerger.swift, ParallelTextExtractor.swift, PatternApplicationEngine.swift, PatternApplicationStrategies.swift, PatternApplicationValidation.swift, PatternApplier.swift, PatternBasedExtractor.swift, PatternExtractor.swift, PatternMatcher.swift, PatternMatchingService.swift, PatternMatchingServiceProtocol.swift, PatternMatchingUtilityService.swift, PatternValidationHelper.swift, PayCodeClassificationConstants.swift, PayCodeClassificationEngine.swift, PayCodePatternGenerator.swift, PayslipBuilder.swift, PayslipBuilderService.swift, PayslipExtractorService.swift, PayslipValidator.swift, PDFCacheCleanup.swift, PDFCacheConfiguration.swift, PDFCacheMetrics.swift, PDFExtractionUtility.swift (in target 'PayslipMax' from project 'PayslipMax')

SwiftExplicitDependencyGeneratePcm x86_64 /Users/sunil/Library/Developer/Xcode/DerivedData/ModuleCache.noindex/Accessibility-CHNN33TVN8TY1GVOT7T1YZ764.pcm

SwiftExplicitDependencyGeneratePcm x86_64 /Users/sunil/Library/Developer/Xcode/DerivedData/ModuleCache.noindex/OpenGLES-2XR5YPPOAL2K5N4KGON2IC4PA.pcm

SwiftExplicitDependencyGeneratePcm x86_64 /Users/sunil/Library/Developer/Xcode/DerivedData/ModuleCache.noindex/CoreData-9VYPRHW390R3D55XJOW8JISFZ.pcm

SwiftDriverJobDiscovery normal arm64 Compiling PayslipRepositoryProtocol.swift, SendablePayslipRepository.swift, BiometricAuthenticationManager.swift, EncryptionManager.swift, EncryptionService.swift, EncryptionServiceProtocol.swift, PINAuthenticationManager.swift, SecureDataManager.swift, SecureStorageManager.swift, SessionManager.swift, MilitaryComponentValidator.swift, PayslipExtractionValidator.swift, PayslipValidationService.swift, PayslipValidationServiceProtocol.swift, ValidationModels.swift, AbbreviationLoader.swift, AbbreviationMatcher.swift, AbbreviationRepository.swift, BiometricAuthService.swift, ComponentCategorizationService.swift, ComponentCategorizationServiceProtocol.swift, ContactInfoExtractor.swift, DataServiceCore.swift, DataServiceImpl.swift, DataServiceOperations.swift (in target 'PayslipMax' from project 'PayslipMax')

SwiftExplicitDependencyGeneratePcm x86_64 /Users/sunil/Library/Developer/Xcode/DerivedData/ModuleCache.noindex/Network-D8G87778OSE6Z6R28584PE8YF.pcm

SwiftExplicitDependencyGeneratePcm x86_64 /Users/sunil/Library/Developer/Xcode/DerivedData/ModuleCache.noindex/UserNotifications-BYJC3NYO847U2SCB60US2MK8T.pcm

SwiftExplicitDependencyGeneratePcm x86_64 /Users/sunil/Library/Developer/Xcode/DerivedData/ModuleCache.noindex/CoreVideo-ESO2MDAGM899V8W8LXQYOI3H4.pcm

SwiftExplicitDependencyGeneratePcm x86_64 /Users/sunil/Library/Developer/Xcode/DerivedData/ModuleCache.noindex/Symbols-2BHMXZRIESD3UW2E2JER3B2PN.pcm

SwiftExplicitDependencyGeneratePcm x86_64 /Users/sunil/Library/Developer/Xcode/DerivedData/ModuleCache.noindex/AVRouting-AFEFHOTHKB65O26M6J6XNK0JG.pcm

SwiftExplicitDependencyGeneratePcm x86_64 /Users/sunil/Library/Developer/Xcode/DerivedData/ModuleCache.noindex/BackgroundAssets-836YYHM6Y3I8QYFXQZJAAL269.pcm

SwiftExplicitDependencyGeneratePcm x86_64 /Users/sunil/Library/Developer/Xcode/DerivedData/ModuleCache.noindex/CoreMedia-5RYLBWQ0VRH4UBLELT57ZITR.pcm

SwiftDriverJobDiscovery normal arm64 Compiling UniversalPDFExtractorAdapter.swift, VerticalClusterAnalyzer.swift, ExtractedDataSnapshot.swift, ExtractionIssue.swift, ExtractionStatistics.swift, TrainingSample.swift, TrainingDataStore.swift, PayslipFormatDetectionService.swift, PayslipFormatDetectionServiceProtocol.swift, ParserPerformanceMonitor.swift, ConfidenceCalculator.swift, SimplifiedPayslipParser.swift, BankingPatternsProvider.swift, CorePatternsProvider.swift, DefaultPatternRepository.swift, FinancialPatternsProvider.swift, PatternRepositoryProtocol.swift, PersonalInfoPatternsProvider.swift, TaxPatternsProvider.swift, PCDAPayslipHandler.swift, PDFParser.swift, PDFProcessingPipeline.swift, PDFService.swift, PDFValidator.swift, ContactInfoSectionParser.swift (in target 'PayslipMax' from project 'PayslipMax')

SwiftExplicitDependencyGeneratePcm x86_64 /Users/sunil/Library/Developer/Xcode/DerivedData/ModuleCache.noindex/QuartzCore-AA0BBL9HWG2ACRX6UAXF55P54.pcm

SwiftExplicitDependencyGeneratePcm x86_64 /Users/sunil/Library/Developer/Xcode/DerivedData/ModuleCache.noindex/Accelerate-3ZXIC5JUELOJ86FU1KOAUFAB8.pcm

SwiftExplicitDependencyGeneratePcm x86_64 /Users/sunil/Library/Developer/Xcode/DerivedData/ModuleCache.noindex/CoreML-DTU55TEP8MHCB3YKMQ06MKB3D.pcm

SwiftExplicitDependencyGeneratePcm x86_64 /Users/sunil/Library/Developer/Xcode/DerivedData/ModuleCache.noindex/LocalAuthentication-AFP5PPJFS7DU03H8KT7U0EMT5.pcm

SwiftDriverJobDiscovery normal arm64 Compiling UIAppearanceService.swift, DocumentPickerView.swift, ScannerView.swift, ViewModifiers.swift, AbbreviationLearningSystem.swift, AbbreviationManager.swift, Constants.swift, CurrencyFormatter.swift, Formatters.swift, PayslipLearningSystem.swift, PayslipPatternManager.swift, PayslipPatternManagerCompat.swift, UnifiedPatternDefinitions.swift, UnifiedPatternMatcher.swift, CategorizedPayItemsViewModel.swift, SecurityViewModel.swift, SimplifiedPayslipViewModel.swift, DeepLinkQRView.swift, PayslipExtractionDiagnosticsView.swift, ChartLegend.swift, CreditsDebitsChartView.swift, DSOPChartView.swift, FinancialOverviewCard.swift, FinancialOverviewComponents.swift (in target 'PayslipMax' from project 'PayslipMax')

SwiftExplicitDependencyGeneratePcm x86_64 /Users/sunil/Library/Developer/Xcode/DerivedData/ModuleCache.noindex/CoreImage-CGANAXHUO25M8E9WHW7W80FI5.pcm

SwiftExplicitDependencyGeneratePcm x86_64 /Users/sunil/Library/Developer/Xcode/DerivedData/ModuleCache.noindex/CoreMIDI-1PVTVISGYBA53A19LQXGX0C23.pcm

SwiftExplicitDependencyGeneratePcm x86_64 /Users/sunil/Library/Developer/Xcode/DerivedData/ModuleCache.noindex/SwiftUICore-D9UL5PN2KJCBGD0GV2GQOUXR0.pcm

SwiftExplicitDependencyGeneratePcm x86_64 /Users/sunil/Library/Developer/Xcode/DerivedData/ModuleCache.noindex/Vision-2W51XFWQ6B7CY8BR86IRUVZXH.pcm

SwiftCompile normal arm64 Compiling\ DeprecationUtilities.swift,\ ErrorHandlingUtility.swift,\ FinancialCalculationHelpers.swift,\ FinancialCalculationUtility.swift,\ Logger.swift,\ NotificationExtensions.swift,\ PayslipDisplayNameConstants.swift,\ PayslipDisplayNameService.swift,\ ProcessInfo+TestEnvironment.swift,\ ExtractorPatternExtensions.swift,\ PDFDocumentExtensions.swift,\ PositionalElementExtensions.swift,\ SplashQuote.swift,\ AuthViewModel.swift,\ BiometricAuthView.swift,\ EnhancedBiometricAuthView.swift,\ LoginView.swift,\ PINSetupView.swift,\ SplashContainerView.swift,\ SplashScreenView.swift,\ BackupModels.swift,\ BackupExportOperations.swift,\ BackupHelperOperations.swift,\ BackupImportOperations.swift,\ BackupServiceCore.swift /Users/sunil/Downloads/PayslipMax/PayslipMax/Core/Utilities/DeprecationUtilities.swift /Users/sunil/Downloads/PayslipMax/PayslipMax/Core/Utilities/ErrorHandlingUtility.swift /Users/sunil/Downloads/PayslipMax/PayslipMax/Core/Utilities/FinancialCalculationHelpers.swift /Users/sunil/Downloads/PayslipMax/PayslipMax/Core/Utilities/FinancialCalculationUtility.swift /Users/sunil/Downloads/PayslipMax/PayslipMax/Core/Utilities/Logger.swift /Users/sunil/Downloads/PayslipMax/PayslipMax/Core/Utilities/NotificationExtensions.swift /Users/sunil/Downloads/PayslipMax/PayslipMax/Core/Utilities/PayslipDisplayNameConstants.swift /Users/sunil/Downloads/PayslipMax/PayslipMax/Core/Utilities/PayslipDisplayNameService.swift /Users/sunil/Downloads/PayslipMax/PayslipMax/Core/Utilities/ProcessInfo+TestEnvironment.swift /Users/sunil/Downloads/PayslipMax/PayslipMax/Extensions/ExtractorPatternExtensions.swift /Users/sunil/Downloads/PayslipMax/PayslipMax/Extensions/PDFDocumentExtensions.swift /Users/sunil/Downloads/PayslipMax/PayslipMax/Extensions/PositionalElementExtensions.swift /Users/sunil/Downloads/PayslipMax/PayslipMax/Features/Authentication/Models/SplashQuote.swift /Users/sunil/Downloads/PayslipMax/PayslipMax/Features/Authentication/ViewModels/AuthViewModel.swift /Users/sunil/Downloads/PayslipMax/PayslipMax/Features/Authentication/Views/BiometricAuthView.swift /Users/sunil/Downloads/PayslipMax/PayslipMax/Features/Authentication/Views/EnhancedBiometricAuthView.swift /Users/sunil/Downloads/PayslipMax/PayslipMax/Features/Authentication/Views/LoginView.swift /Users/sunil/Downloads/PayslipMax/PayslipMax/Features/Authentication/Views/PINSetupView.swift /Users/sunil/Downloads/PayslipMax/PayslipMax/Features/Authentication/Views/SplashContainerView.swift /Users/sunil/Downloads/PayslipMax/PayslipMax/Features/Authentication/Views/SplashScreenView.swift /Users/sunil/Downloads/PayslipMax/PayslipMax/Features/Backup/Models/BackupModels.swift /Users/sunil/Downloads/PayslipMax/PayslipMax/Features/Backup/Services/BackupExportOperations.swift /Users/sunil/Downloads/PayslipMax/PayslipMax/Features/Backup/Services/BackupHelperOperations.swift /Users/sunil/Downloads/PayslipMax/PayslipMax/Features/Backup/Services/BackupImportOperations.swift /Users/sunil/Downloads/PayslipMax/PayslipMax/Features/Backup/Services/BackupServiceCore.swift (in target 'PayslipMax' from project 'PayslipMax')

SwiftCompile normal arm64 /Users/sunil/Downloads/PayslipMax/PayslipMax/Core/Utilities/DeprecationUtilities.swift (in target 'PayslipMax' from project 'PayslipMax')
    cd /Users/sunil/Downloads/PayslipMax
    

SwiftCompile normal arm64 /Users/sunil/Downloads/PayslipMax/PayslipMax/Core/Utilities/ErrorHandlingUtility.swift (in target 'PayslipMax' from project 'PayslipMax')
    cd /Users/sunil/Downloads/PayslipMax
    

SwiftCompile normal arm64 /Users/sunil/Downloads/PayslipMax/PayslipMax/Core/Utilities/FinancialCalculationHelpers.swift (in target 'PayslipMax' from project 'PayslipMax')
    cd /Users/sunil/Downloads/PayslipMax
    

SwiftCompile normal arm64 /Users/sunil/Downloads/PayslipMax/PayslipMax/Core/Utilities/FinancialCalculationUtility.swift (in target 'PayslipMax' from project 'PayslipMax')
    cd /Users/sunil/Downloads/PayslipMax
    

SwiftCompile normal arm64 /Users/sunil/Downloads/PayslipMax/PayslipMax/Core/Utilities/Logger.swift (in target 'PayslipMax' from project 'PayslipMax')
    cd /Users/sunil/Downloads/PayslipMax
    

SwiftCompile normal arm64 /Users/sunil/Downloads/PayslipMax/PayslipMax/Core/Utilities/NotificationExtensions.swift (in target 'PayslipMax' from project 'PayslipMax')
    cd /Users/sunil/Downloads/PayslipMax
    

SwiftCompile normal arm64 /Users/sunil/Downloads/PayslipMax/PayslipMax/Core/Utilities/PayslipDisplayNameConstants.swift (in target 'PayslipMax' from project 'PayslipMax')
    cd /Users/sunil/Downloads/PayslipMax
    

SwiftCompile normal arm64 /Users/sunil/Downloads/PayslipMax/PayslipMax/Core/Utilities/PayslipDisplayNameService.swift (in target 'PayslipMax' from project 'PayslipMax')
    cd /Users/sunil/Downloads/PayslipMax
    

SwiftCompile normal arm64 /Users/sunil/Downloads/PayslipMax/PayslipMax/Core/Utilities/ProcessInfo+TestEnvironment.swift (in target 'PayslipMax' from project 'PayslipMax')
    cd /Users/sunil/Downloads/PayslipMax
    

SwiftCompile normal arm64 /Users/sunil/Downloads/PayslipMax/PayslipMax/Extensions/ExtractorPatternExtensions.swift (in target 'PayslipMax' from project 'PayslipMax')
    cd /Users/sunil/Downloads/PayslipMax
    

SwiftCompile normal arm64 /Users/sunil/Downloads/PayslipMax/PayslipMax/Extensions/PDFDocumentExtensions.swift (in target 'PayslipMax' from project 'PayslipMax')
    cd /Users/sunil/Downloads/PayslipMax
    

SwiftCompile normal arm64 /Users/sunil/Downloads/PayslipMax/PayslipMax/Extensions/PositionalElementExtensions.swift (in target 'PayslipMax' from project 'PayslipMax')
    cd /Users/sunil/Downloads/PayslipMax
    

SwiftCompile normal arm64 /Users/sunil/Downloads/PayslipMax/PayslipMax/Features/Authentication/Models/SplashQuote.swift (in target 'PayslipMax' from project 'PayslipMax')
    cd /Users/sunil/Downloads/PayslipMax
    

SwiftCompile normal arm64 /Users/sunil/Downloads/PayslipMax/PayslipMax/Features/Authentication/ViewModels/AuthViewModel.swift (in target 'PayslipMax' from project 'PayslipMax')
    cd /Users/sunil/Downloads/PayslipMax
    

SwiftCompile normal arm64 /Users/sunil/Downloads/PayslipMax/PayslipMax/Features/Authentication/Views/BiometricAuthView.swift (in target 'PayslipMax' from project 'PayslipMax')
    cd /Users/sunil/Downloads/PayslipMax
    

SwiftCompile normal arm64 /Users/sunil/Downloads/PayslipMax/PayslipMax/Features/Authentication/Views/EnhancedBiometricAuthView.swift (in target 'PayslipMax' from project 'PayslipMax')
    cd /Users/sunil/Downloads/PayslipMax
    

SwiftCompile normal arm64 /Users/sunil/Downloads/PayslipMax/PayslipMax/Features/Authentication/Views/LoginView.swift (in target 'PayslipMax' from project 'PayslipMax')
    cd /Users/sunil/Downloads/PayslipMax
    

SwiftCompile normal arm64 /Users/sunil/Downloads/PayslipMax/PayslipMax/Features/Authentication/Views/PINSetupView.swift (in target 'PayslipMax' from project 'PayslipMax')
    cd /Users/sunil/Downloads/PayslipMax
    

SwiftCompile normal arm64 /Users/sunil/Downloads/PayslipMax/PayslipMax/Features/Authentication/Views/SplashContainerView.swift (in target 'PayslipMax' from project 'PayslipMax')
    cd /Users/sunil/Downloads/PayslipMax
    

SwiftCompile normal arm64 /Users/sunil/Downloads/PayslipMax/PayslipMax/Features/Authentication/Views/SplashScreenView.swift (in target 'PayslipMax' from project 'PayslipMax')
    cd /Users/sunil/Downloads/PayslipMax
    

SwiftCompile normal arm64 /Users/sunil/Downloads/PayslipMax/PayslipMax/Features/Backup/Models/BackupModels.swift (in target 'PayslipMax' from project 'PayslipMax')
    cd /Users/sunil/Downloads/PayslipMax
    

SwiftCompile normal arm64 /Users/sunil/Downloads/PayslipMax/PayslipMax/Features/Backup/Services/BackupExportOperations.swift (in target 'PayslipMax' from project 'PayslipMax')
    cd /Users/sunil/Downloads/PayslipMax
    

SwiftCompile normal arm64 /Users/sunil/Downloads/PayslipMax/PayslipMax/Features/Backup/Services/BackupHelperOperations.swift (in target 'PayslipMax' from project 'PayslipMax')
    cd /Users/sunil/Downloads/PayslipMax
    

SwiftCompile normal arm64 /Users/sunil/Downloads/PayslipMax/PayslipMax/Features/Backup/Services/BackupImportOperations.swift (in target 'PayslipMax' from project 'PayslipMax')
    cd /Users/sunil/Downloads/PayslipMax
    

SwiftCompile normal arm64 /Users/sunil/Downloads/PayslipMax/PayslipMax/Features/Backup/Services/BackupServiceCore.swift (in target 'PayslipMax' from project 'PayslipMax')
    cd /Users/sunil/Downloads/PayslipMax
    

SwiftCompile normal arm64 Compiling\ WebUploadHeaderView.swift,\ WebUploadListView.swift,\ WebUploadStateViews.swift,\ PDFManager.swift,\ PDFPlaceholderGenerator.swift,\ PDFRepairer.swift,\ PDFUploadManager.swift,\ PayslipDTO.swift,\ InsightsModels.swift,\ ColumnBoundaryTypes.swift,\ ContextualMatchTypes.swift,\ DocumentComplexity.swift,\ ElementPair.swift,\ ElementRelationship.swift,\ ExtractionQualityExtensions.swift,\ MergedCellTypes.swift,\ ParserErrorModels.swift,\ ParserTelemetryModels.swift,\ PositionalElement.swift,\ RowAssociationTypes.swift,\ SectionClassificationTypes.swift,\ StructuredDocument.swift,\ TableAnalysis.swift,\ TableRow.swift,\ TableStructure.swift /Users/sunil/Downloads/PayslipMax/PayslipMax/Features/WebUpload/Views/WebUploadHeaderView.swift /Users/sunil/Downloads/PayslipMax/PayslipMax/Features/WebUpload/Views/WebUploadListView.swift /Users/sunil/Downloads/PayslipMax/PayslipMax/Features/WebUpload/Views/WebUploadStateViews.swift /Users/sunil/Downloads/PayslipMax/PayslipMax/Managers/PDFManager.swift /Users/sunil/Downloads/PayslipMax/PayslipMax/Managers/PDFPlaceholderGenerator.swift /Users/sunil/Downloads/PayslipMax/PayslipMax/Managers/PDFRepairer.swift /Users/sunil/Downloads/PayslipMax/PayslipMax/Managers/PDFUploadManager.swift /Users/sunil/Downloads/PayslipMax/PayslipMax/Models/DTOs/PayslipDTO.swift /Users/sunil/Downloads/PayslipMax/PayslipMax/Models/Insights/InsightsModels.swift /Users/sunil/Downloads/PayslipMax/PayslipMax/Models/Parsing/ColumnBoundaryTypes.swift /Users/sunil/Downloads/PayslipMax/PayslipMax/Models/Parsing/ContextualMatchTypes.swift /Users/sunil/Downloads/PayslipMax/PayslipMax/Models/Parsing/DocumentComplexity.swift /Users/sunil/Downloads/PayslipMax/PayslipMax/Models/Parsing/ElementPair.swift /Users/sunil/Downloads/PayslipMax/PayslipMax/Models/Parsing/ElementRelationship.swift /Users/sunil/Downloads/PayslipMax/PayslipMax/Models/Parsing/ExtractionQualityExtensions.swift /Users/sunil/Downloads/PayslipMax/PayslipMax/Models/Parsing/MergedCellTypes.swift /Users/sunil/Downloads/PayslipMax/PayslipMax/Models/Parsing/ParserErrorModels.swift /Users/sunil/Downloads/PayslipMax/PayslipMax/Models/Parsing/ParserTelemetryModels.swift /Users/sunil/Downloads/PayslipMax/PayslipMax/Models/Parsing/PositionalElement.swift /Users/sunil/Downloads/PayslipMax/PayslipMax/Models/Parsing/RowAssociationTypes.swift /Users/sunil/Downloads/PayslipMax/PayslipMax/Models/Parsing/SectionClassificationTypes.swift /Users/sunil/Downloads/PayslipMax/PayslipMax/Models/Parsing/StructuredDocument.swift /Users/sunil/Downloads/PayslipMax/PayslipMax/Models/Parsing/TableAnalysis.swift /Users/sunil/Downloads/PayslipMax/PayslipMax/Models/Parsing/TableRow.swift /Users/sunil/Downloads/PayslipMax/PayslipMax/Models/Parsing/TableStructure.swift (in target 'PayslipMax' from project 'PayslipMax')

SwiftCompile normal arm64 /Users/sunil/Downloads/PayslipMax/PayslipMax/Features/WebUpload/Views/WebUploadHeaderView.swift (in target 'PayslipMax' from project 'PayslipMax')
    cd /Users/sunil/Downloads/PayslipMax
    

SwiftCompile normal arm64 /Users/sunil/Downloads/PayslipMax/PayslipMax/Features/WebUpload/Views/WebUploadListView.swift (in target 'PayslipMax' from project 'PayslipMax')
    cd /Users/sunil/Downloads/PayslipMax
    

SwiftCompile normal arm64 /Users/sunil/Downloads/PayslipMax/PayslipMax/Features/WebUpload/Views/WebUploadStateViews.swift (in target 'PayslipMax' from project 'PayslipMax')
    cd /Users/sunil/Downloads/PayslipMax
    

SwiftCompile normal arm64 /Users/sunil/Downloads/PayslipMax/PayslipMax/Managers/PDFManager.swift (in target 'PayslipMax' from project 'PayslipMax')
    cd /Users/sunil/Downloads/PayslipMax
    

SwiftCompile normal arm64 /Users/sunil/Downloads/PayslipMax/PayslipMax/Managers/PDFPlaceholderGenerator.swift (in target 'PayslipMax' from project 'PayslipMax')
    cd /Users/sunil/Downloads/PayslipMax
    

SwiftCompile normal arm64 /Users/sunil/Downloads/PayslipMax/PayslipMax/Managers/PDFRepairer.swift (in target 'PayslipMax' from project 'PayslipMax')
    cd /Users/sunil/Downloads/PayslipMax
    

SwiftCompile normal arm64 /Users/sunil/Downloads/PayslipMax/PayslipMax/Managers/PDFUploadManager.swift (in target 'PayslipMax' from project 'PayslipMax')
    cd /Users/sunil/Downloads/PayslipMax
    

SwiftCompile normal arm64 /Users/sunil/Downloads/PayslipMax/PayslipMax/Models/DTOs/PayslipDTO.swift (in target 'PayslipMax' from project 'PayslipMax')
    cd /Users/sunil/Downloads/PayslipMax
    

SwiftCompile normal arm64 /Users/sunil/Downloads/PayslipMax/PayslipMax/Models/Insights/InsightsModels.swift (in target 'PayslipMax' from project 'PayslipMax')
    cd /Users/sunil/Downloads/PayslipMax
    

SwiftCompile normal arm64 /Users/sunil/Downloads/PayslipMax/PayslipMax/Models/Parsing/ColumnBoundaryTypes.swift (in target 'PayslipMax' from project 'PayslipMax')
    cd /Users/sunil/Downloads/PayslipMax
    

SwiftCompile normal arm64 /Users/sunil/Downloads/PayslipMax/PayslipMax/Models/Parsing/ContextualMatchTypes.swift (in target 'PayslipMax' from project 'PayslipMax')
    cd /Users/sunil/Downloads/PayslipMax
    

SwiftCompile normal arm64 /Users/sunil/Downloads/PayslipMax/PayslipMax/Models/Parsing/DocumentComplexity.swift (in target 'PayslipMax' from project 'PayslipMax')
    cd /Users/sunil/Downloads/PayslipMax
    

SwiftCompile normal arm64 /Users/sunil/Downloads/PayslipMax/PayslipMax/Models/Parsing/ElementPair.swift (in target 'PayslipMax' from project 'PayslipMax')
    cd /Users/sunil/Downloads/PayslipMax
    

SwiftCompile normal arm64 /Users/sunil/Downloads/PayslipMax/PayslipMax/Models/Parsing/ElementRelationship.swift (in target 'PayslipMax' from project 'PayslipMax')
    cd /Users/sunil/Downloads/PayslipMax
    

SwiftCompile normal arm64 /Users/sunil/Downloads/PayslipMax/PayslipMax/Models/Parsing/ExtractionQualityExtensions.swift (in target 'PayslipMax' from project 'PayslipMax')
    cd /Users/sunil/Downloads/PayslipMax
    

SwiftCompile normal arm64 /Users/sunil/Downloads/PayslipMax/PayslipMax/Models/Parsing/MergedCellTypes.swift (in target 'PayslipMax' from project 'PayslipMax')
    cd /Users/sunil/Downloads/PayslipMax
    

SwiftCompile normal arm64 /Users/sunil/Downloads/PayslipMax/PayslipMax/Models/Parsing/ParserErrorModels.swift (in target 'PayslipMax' from project 'PayslipMax')
    cd /Users/sunil/Downloads/PayslipMax
    

SwiftCompile normal arm64 /Users/sunil/Downloads/PayslipMax/PayslipMax/Models/Parsing/ParserTelemetryModels.swift (in target 'PayslipMax' from project 'PayslipMax')
    cd /Users/sunil/Downloads/PayslipMax
    

SwiftCompile normal arm64 /Users/sunil/Downloads/PayslipMax/PayslipMax/Models/Parsing/PositionalElement.swift (in target 'PayslipMax' from project 'PayslipMax')
    cd /Users/sunil/Downloads/PayslipMax
    

SwiftCompile normal arm64 /Users/sunil/Downloads/PayslipMax/PayslipMax/Models/Parsing/RowAssociationTypes.swift (in target 'PayslipMax' from project 'PayslipMax')
    cd /Users/sunil/Downloads/PayslipMax
    

SwiftCompile normal arm64 /Users/sunil/Downloads/PayslipMax/PayslipMax/Models/Parsing/SectionClassificationTypes.swift (in target 'PayslipMax' from project 'PayslipMax')
    cd /Users/sunil/Downloads/PayslipMax
    

SwiftCompile normal arm64 /Users/sunil/Downloads/PayslipMax/PayslipMax/Models/Parsing/StructuredDocument.swift (in target 'PayslipMax' from project 'PayslipMax')
    cd /Users/sunil/Downloads/PayslipMax
    

SwiftCompile normal arm64 /Users/sunil/Downloads/PayslipMax/PayslipMax/Models/Parsing/TableAnalysis.swift (in target 'PayslipMax' from project 'PayslipMax')
    cd /Users/sunil/Downloads/PayslipMax
    

SwiftCompile normal arm64 /Users/sunil/Downloads/PayslipMax/PayslipMax/Models/Parsing/TableRow.swift (in target 'PayslipMax' from project 'PayslipMax')
    cd /Users/sunil/Downloads/PayslipMax
    

SwiftCompile normal arm64 /Users/sunil/Downloads/PayslipMax/PayslipMax/Models/Parsing/TableStructure.swift (in target 'PayslipMax' from project 'PayslipMax')
    cd /Users/sunil/Downloads/PayslipMax
    

SwiftExplicitDependencyGeneratePcm x86_64 /Users/sunil/Library/Developer/Xcode/DerivedData/ModuleCache.noindex/UIKit-2RI4YMIS42FJO571YNQL1DDYL.pcm

SwiftExplicitDependencyGeneratePcm x86_64 /Users/sunil/Library/Developer/Xcode/DerivedData/ModuleCache.noindex/AudioToolbox-AJB9Z1ZAJ2VRAH766C4I6JS61.pcm

SwiftCompile normal arm64 Compiling\ DynamicMilitaryPatternService.swift,\ EnhancedCacheKeyGenerator.swift,\ EnhancedDeduplicationService.swift,\ EnhancedModularPipeline.swift,\ EnhancedProcessingPipelineIntegrator.swift,\ EnhancedRH12Detector.swift,\ FormatDetectionProcessingStep.swift,\ GradeInferenceService.swift,\ ImageProcessingStep.swift,\ IntegratedPerformanceMetrics.swift,\ IntelligentBatchProcessor.swift,\ MilitaryDateExtractor.swift,\ MilitaryValidationService.swift,\ ModularPayslipProcessingPipeline.swift,\ OperationCoalescingManager.swift,\ OperationCoalescingService.swift,\ OptimizedProcessingPipeline.swift,\ OptimizedStageTransitionManager.swift,\ PatternMatchingProcessor.swift,\ PayslipCreationProcessingStep.swift,\ PayslipProcessingPipeline.swift,\ PayslipProcessingStep.swift,\ PayslipProcessorFactory.swift,\ PayslipProcessorProtocol.swift,\ PayslipSectionClassifier.swift /Users/sunil/Downloads/PayslipMax/PayslipMax/Services/Processing/DynamicMilitaryPatternService.swift /Users/sunil/Downloads/PayslipMax/PayslipMax/Services/Processing/EnhancedCacheKeyGenerator.swift /Users/sunil/Downloads/PayslipMax/PayslipMax/Services/Processing/EnhancedDeduplicationService.swift /Users/sunil/Downloads/PayslipMax/PayslipMax/Services/Processing/EnhancedModularPipeline.swift /Users/sunil/Downloads/PayslipMax/PayslipMax/Services/Processing/EnhancedProcessingPipelineIntegrator.swift /Users/sunil/Downloads/PayslipMax/PayslipMax/Services/Processing/EnhancedRH12Detector.swift /Users/sunil/Downloads/PayslipMax/PayslipMax/Services/Processing/FormatDetectionProcessingStep.swift /Users/sunil/Downloads/PayslipMax/PayslipMax/Services/Processing/GradeInferenceService.swift /Users/sunil/Downloads/PayslipMax/PayslipMax/Services/Processing/ImageProcessingStep.swift /Users/sunil/Downloads/PayslipMax/PayslipMax/Services/Processing/IntegratedPerformanceMetrics.swift /Users/sunil/Downloads/PayslipMax/PayslipMax/Services/Processing/IntelligentBatchProcessor.swift /Users/sunil/Downloads/PayslipMax/PayslipMax/Services/Processing/MilitaryDateExtractor.swift /Users/sunil/Downloads/PayslipMax/PayslipMax/Services/Processing/MilitaryValidationService.swift /Users/sunil/Downloads/PayslipMax/PayslipMax/Services/Processing/ModularPayslipProcessingPipeline.swift /Users/sunil/Downloads/PayslipMax/PayslipMax/Services/Processing/OperationCoalescingManager.swift /Users/sunil/Downloads/PayslipMax/PayslipMax/Services/Processing/OperationCoalescingService.swift /Users/sunil/Downloads/PayslipMax/PayslipMax/Services/Processing/OptimizedProcessingPipeline.swift /Users/sunil/Downloads/PayslipMax/PayslipMax/Services/Processing/OptimizedStageTransitionManager.swift /Users/sunil/Downloads/PayslipMax/PayslipMax/Services/Processing/PatternMatchingProcessor.swift /Users/sunil/Downloads/PayslipMax/PayslipMax/Services/Processing/PayslipCreationProcessingStep.swift /Users/sunil/Downloads/PayslipMax/PayslipMax/Services/Processing/PayslipProcessingPipeline.swift /Users/sunil/Downloads/PayslipMax/PayslipMax/Services/Processing/PayslipProcessingStep.swift /Users/sunil/Downloads/PayslipMax/PayslipMax/Services/Processing/PayslipProcessorFactory.swift /Users/sunil/Downloads/PayslipMax/PayslipMax/Services/Processing/PayslipProcessorProtocol.swift /Users/sunil/Downloads/PayslipMax/PayslipMax/Services/Processing/PayslipSectionClassifier.swift (in target 'PayslipMax' from project 'PayslipMax')

SwiftCompile normal arm64 /Users/sunil/Downloads/PayslipMax/PayslipMax/Services/Processing/DynamicMilitaryPatternService.swift (in target 'PayslipMax' from project 'PayslipMax')
    cd /Users/sunil/Downloads/PayslipMax
    

SwiftCompile normal arm64 /Users/sunil/Downloads/PayslipMax/PayslipMax/Services/Processing/EnhancedCacheKeyGenerator.swift (in target 'PayslipMax' from project 'PayslipMax')
    cd /Users/sunil/Downloads/PayslipMax
    

SwiftCompile normal arm64 /Users/sunil/Downloads/PayslipMax/PayslipMax/Services/Processing/EnhancedDeduplicationService.swift (in target 'PayslipMax' from project 'PayslipMax')
    cd /Users/sunil/Downloads/PayslipMax
    

SwiftCompile normal arm64 /Users/sunil/Downloads/PayslipMax/PayslipMax/Services/Processing/EnhancedModularPipeline.swift (in target 'PayslipMax' from project 'PayslipMax')
    cd /Users/sunil/Downloads/PayslipMax
    

SwiftCompile normal arm64 /Users/sunil/Downloads/PayslipMax/PayslipMax/Services/Processing/EnhancedProcessingPipelineIntegrator.swift (in target 'PayslipMax' from project 'PayslipMax')
    cd /Users/sunil/Downloads/PayslipMax
    

SwiftCompile normal arm64 /Users/sunil/Downloads/PayslipMax/PayslipMax/Services/Processing/EnhancedRH12Detector.swift (in target 'PayslipMax' from project 'PayslipMax')
    cd /Users/sunil/Downloads/PayslipMax
    

SwiftCompile normal arm64 /Users/sunil/Downloads/PayslipMax/PayslipMax/Services/Processing/FormatDetectionProcessingStep.swift (in target 'PayslipMax' from project 'PayslipMax')
    cd /Users/sunil/Downloads/PayslipMax
    

SwiftCompile normal arm64 /Users/sunil/Downloads/PayslipMax/PayslipMax/Services/Processing/GradeInferenceService.swift (in target 'PayslipMax' from project 'PayslipMax')
    cd /Users/sunil/Downloads/PayslipMax
    

SwiftCompile normal arm64 /Users/sunil/Downloads/PayslipMax/PayslipMax/Services/Processing/ImageProcessingStep.swift (in target 'PayslipMax' from project 'PayslipMax')
    cd /Users/sunil/Downloads/PayslipMax
    

SwiftCompile normal arm64 /Users/sunil/Downloads/PayslipMax/PayslipMax/Services/Processing/IntegratedPerformanceMetrics.swift (in target 'PayslipMax' from project 'PayslipMax')
    cd /Users/sunil/Downloads/PayslipMax
    

SwiftCompile normal arm64 /Users/sunil/Downloads/PayslipMax/PayslipMax/Services/Processing/IntelligentBatchProcessor.swift (in target 'PayslipMax' from project 'PayslipMax')
    cd /Users/sunil/Downloads/PayslipMax
    

SwiftCompile normal arm64 /Users/sunil/Downloads/PayslipMax/PayslipMax/Services/Processing/MilitaryDateExtractor.swift (in target 'PayslipMax' from project 'PayslipMax')
    cd /Users/sunil/Downloads/PayslipMax
    

SwiftCompile normal arm64 /Users/sunil/Downloads/PayslipMax/PayslipMax/Services/Processing/MilitaryValidationService.swift (in target 'PayslipMax' from project 'PayslipMax')
    cd /Users/sunil/Downloads/PayslipMax
    

SwiftCompile normal arm64 /Users/sunil/Downloads/PayslipMax/PayslipMax/Services/Processing/ModularPayslipProcessingPipeline.swift (in target 'PayslipMax' from project 'PayslipMax')
    cd /Users/sunil/Downloads/PayslipMax
    

SwiftCompile normal arm64 /Users/sunil/Downloads/PayslipMax/PayslipMax/Services/Processing/OperationCoalescingManager.swift (in target 'PayslipMax' from project 'PayslipMax')
    cd /Users/sunil/Downloads/PayslipMax
    

SwiftCompile normal arm64 /Users/sunil/Downloads/PayslipMax/PayslipMax/Services/Processing/OperationCoalescingService.swift (in target 'PayslipMax' from project 'PayslipMax')
    cd /Users/sunil/Downloads/PayslipMax
    

SwiftCompile normal arm64 /Users/sunil/Downloads/PayslipMax/PayslipMax/Services/Processing/OptimizedProcessingPipeline.swift (in target 'PayslipMax' from project 'PayslipMax')
    cd /Users/sunil/Downloads/PayslipMax
    

SwiftCompile normal arm64 /Users/sunil/Downloads/PayslipMax/PayslipMax/Services/Processing/OptimizedStageTransitionManager.swift (in target 'PayslipMax' from project 'PayslipMax')
    cd /Users/sunil/Downloads/PayslipMax
    

SwiftCompile normal arm64 /Users/sunil/Downloads/PayslipMax/PayslipMax/Services/Processing/PatternMatchingProcessor.swift (in target 'PayslipMax' from project 'PayslipMax')
    cd /Users/sunil/Downloads/PayslipMax
    

SwiftCompile normal arm64 /Users/sunil/Downloads/PayslipMax/PayslipMax/Services/Processing/PayslipCreationProcessingStep.swift (in target 'PayslipMax' from project 'PayslipMax')
    cd /Users/sunil/Downloads/PayslipMax
    

SwiftCompile normal arm64 /Users/sunil/Downloads/PayslipMax/PayslipMax/Services/Processing/PayslipProcessingPipeline.swift (in target 'PayslipMax' from project 'PayslipMax')
    cd /Users/sunil/Downloads/PayslipMax
    

SwiftCompile normal arm64 /Users/sunil/Downloads/PayslipMax/PayslipMax/Services/Processing/PayslipProcessingStep.swift (in target 'PayslipMax' from project 'PayslipMax')
    cd /Users/sunil/Downloads/PayslipMax
    

SwiftCompile normal arm64 /Users/sunil/Downloads/PayslipMax/PayslipMax/Services/Processing/PayslipProcessorFactory.swift (in target 'PayslipMax' from project 'PayslipMax')
    cd /Users/sunil/Downloads/PayslipMax
    

SwiftCompile normal arm64 /Users/sunil/Downloads/PayslipMax/PayslipMax/Services/Processing/PayslipProcessorProtocol.swift (in target 'PayslipMax' from project 'PayslipMax')
    cd /Users/sunil/Downloads/PayslipMax
    

SwiftCompile normal arm64 /Users/sunil/Downloads/PayslipMax/PayslipMax/Services/Processing/PayslipSectionClassifier.swift (in target 'PayslipMax' from project 'PayslipMax')
    cd /Users/sunil/Downloads/PayslipMax
    

SwiftExplicitDependencyGeneratePcm x86_64 /Users/sunil/Library/Developer/Xcode/DerivedData/ModuleCache.noindex/MediaToolbox-9KTCWDF574I92R6KPKBHL3IJF.pcm

** BUILD FAILED **


The following build commands failed:
	EmitSwiftModule normal arm64 (in target 'PayslipMax' from project 'PayslipMax')
	SwiftEmitModule normal arm64 Emitting\ module\ for\ PayslipMax (in target 'PayslipMax' from project 'PayslipMax')
	Building project PayslipMax with scheme PayslipMax
(3 failures)
