Command line invocation:
    /Applications/Xcode.app/Contents/Developer/usr/bin/xcodebuild test -project PayslipMax.xcodeproj -scheme PayslipMax -destination "platform=iOS Simulator,name=iPhone 16"

ComputePackagePrebuildTargetDependencyGraph

Prepare packages

CreateBuildRequest

SendProjectDescription

CreateBuildOperation

ComputeTargetDependencyGraph
note: Building targets in dependency order
note: Target dependency graph (3 targets)
    Target 'PayslipMaxTests' in project 'PayslipMax'
        ➜ Explicit dependency on target 'PayslipMax' in project 'PayslipMax'
    Target 'PayslipMaxUITests' in project 'PayslipMax'
        ➜ Explicit dependency on target 'PayslipMax' in project 'PayslipMax'
    Target 'PayslipMax' in project 'PayslipMax' (no dependencies)

GatherProvisioningInputs

CreateBuildDescription

ExecuteExternalTool /Applications/Xcode.app/Contents/Developer/Toolchains/XcodeDefault.xctoolchain/usr/bin/clang -v -E -dM -isysroot /Applications/Xcode.app/Contents/Developer/Platforms/iPhoneSimulator.platform/Developer/SDKs/iPhoneSimulator26.1.sdk -x c -c /dev/null

ExecuteExternalTool /Applications/Xcode.app/Contents/Developer/Toolchains/XcodeDefault.xctoolchain/usr/bin/swiftc --version

ExecuteExternalTool /Applications/Xcode.app/Contents/Developer/usr/bin/actool --print-asset-tag-combinations --output-format xml1 /Users/sunil/Downloads/PayslipMax/PayslipMax/Preview Content/Preview Assets.xcassets /Users/sunil/Downloads/PayslipMax/PayslipMax/Assets.xcassets

ExecuteExternalTool /Applications/Xcode.app/Contents/Developer/Toolchains/XcodeDefault.xctoolchain/usr/bin/ld -version_details

ExecuteExternalTool /Applications/Xcode.app/Contents/Developer/usr/bin/actool --version --output-format xml1

ReadFileContents /Applications/Xcode.app/Contents/Developer/Toolchains/XcodeDefault.xctoolchain/usr/share/docc/features.json

Build description signature: 046fd259e81d072f309c1842472a8a77
Build description path: /Users/sunil/Library/Developer/Xcode/DerivedData/PayslipMax-hjysiekmgzmtrogwzfdzyahpkkxl/Build/Intermediates.noindex/XCBuildData/046fd259e81d072f309c1842472a8a77.xcbuilddata
ClangStatCache /Applications/Xcode.app/Contents/Developer/Toolchains/XcodeDefault.xctoolchain/usr/bin/clang-stat-cache /Applications/Xcode.app/Contents/Developer/Platforms/iPhoneSimulator.platform/Developer/SDKs/iPhoneSimulator26.1.sdk /Users/sunil/Library/Developer/Xcode/DerivedData/SDKStatCaches.noindex/iphonesimulator26.1-23B77-90cf18a4295e390e64c810bc6bd7acbc.sdkstatcache
    cd /Users/sunil/Downloads/PayslipMax/PayslipMax.xcodeproj
    /Applications/Xcode.app/Contents/Developer/Toolchains/XcodeDefault.xctoolchain/usr/bin/clang-stat-cache /Applications/Xcode.app/Contents/Developer/Platforms/iPhoneSimulator.platform/Developer/SDKs/iPhoneSimulator26.1.sdk -o /Users/sunil/Library/Developer/Xcode/DerivedData/SDKStatCaches.noindex/iphonesimulator26.1-23B77-90cf18a4295e390e64c810bc6bd7acbc.sdkstatcache

ProcessInfoPlistFile /Users/sunil/Library/Developer/Xcode/DerivedData/PayslipMax-hjysiekmgzmtrogwzfdzyahpkkxl/Build/Products/Debug-iphonesimulator/PayslipMax.app/Info.plist /Users/sunil/Downloads/PayslipMax/PayslipMax/Info.plist (in target 'PayslipMax' from project 'PayslipMax')
    cd /Users/sunil/Downloads/PayslipMax
    builtin-infoPlistUtility /Users/sunil/Downloads/PayslipMax/PayslipMax/Info.plist -producttype com.apple.product-type.application -genpkginfo /Users/sunil/Library/Developer/Xcode/DerivedData/PayslipMax-hjysiekmgzmtrogwzfdzyahpkkxl/Build/Products/Debug-iphonesimulator/PayslipMax.app/PkgInfo -expandbuildsettings -format binary -platform iphonesimulator -additionalcontentfile /Users/sunil/Library/Developer/Xcode/DerivedData/PayslipMax-hjysiekmgzmtrogwzfdzyahpkkxl/Build/Intermediates.noindex/PayslipMax.build/Debug-iphonesimulator/PayslipMax.build/assetcatalog_generated_info.plist -o /Users/sunil/Library/Developer/Xcode/DerivedData/PayslipMax-hjysiekmgzmtrogwzfdzyahpkkxl/Build/Products/Debug-iphonesimulator/PayslipMax.app/Info.plist

SwiftDriver PayslipMax normal arm64 com.apple.xcode.tools.swift.compiler (in target 'PayslipMax' from project 'PayslipMax')
    cd /Users/sunil/Downloads/PayslipMax
    builtin-SwiftDriver -- /Applications/Xcode.app/Contents/Developer/Toolchains/XcodeDefault.xctoolchain/usr/bin/swiftc -module-name PayslipMax -Onone -enforce-exclusivity\=checked @/Users/sunil/Library/Developer/Xcode/DerivedData/PayslipMax-hjysiekmgzmtrogwzfdzyahpkkxl/Build/Intermediates.noindex/PayslipMax.build/Debug-iphonesimulator/PayslipMax.build/Objects-normal/arm64/PayslipMax.SwiftFileList -DDEBUG -enable-bare-slash-regex -enable-experimental-feature DebugDescriptionMacro -sdk /Applications/Xcode.app/Contents/Developer/Platforms/iPhoneSimulator.platform/Developer/SDKs/iPhoneSimulator26.1.sdk -target arm64-apple-ios18.2-simulator -g -module-cache-path /Users/sunil/Library/Developer/Xcode/DerivedData/ModuleCache.noindex -Xfrontend -serialize-debugging-options -profile-coverage-mapping -profile-generate -enable-testing -index-store-path /Users/sunil/Library/Developer/Xcode/DerivedData/PayslipMax-hjysiekmgzmtrogwzfdzyahpkkxl/Index.noindex/DataStore -Xcc -D_LIBCPP_HARDENING_MODE\=_LIBCPP_HARDENING_MODE_DEBUG -swift-version 5 -I /Users/sunil/Library/Developer/Xcode/DerivedData/PayslipMax-hjysiekmgzmtrogwzfdzyahpkkxl/Build/Products/Debug-iphonesimulator -F /Users/sunil/Library/Developer/Xcode/DerivedData/PayslipMax-hjysiekmgzmtrogwzfdzyahpkkxl/Build/Products/Debug-iphonesimulator -emit-localized-strings -emit-localized-strings-path /Users/sunil/Library/Developer/Xcode/DerivedData/PayslipMax-hjysiekmgzmtrogwzfdzyahpkkxl/Build/Intermediates.noindex/PayslipMax.build/Debug-iphonesimulator/PayslipMax.build/Objects-normal/arm64 -c -j10 -enable-batch-mode -incremental -Xcc -ivfsstatcache -Xcc /Users/sunil/Library/Developer/Xcode/DerivedData/SDKStatCaches.noindex/iphonesimulator26.1-23B77-90cf18a4295e390e64c810bc6bd7acbc.sdkstatcache -output-file-map /Users/sunil/Library/Developer/Xcode/DerivedData/PayslipMax-hjysiekmgzmtrogwzfdzyahpkkxl/Build/Intermediates.noindex/PayslipMax.build/Debug-iphonesimulator/PayslipMax.build/Objects-normal/arm64/PayslipMax-OutputFileMap.json -use-frontend-parseable-output -save-temps -no-color-diagnostics -explicit-module-build -module-cache-path /Users/sunil/Library/Developer/Xcode/DerivedData/PayslipMax-hjysiekmgzmtrogwzfdzyahpkkxl/Build/Intermediates.noindex/SwiftExplicitPrecompiledModules -clang-scanner-module-cache-path /Users/sunil/Library/Developer/Xcode/DerivedData/ModuleCache.noindex -sdk-module-cache-path /Users/sunil/Library/Developer/Xcode/DerivedData/ModuleCache.noindex -serialize-diagnostics -emit-dependencies -emit-module -emit-module-path /Users/sunil/Library/Developer/Xcode/DerivedData/PayslipMax-hjysiekmgzmtrogwzfdzyahpkkxl/Build/Intermediates.noindex/PayslipMax.build/Debug-iphonesimulator/PayslipMax.build/Objects-normal/arm64/PayslipMax.swiftmodule -validate-clang-modules-once -clang-build-session-file /Users/sunil/Library/Developer/Xcode/DerivedData/ModuleCache.noindex/Session.modulevalidation -Xcc -I/Users/sunil/Library/Developer/Xcode/DerivedData/PayslipMax-hjysiekmgzmtrogwzfdzyahpkkxl/Build/Intermediates.noindex/PayslipMax.build/Debug-iphonesimulator/PayslipMax.build/swift-overrides.hmap -emit-const-values -Xfrontend -const-gather-protocols-file -Xfrontend /Users/sunil/Library/Developer/Xcode/DerivedData/PayslipMax-hjysiekmgzmtrogwzfdzyahpkkxl/Build/Intermediates.noindex/PayslipMax.build/Debug-iphonesimulator/PayslipMax.build/Objects-normal/arm64/PayslipMax_const_extract_protocols.json -Xcc -iquote -Xcc /Users/sunil/Library/Developer/Xcode/DerivedData/PayslipMax-hjysiekmgzmtrogwzfdzyahpkkxl/Build/Intermediates.noindex/PayslipMax.build/Debug-iphonesimulator/PayslipMax.build/PayslipMax-generated-files.hmap -Xcc -I/Users/sunil/Library/Developer/Xcode/DerivedData/PayslipMax-hjysiekmgzmtrogwzfdzyahpkkxl/Build/Intermediates.noindex/PayslipMax.build/Debug-iphonesimulator/PayslipMax.build/PayslipMax-own-target-headers.hmap -Xcc -I/Users/sunil/Library/Developer/Xcode/DerivedData/PayslipMax-hjysiekmgzmtrogwzfdzyahpkkxl/Build/Intermediates.noindex/PayslipMax.build/Debug-iphonesimulator/PayslipMax.build/PayslipMax-all-target-headers.hmap -Xcc -iquote -Xcc /Users/sunil/Library/Developer/Xcode/DerivedData/PayslipMax-hjysiekmgzmtrogwzfdzyahpkkxl/Build/Intermediates.noindex/PayslipMax.build/Debug-iphonesimulator/PayslipMax.build/PayslipMax-project-headers.hmap -Xcc -I/Users/sunil/Library/Developer/Xcode/DerivedData/PayslipMax-hjysiekmgzmtrogwzfdzyahpkkxl/Build/Products/Debug-iphonesimulator/include -Xcc -I/Users/sunil/Library/Developer/Xcode/DerivedData/PayslipMax-hjysiekmgzmtrogwzfdzyahpkkxl/Build/Intermediates.noindex/PayslipMax.build/Debug-iphonesimulator/PayslipMax.build/DerivedSources-normal/arm64 -Xcc -I/Users/sunil/Library/Developer/Xcode/DerivedData/PayslipMax-hjysiekmgzmtrogwzfdzyahpkkxl/Build/Intermediates.noindex/PayslipMax.build/Debug-iphonesimulator/PayslipMax.build/DerivedSources/arm64 -Xcc -I/Users/sunil/Library/Developer/Xcode/DerivedData/PayslipMax-hjysiekmgzmtrogwzfdzyahpkkxl/Build/Intermediates.noindex/PayslipMax.build/Debug-iphonesimulator/PayslipMax.build/DerivedSources -Xcc -DDEBUG\=1 -emit-objc-header -emit-objc-header-path /Users/sunil/Library/Developer/Xcode/DerivedData/PayslipMax-hjysiekmgzmtrogwzfdzyahpkkxl/Build/Intermediates.noindex/PayslipMax.build/Debug-iphonesimulator/PayslipMax.build/Objects-normal/arm64/PayslipMax-Swift.h -working-directory /Users/sunil/Downloads/PayslipMax -experimental-emit-module-separately -disable-cmo

SwiftCompile normal arm64 Compiling\ LLMModels.swift /Users/sunil/Downloads/PayslipMax/PayslipMax/Services/Processing/LLM/LLMModels.swift (in target 'PayslipMax' from project 'PayslipMax')

SwiftCompile normal arm64 /Users/sunil/Downloads/PayslipMax/PayslipMax/Services/Processing/LLM/LLMModels.swift (in target 'PayslipMax' from project 'PayslipMax')
    cd /Users/sunil/Downloads/PayslipMax
    

SwiftCompile normal arm64 Compiling\ PayslipAnonymizerProtocol.swift /Users/sunil/Downloads/PayslipMax/PayslipMax/Services/Processing/PayslipAnonymizerProtocol.swift (in target 'PayslipMax' from project 'PayslipMax')

SwiftCompile normal arm64 /Users/sunil/Downloads/PayslipMax/PayslipMax/Services/Processing/PayslipAnonymizerProtocol.swift (in target 'PayslipMax' from project 'PayslipMax')
    cd /Users/sunil/Downloads/PayslipMax
    

SwiftEmitModule normal arm64 Emitting\ module\ for\ PayslipMax (in target 'PayslipMax' from project 'PayslipMax')
EmitSwiftModule normal arm64 (in target 'PayslipMax' from project 'PayslipMax')
    cd /Users/sunil/Downloads/PayslipMax
    

SwiftCompile normal arm64 Compiling\ LLMPayslipParser.swift /Users/sunil/Downloads/PayslipMax/PayslipMax/Services/Processing/LLM/LLMPayslipParser.swift (in target 'PayslipMax' from project 'PayslipMax')
Failed frontend command:
/Applications/Xcode.app/Contents/Developer/Toolchains/XcodeDefault.xctoolchain/usr/bin/swift-frontend -frontend -c -filelist /Users/sunil/Library/Developer/Xcode/DerivedData/PayslipMax-hjysiekmgzmtrogwzfdzyahpkkxl/Build/Intermediates.noindex/PayslipMax.build/Debug-iphonesimulator/PayslipMax.build/Objects-normal/arm64/sources-1 -primary-file /Users/sunil/Downloads/PayslipMax/PayslipMax/Services/Processing/LLM/LLMPayslipParser.swift -emit-dependencies-path /Users/sunil/Library/Developer/Xcode/DerivedData/PayslipMax-hjysiekmgzmtrogwzfdzyahpkkxl/Build/Intermediates.noindex/PayslipMax.build/Debug-iphonesimulator/PayslipMax.build/Objects-normal/arm64/LLMPayslipParser.d -emit-const-values-path /Users/sunil/Library/Developer/Xcode/DerivedData/PayslipMax-hjysiekmgzmtrogwzfdzyahpkkxl/Build/Intermediates.noindex/PayslipMax.build/Debug-iphonesimulator/PayslipMax.build/Objects-normal/arm64/LLMPayslipParser.swiftconstvalues -emit-reference-dependencies-path /Users/sunil/Library/Developer/Xcode/DerivedData/PayslipMax-hjysiekmgzmtrogwzfdzyahpkkxl/Build/Intermediates.noindex/PayslipMax.build/Debug-iphonesimulator/PayslipMax.build/Objects-normal/arm64/LLMPayslipParser.swiftdeps -serialize-diagnostics-path /Users/sunil/Library/Developer/Xcode/DerivedData/PayslipMax-hjysiekmgzmtrogwzfdzyahpkkxl/Build/Intermediates.noindex/PayslipMax.build/Debug-iphonesimulator/PayslipMax.build/Objects-normal/arm64/LLMPayslipParser.dia -emit-localized-strings -emit-localized-strings-path /Users/sunil/Library/Developer/Xcode/DerivedData/PayslipMax-hjysiekmgzmtrogwzfdzyahpkkxl/Build/Intermediates.noindex/PayslipMax.build/Debug-iphonesimulator/PayslipMax.build/Objects-normal/arm64 -target arm64-apple-ios18.2-simulator -module-can-import-version DeveloperToolsSupport 23.0.4 23.0.4 -module-can-import-version SwiftUI 7.1.13.1 7.1.13 -module-can-import-version UIKit 9126.1.12.1 9126.1.12 -module-can-import-version Vision 9.0.53 9.0.53 -disable-cross-import-overlay-search -swift-module-cross-import Darwin /Applications/Xcode.app/Contents/Developer/Platforms/iPhoneSimulator.platform/Developer/SDKs/iPhoneSimulator.sdk/usr/include/Darwin.swiftcrossimport/xlocale.swiftoverlay -swift-module-cross-import StoreKit /Applications/Xcode.app/Contents/Developer/Platforms/iPhoneSimulator.platform/Developer/SDKs/iPhoneSimulator.sdk/System/Library/Frameworks/StoreKit.framework/Modules/StoreKit.swiftcrossimport/SwiftUI.swiftoverlay -swift-module-cross-import StoreKit /Applications/Xcode.app/Contents/Developer/Platforms/iPhoneSimulator.platform/Developer/SDKs/iPhoneSimulator26.1.sdk/System/Library/Frameworks/StoreKit.framework/Modules/StoreKit.swiftcrossimport/SwiftUI.swiftoverlay -swift-module-cross-import SwiftData /Applications/Xcode.app/Contents/Developer/Platforms/iPhoneSimulator.platform/Developer/SDKs/iPhoneSimulator26.1.sdk/System/Library/Frameworks/SwiftData.framework/Modules/SwiftData.swiftcrossimport/CoreData.swiftoverlay -swift-module-cross-import SwiftData /Applications/Xcode.app/Contents/Developer/Platforms/iPhoneSimulator.platform/Developer/SDKs/iPhoneSimulator26.1.sdk/System/Library/Frameworks/SwiftData.framework/Modules/SwiftData.swiftcrossimport/SwiftUI.swiftoverlay -load-resolved-plugin /Applications/Xcode.app/Contents/Developer/Platforms/iPhoneOS.platform/Developer/usr/lib/swift/host/plugins/libFoundationMacros.dylib\#/Applications/Xcode.app/Contents/Developer/Platforms/iPhoneOS.platform/Developer/usr/bin/swift-plugin-server\#FoundationMacros -load-resolved-plugin /Applications/Xcode.app/Contents/Developer/Platforms/iPhoneOS.platform/Developer/usr/lib/swift/host/plugins/libObservationMacros.dylib\#/Applications/Xcode.app/Contents/Developer/Platforms/iPhoneOS.platform/Developer/usr/bin/swift-plugin-server\#ObservationMacros -load-resolved-plugin /Applications/Xcode.app/Contents/Developer/Platforms/iPhoneOS.platform/Developer/usr/lib/swift/host/plugins/libPreviewsMacros.dylib\#/Applications/Xcode.app/Contents/Developer/Platforms/iPhoneOS.platform/Developer/usr/bin/swift-plugin-server\#PreviewsMacros -load-resolved-plugin /Applications/Xcode.app/Contents/Developer/Platforms/iPhoneOS.platform/Developer/usr/lib/swift/host/plugins/libSwiftDataMacros.dylib\#/Applications/Xcode.app/Contents/Developer/Platforms/iPhoneOS.platform/Developer/usr/bin/swift-plugin-server\#SwiftDataMacros -load-resolved-plugin /Applications/Xcode.app/Contents/Developer/Platforms/iPhoneOS.platform/Developer/usr/lib/swift/host/plugins/libSwiftMacros.dylib\#/Applications/Xcode.app/Contents/Developer/Platforms/iPhoneOS.platform/Developer/usr/bin/swift-plugin-server\#SwiftMacros -load-resolved-plugin /Applications/Xcode.app/Contents/Developer/Platforms/iPhoneOS.platform/Developer/usr/lib/swift/host/plugins/libSwiftUIMacros.dylib\#/Applications/Xcode.app/Contents/Developer/Platforms/iPhoneOS.platform/Developer/usr/bin/swift-plugin-server\#SwiftUIMacros -disable-implicit-swift-modules -Xcc -fno-implicit-modules -Xcc -fno-implicit-module-maps -explicit-swift-module-map-file /Users/sunil/Library/Developer/Xcode/DerivedData/PayslipMax-hjysiekmgzmtrogwzfdzyahpkkxl/Build/Intermediates.noindex/PayslipMax.build/Debug-iphonesimulator/PayslipMax.build/Objects-normal/arm64/PayslipMax-dependencies-1.json -Xllvm -aarch64-use-tbi -enable-objc-interop -sdk /Applications/Xcode.app/Contents/Developer/Platforms/iPhoneSimulator.platform/Developer/SDKs/iPhoneSimulator26.1.sdk -I /Users/sunil/Library/Developer/Xcode/DerivedData/PayslipMax-hjysiekmgzmtrogwzfdzyahpkkxl/Build/Products/Debug-iphonesimulator -F /Users/sunil/Library/Developer/Xcode/DerivedData/PayslipMax-hjysiekmgzmtrogwzfdzyahpkkxl/Build/Products/Debug-iphonesimulator -no-color-diagnostics -Xcc -fno-color-diagnostics -enable-testing -g -debug-info-format\=dwarf -dwarf-version\=5 -module-cache-path /Users/sunil/Library/Developer/Xcode/DerivedData/PayslipMax-hjysiekmgzmtrogwzfdzyahpkkxl/Build/Intermediates.noindex/SwiftExplicitPrecompiledModules -profile-generate -profile-coverage-mapping -swift-version 5 -enforce-exclusivity\=checked -Onone -D DEBUG -serialize-debugging-options -const-gather-protocols-file /Users/sunil/Library/Developer/Xcode/DerivedData/PayslipMax-hjysiekmgzmtrogwzfdzyahpkkxl/Build/Intermediates.noindex/PayslipMax.build/Debug-iphonesimulator/PayslipMax.build/Objects-normal/arm64/PayslipMax_const_extract_protocols.json -enable-experimental-feature DebugDescriptionMacro -enable-bare-slash-regex -empty-abi-descriptor -validate-clang-modules-once -clang-build-session-file /Users/sunil/Library/Developer/Xcode/DerivedData/ModuleCache.noindex/Session.modulevalidation -Xcc -working-directory -Xcc /Users/sunil/Downloads/PayslipMax -enable-anonymous-context-mangled-names -file-compilation-dir /Users/sunil/Downloads/PayslipMax -Xcc -D_LIBCPP_HARDENING_MODE\=_LIBCPP_HARDENING_MODE_DEBUG -Xcc -ivfsstatcache -Xcc /Users/sunil/Library/Developer/Xcode/DerivedData/SDKStatCaches.noindex/iphonesimulator26.1-23B77-90cf18a4295e390e64c810bc6bd7acbc.sdkstatcache -Xcc -I/Users/sunil/Library/Developer/Xcode/DerivedData/PayslipMax-hjysiekmgzmtrogwzfdzyahpkkxl/Build/Intermediates.noindex/PayslipMax.build/Debug-iphonesimulator/PayslipMax.build/swift-overrides.hmap -Xcc -iquote -Xcc /Users/sunil/Library/Developer/Xcode/DerivedData/PayslipMax-hjysiekmgzmtrogwzfdzyahpkkxl/Build/Intermediates.noindex/PayslipMax.build/Debug-iphonesimulator/PayslipMax.build/PayslipMax-generated-files.hmap -Xcc -I/Users/sunil/Library/Developer/Xcode/DerivedData/PayslipMax-hjysiekmgzmtrogwzfdzyahpkkxl/Build/Intermediates.noindex/PayslipMax.build/Debug-iphonesimulator/PayslipMax.build/PayslipMax-own-target-headers.hmap -Xcc -I/Users/sunil/Library/Developer/Xcode/DerivedData/PayslipMax-hjysiekmgzmtrogwzfdzyahpkkxl/Build/Intermediates.noindex/PayslipMax.build/Debug-iphonesimulator/PayslipMax.build/PayslipMax-all-target-headers.hmap -Xcc -iquote -Xcc /Users/sunil/Library/Developer/Xcode/DerivedData/PayslipMax-hjysiekmgzmtrogwzfdzyahpkkxl/Build/Intermediates.noindex/PayslipMax.build/Debug-iphonesimulator/PayslipMax.build/PayslipMax-project-headers.hmap -Xcc -I/Users/sunil/Library/Developer/Xcode/DerivedData/PayslipMax-hjysiekmgzmtrogwzfdzyahpkkxl/Build/Products/Debug-iphonesimulator/include -Xcc -I/Users/sunil/Library/Developer/Xcode/DerivedData/PayslipMax-hjysiekmgzmtrogwzfdzyahpkkxl/Build/Intermediates.noindex/PayslipMax.build/Debug-iphonesimulator/PayslipMax.build/DerivedSources-normal/arm64 -Xcc -I/Users/sunil/Library/Developer/Xcode/DerivedData/PayslipMax-hjysiekmgzmtrogwzfdzyahpkkxl/Build/Intermediates.noindex/PayslipMax.build/Debug-iphonesimulator/PayslipMax.build/DerivedSources/arm64 -Xcc -I/Users/sunil/Library/Developer/Xcode/DerivedData/PayslipMax-hjysiekmgzmtrogwzfdzyahpkkxl/Build/Intermediates.noindex/PayslipMax.build/Debug-iphonesimulator/PayslipMax.build/DerivedSources -Xcc -DDEBUG\=1 -no-auto-bridging-header-chaining -module-name PayslipMax -frontend-parseable-output -disable-clang-spi -target-sdk-version 26.1 -target-sdk-name iphonesimulator26.1 -clang-target arm64-apple-ios26.1-simulator -in-process-plugin-server-path /Applications/Xcode.app/Contents/Developer/Toolchains/XcodeDefault.xctoolchain/usr/lib/swift/host/libSwiftInProcPluginServer.dylib -o /Users/sunil/Library/Developer/Xcode/DerivedData/PayslipMax-hjysiekmgzmtrogwzfdzyahpkkxl/Build/Intermediates.noindex/PayslipMax.build/Debug-iphonesimulator/PayslipMax.build/Objects-normal/arm64/LLMPayslipParser.o -index-unit-output-path /PayslipMax.build/Debug-iphonesimulator/PayslipMax.build/Objects-normal/arm64/LLMPayslipParser.o -index-store-path /Users/sunil/Library/Developer/Xcode/DerivedData/PayslipMax-hjysiekmgzmtrogwzfdzyahpkkxl/Index.noindex/DataStore -index-system-modules

SwiftCompile normal arm64 /Users/sunil/Downloads/PayslipMax/PayslipMax/Services/Processing/LLM/LLMPayslipParser.swift (in target 'PayslipMax' from project 'PayslipMax')
    cd /Users/sunil/Downloads/PayslipMax
    
/Users/sunil/Downloads/PayslipMax/PayslipMax/Services/Processing/LLM/LLMPayslipParser.swift:62:15: error: method cannot be declared open because its result uses an internal type
    open func parse(_ text: String) async throws -> PayslipItem {
              ^                                     ~~~~~~~~~~~
/Users/sunil/Downloads/PayslipMax/PayslipMax/Models/PayslipItemCore.swift:9:13: note: type declared here
final class PayslipItem: Identifiable, Codable, PayslipProtocol, DocumentManagementProtocol {
            ^

SwiftCompile normal arm64 Compiling\ LLMServiceProtocol.swift /Users/sunil/Downloads/PayslipMax/PayslipMax/Services/Processing/LLM/LLMServiceProtocol.swift (in target 'PayslipMax' from project 'PayslipMax')

SwiftCompile normal arm64 /Users/sunil/Downloads/PayslipMax/PayslipMax/Services/Processing/LLM/LLMServiceProtocol.swift (in target 'PayslipMax' from project 'PayslipMax')
    cd /Users/sunil/Downloads/PayslipMax
    

SwiftDriverJobDiscovery normal arm64 Compiling LLMServiceProtocol.swift (in target 'PayslipMax' from project 'PayslipMax')

SwiftCompile normal arm64 Compiling\ LLMPayslipParserFactory.swift /Users/sunil/Downloads/PayslipMax/PayslipMax/Services/Processing/LLM/LLMPayslipParserFactory.swift (in target 'PayslipMax' from project 'PayslipMax')

SwiftCompile normal arm64 /Users/sunil/Downloads/PayslipMax/PayslipMax/Services/Processing/LLM/LLMPayslipParserFactory.swift (in target 'PayslipMax' from project 'PayslipMax')
    cd /Users/sunil/Downloads/PayslipMax
    

SwiftCompile normal arm64 Compiling\ OpenAILLMService.swift /Users/sunil/Downloads/PayslipMax/PayslipMax/Services/Processing/LLM/OpenAILLMService.swift (in target 'PayslipMax' from project 'PayslipMax')

SwiftCompile normal arm64 /Users/sunil/Downloads/PayslipMax/PayslipMax/Services/Processing/LLM/OpenAILLMService.swift (in target 'PayslipMax' from project 'PayslipMax')
    cd /Users/sunil/Downloads/PayslipMax
    

SwiftCompile normal arm64 Compiling\ GeminiLLMService.swift /Users/sunil/Downloads/PayslipMax/PayslipMax/Services/Processing/LLM/GeminiLLMService.swift (in target 'PayslipMax' from project 'PayslipMax')

SwiftCompile normal arm64 /Users/sunil/Downloads/PayslipMax/PayslipMax/Services/Processing/LLM/GeminiLLMService.swift (in target 'PayslipMax' from project 'PayslipMax')
    cd /Users/sunil/Downloads/PayslipMax
    

SwiftDriverJobDiscovery normal arm64 Compiling PayslipAnonymizerProtocol.swift (in target 'PayslipMax' from project 'PayslipMax')

SwiftCompile normal arm64 Compiling\ PayslipAnonymizer.swift /Users/sunil/Downloads/PayslipMax/PayslipMax/Services/Processing/PayslipAnonymizer.swift (in target 'PayslipMax' from project 'PayslipMax')

SwiftCompile normal arm64 /Users/sunil/Downloads/PayslipMax/PayslipMax/Services/Processing/PayslipAnonymizer.swift (in target 'PayslipMax' from project 'PayslipMax')
    cd /Users/sunil/Downloads/PayslipMax
    

SwiftDriverJobDiscovery normal arm64 Compiling LLMModels.swift (in target 'PayslipMax' from project 'PayslipMax')


Test session results, code coverage, and logs:
	/Users/sunil/Library/Developer/Xcode/DerivedData/PayslipMax-hjysiekmgzmtrogwzfdzyahpkkxl/Logs/Test/Test-PayslipMax-2025.11.21_21-57-58-+0530.xcresult

Testing failed:
	Method cannot be declared open because its result uses an internal type
	Testing cancelled because the build failed.

** TEST FAILED **


The following build commands failed:
	SwiftCompile normal arm64 Compiling\ LLMPayslipParser.swift /Users/sunil/Downloads/PayslipMax/PayslipMax/Services/Processing/LLM/LLMPayslipParser.swift (in target 'PayslipMax' from project 'PayslipMax')
	SwiftCompile normal arm64 /Users/sunil/Downloads/PayslipMax/PayslipMax/Services/Processing/LLM/LLMPayslipParser.swift (in target 'PayslipMax' from project 'PayslipMax')
	Testing project PayslipMax with scheme PayslipMax
(3 failures)
